 ray

 Timestamp is 58df8ac7 (Sat Apr  1 19:11:03 2017)

 Preferred load address is 00400000

 Start         Length     Name                   Class
 0001:00000000 000001e0H .text$di                CODE
 0001:000001e0 00076c00H .text$mn                CODE
 0001:00076de0 00002620H .text$x                 CODE
 0001:00079400 000000d9H .text$yd                CODE
 0002:00000000 000006bcH .idata$5                DATA
 0002:000006bc 00000004H .00cfg                  DATA
 0002:000006c0 00000004H .CRT$XCA                DATA
 0002:000006c4 00000004H .CRT$XCAA               DATA
 0002:000006c8 00000004H .CRT$XCL                DATA
 0002:000006cc 0000002cH .CRT$XCU                DATA
 0002:000006f8 00000004H .CRT$XCZ                DATA
 0002:000006fc 00000004H .CRT$XIA                DATA
 0002:00000700 00000004H .CRT$XIAA               DATA
 0002:00000704 00000004H .CRT$XIAC               DATA
 0002:00000708 00000004H .CRT$XIC                DATA
 0002:0000070c 00000004H .CRT$XIZ                DATA
 0002:00000710 00000004H .CRT$XLA                DATA
 0002:00000714 00000004H .CRT$XLZ                DATA
 0002:00000718 00000004H .CRT$XPA                DATA
 0002:0000071c 00000004H .CRT$XPZ                DATA
 0002:00000720 00000004H .CRT$XTA                DATA
 0002:00000724 0000000cH .CRT$XTZ                DATA
 0002:00000730 00007e24H .rdata                  DATA
 0002:00008554 00000018H .rdata$T                DATA
 0002:0000856c 000024f8H .rdata$r                DATA
 0002:0000aa64 000003d4H .rdata$zzzdbg           DATA
 0002:0000ae38 00000004H .rtc$IAA                DATA
 0002:0000ae3c 00000004H .rtc$IZZ                DATA
 0002:0000ae40 00000004H .rtc$TAA                DATA
 0002:0000ae44 00000004H .rtc$TZZ                DATA
 0002:0000ae48 000026fcH .xdata$x                DATA
 0002:0000d544 00000000H .edata                  DATA
 0002:0000d544 000001b8H .idata$2                DATA
 0002:0000d6fc 00000014H .idata$3                DATA
 0002:0000d710 000006bcH .idata$4                DATA
 0002:0000ddcc 0000248cH .idata$6                DATA
 0003:00000000 00001ed4H .data                   DATA
 0003:00001ed4 00000e7cH .data$r                 DATA
 0003:00002d50 000055e0H .bss                    DATA
 0004:00000000 00000058H .gfids$y                DATA
 0005:00000000 00000004H .tls                    DATA
 0005:00000004 00000004H .tls$                   DATA
 0005:00000008 00000001H .tls$ZZZ                DATA
 0006:00000000 00000060H .rsrc$01                DATA
 0006:00000060 00000180H .rsrc$02                DATA

  Address         Publics by Value              Rva+Base       Lib:Object

 0000:00000000       ___dynamic_value_reloc_table 00000000     <absolute>
 0000:00000000       ___guard_iat_count         00000000     <absolute>
 0000:00000000       ___guard_iat_table         00000000     <absolute>
 0000:00000000       ___guard_longjmp_table     00000000     <absolute>
 0000:00000000       ___guard_fids_count        00000000     <absolute>
 0000:00000000       ___safe_se_handler_table   00000000     <absolute>
 0000:00000000       ___guard_longjmp_count     00000000     <absolute>
 0000:00000000       ___guard_fids_table        00000000     <absolute>
 0000:00000000       ___safe_se_handler_count   00000000     <absolute>
 0000:0000002c       __tls_array                0000002c     <absolute>
 0000:00000100       ___guard_flags             00000100     <absolute>
 0000:00000000       ___ImageBase               00400000     <linker-defined>
 0001:000001e0       ?GetOption@@YAHHPAPADPAD0@Z 004011e0 f   getopt.obj
 0001:000002c0       ?getopt@@YAHHPAPADPAD@Z    004012c0 f   getopt.obj
 0001:00000300       ??$__vcrt_va_start_verify_argument_type@QBD@@YAXXZ 00401300 f i main.obj
 0001:00000310       ??_H@YGXPAXIIP6EPAX0@Z@Z   00401310 f i main.obj
 0001:00000340       ?processArgs@@YA_NHPAPAD@Z 00401340 f   main.obj
 0001:00000430       ?usage@@YAXXZ              00401430 f   main.obj
 0001:00000450       ___local_stdio_printf_options 00401450 f i main.obj
 0001:00000460       _fprintf                   00401460 f i main.obj
 0001:00000490       _main                      00401490 f   main.obj
 0001:000006d0       ??$?0HVMaterial@@X$0A@@?$pair@$$CBHVMaterial@@@std@@QAE@$$QAU?$pair@HVMaterial@@@1@@Z 004016d0 f i RayTracer.obj
 0001:000007e0       ??$_Buynode@U?$pair@HVMaterial@@@std@@@?$_Tree_comp_alloc@V?$_Tmap_traits@HVMaterial@@U?$less@H@std@@V?$allocator@U?$pair@$$CBHVMaterial@@@std@@@3@$0A@@std@@@std@@QAEPAU?$_Tree_node@U?$pair@$$CBHVMaterial@@@std@@PAX@1@$$QAU?$pair@HVMaterial@@@1@@Z 004017e0 f i RayTracer.obj
 0001:00000810       ??$_Distance1@V?$_Tree_iterator@V?$_Tree_val@U?$_Tree_simple_types@U?$pair@$$CBHVMaterial@@@std@@@std@@@std@@@std@@@std@@YAHV?$_Tree_iterator@V?$_Tree_val@U?$_Tree_simple_types@U?$pair@$$CBHVMaterial@@@std@@@std@@@std@@@0@0Uinput_iterator_tag@0@@Z 00401810 f i RayTracer.obj
 0001:00000880       ??$_Eqrange@H@?$_Tree@V?$_Tmap_traits@HVMaterial@@U?$less@H@std@@V?$allocator@U?$pair@$$CBHVMaterial@@@std@@@3@$0A@@std@@@std@@IBE?AU?$pair@V?$_Tree_const_iterator@V?$_Tree_val@U?$_Tree_simple_types@U?$pair@$$CBHVMaterial@@@std@@@std@@@std@@@std@@V12@@1@ABH@Z 00401880 f i RayTracer.obj
 0001:00000900       ??$_Insert_at@AAU?$pair@$$CBHVMaterial@@@std@@PAU?$_Tree_node@U?$pair@$$CBHVMaterial@@@std@@PAX@2@@?$_Tree@V?$_Tmap_traits@HVMaterial@@U?$less@H@std@@V?$allocator@U?$pair@$$CBHVMaterial@@@std@@@3@$0A@@std@@@std@@IAE?AV?$_Tree_iterator@V?$_Tree_val@U?$_Tree_simple_types@U?$pair@$$CBHVMaterial@@@std@@@std@@@std@@@1@_NPAU?$_Tree_node@U?$pair@$$CBHVMaterial@@@std@@PAX@1@AAU?$pair@$$CBHVMaterial@@@1@1@Z 00401900 f i RayTracer.obj
 0001:00000aa0       ??$_Insert_nohint@AAU?$pair@$$CBHVMaterial@@@std@@PAU?$_Tree_node@U?$pair@$$CBHVMaterial@@@std@@PAX@2@@?$_Tree@V?$_Tmap_traits@HVMaterial@@U?$less@H@std@@V?$allocator@U?$pair@$$CBHVMaterial@@@std@@@3@$0A@@std@@@std@@IAE?AU?$pair@V?$_Tree_iterator@V?$_Tree_val@U?$_Tree_simple_types@U?$pair@$$CBHVMaterial@@@std@@@std@@@std@@@std@@_N@1@_NAAU?$pair@$$CBHVMaterial@@@1@PAU?$_Tree_node@U?$pair@$$CBHVMaterial@@@std@@PAX@1@@Z 00401aa0 f i RayTracer.obj
 0001:00000bd0       ??$insert@U?$pair@HVMaterial@@@std@@X@?$map@HVMaterial@@U?$less@H@std@@V?$allocator@U?$pair@$$CBHVMaterial@@@std@@@3@@std@@QAE?AU?$pair@V?$_Tree_iterator@V?$_Tree_val@U?$_Tree_simple_types@U?$pair@$$CBHVMaterial@@@std@@@std@@@std@@@std@@_N@1@$$QAU?$pair@HVMaterial@@@1@@Z 00401bd0 f i RayTracer.obj
 0001:00000c00       ??$make_pair@HABVMaterial@@@std@@YA?AU?$pair@HVMaterial@@@0@$$QAHABVMaterial@@@Z 00401c00 f i RayTracer.obj
 0001:00000d10       ??0RayTracer@@QAE@XZ       00401d10 f   RayTracer.obj
 0001:00000d70       ??0vec3f@@QAE@XZ           00401d70 f i RayTracer.obj
 0001:00000d80       ??1?$basic_string@DU?$char_traits@D@std@@V?$allocator@D@2@@std@@QAE@XZ 00401d80 f i RayTracer.obj
 0001:00000dc0       ??1ParseError@@QAE@XZ      00401dc0 f i RayTracer.obj
 0001:00000e00       ??1RayTracer@@QAE@XZ       00401e00 f   RayTracer.obj
 0001:00000e50       ??1isect@@QAE@XZ           00401e50 f i RayTracer.obj
 0001:00000e70       ??C?$reverse_iterator@V?$_Tree_iterator@V?$_Tree_val@U?$_Tree_simple_types@U?$pair@$$CBHVMaterial@@@std@@@std@@@std@@@std@@@std@@QBEPAU?$pair@$$CBHVMaterial@@@1@XZ 00401e70 f i RayTracer.obj
 0001:00000e90       ??E?$_Tree_unchecked_const_iterator@V?$_Tree_val@U?$_Tree_simple_types@U?$pair@$$CBHVMaterial@@@std@@@std@@@std@@U_Iterator_base0@2@@std@@QAEAAV01@XZ 00401e90 f i RayTracer.obj
 0001:00000ee0       ??F?$_Tree_unchecked_const_iterator@V?$_Tree_val@U?$_Tree_simple_types@U?$pair@$$CBHVMaterial@@@std@@@std@@@std@@U_Iterator_base0@2@@std@@QAEAAV01@XZ 00401ee0 f i RayTracer.obj
 0001:00000f40       ?SphereInverse@RayTracer@@QAE?AVvec3f@@ABVray@@AAVisect@@@Z 00401f40 f   RayTracer.obj
 0001:000010a0       ?_Buyheadnode@?$_Tree_comp_alloc@V?$_Tmap_traits@HVMaterial@@U?$less@H@std@@V?$allocator@U?$pair@$$CBHVMaterial@@@std@@@3@$0A@@std@@@std@@QAEPAU?$_Tree_node@U?$pair@$$CBHVMaterial@@@std@@PAX@2@XZ 004020a0 f i RayTracer.obj
 0001:000010e0       ?_Buynode0@?$_Tree_comp_alloc@V?$_Tmap_traits@HVMaterial@@U?$less@H@std@@V?$allocator@U?$pair@$$CBHVMaterial@@@std@@@3@$0A@@std@@@std@@QAEPAU?$_Tree_node@U?$pair@$$CBHVMaterial@@@std@@PAX@2@XZ 004020e0 f i RayTracer.obj
 0001:00001120       ?_Copy@?$basic_string@DU?$char_traits@D@std@@V?$allocator@D@2@@std@@QAEXII@Z 00402120 f i RayTracer.obj
 0001:000012d0       ?_Deallocate@std@@YAXPAXII@Z 004022d0 f i RayTracer.obj
 0001:00001340       ?_Erase@?$_Tree@V?$_Tmap_traits@HVMaterial@@U?$less@H@std@@V?$allocator@U?$pair@$$CBHVMaterial@@@std@@@3@$0A@@std@@@std@@IAEXPAU?$_Tree_node@U?$pair@$$CBHVMaterial@@@std@@PAX@2@@Z 00402340 f i RayTracer.obj
 0001:00001380       ?_Lrotate@?$_Tree@V?$_Tmap_traits@HVMaterial@@U?$less@H@std@@V?$allocator@U?$pair@$$CBHVMaterial@@@std@@@3@$0A@@std@@@std@@IAEXPAU?$_Tree_node@U?$pair@$$CBHVMaterial@@@std@@PAX@2@@Z 00402380 f i RayTracer.obj
 0001:000013e0       ?_Rrotate@?$_Tree@V?$_Tmap_traits@HVMaterial@@U?$less@H@std@@V?$allocator@U?$pair@$$CBHVMaterial@@@std@@@3@$0A@@std@@@std@@IAEXPAU?$_Tree_node@U?$pair@$$CBHVMaterial@@@std@@PAX@2@@Z 004023e0 f i RayTracer.obj
 0001:00001440       ?allocate@?$_Wrap_alloc@V?$allocator@D@std@@@std@@QAEPADI@Z 00402440 f i RayTracer.obj
 0001:000014a0       ?aspectRatio@RayTracer@@QAENXZ 004024a0 f   RayTracer.obj
 0001:000014e0       ?assign@?$basic_string@DU?$char_traits@D@std@@V?$allocator@D@2@@std@@QAEAAV12@ABV12@II@Z 004024e0 f i RayTracer.obj
 0001:00001600       ?assign@?$basic_string@DU?$char_traits@D@std@@V?$allocator@D@2@@std@@QAEAAV12@PBDI@Z 00402600 f i RayTracer.obj
 0001:00001700       ?clear@?$_Tree@V?$_Tmap_traits@HVMaterial@@U?$less@H@std@@V?$allocator@U?$pair@$$CBHVMaterial@@@std@@@3@$0A@@std@@@std@@QAEXXZ 00402700 f i RayTracer.obj
 0001:00001780       ?erase@?$_Tree@V?$_Tmap_traits@HVMaterial@@U?$less@H@std@@V?$allocator@U?$pair@$$CBHVMaterial@@@std@@@3@$0A@@std@@@std@@QAE?AV?$_Tree_iterator@V?$_Tree_val@U?$_Tree_simple_types@U?$pair@$$CBHVMaterial@@@std@@@std@@@std@@@2@V?$_Tree_const_iterator@V?$_Tree_val@U?$_Tree_simple_types@U?$pair@$$CBHVMaterial@@@std@@@std@@@std@@@2@0@Z 00402780 f i RayTracer.obj
 0001:00001820       ?erase@?$_Tree@V?$_Tmap_traits@HVMaterial@@U?$less@H@std@@V?$allocator@U?$pair@$$CBHVMaterial@@@std@@@3@$0A@@std@@@std@@QAE?AV?$_Tree_iterator@V?$_Tree_val@U?$_Tree_simple_types@U?$pair@$$CBHVMaterial@@@std@@@std@@@std@@@2@V?$_Tree_const_iterator@V?$_Tree_val@U?$_Tree_simple_types@U?$pair@$$CBHVMaterial@@@std@@@std@@@std@@@2@@Z 00402820 f i RayTracer.obj
 0001:00001aa0       ?erase@?$_Tree@V?$_Tmap_traits@HVMaterial@@U?$less@H@std@@V?$allocator@U?$pair@$$CBHVMaterial@@@std@@@3@$0A@@std@@@std@@QAEIABH@Z 00402aa0 f i RayTracer.obj
 0001:00001af0       ?erase@?$basic_string@DU?$char_traits@D@std@@V?$allocator@D@2@@std@@QAEAAV12@II@Z 00402af0 f i RayTracer.obj
 0001:00001b90       ?getBuffer@RayTracer@@QAEXAAPAEAAH1@Z 00402b90 f   RayTracer.obj
 0001:00001bb0       ?getFresnelCoeff@RayTracer@@QAENAAVisect@@ABVray@@@Z 00402bb0 f   RayTracer.obj
 0001:000020e0       ?getbackgroundColor@RayTracer@@QAE?AVvec3f@@NN@Z 004030e0 f   RayTracer.obj
 0001:000021c0       ?gettextureColor@RayTracer@@QAE?AVvec3f@@NN@Z 004031c0 f   RayTracer.obj
 0001:000022a0       ?loadScene@RayTracer@@QAE_NPAD@Z 004032a0 f   RayTracer.obj
 0001:000023f0       ?loadbackgroundImage@RayTracer@@QAEXPAD@Z 004033f0 f   RayTracer.obj
 0001:00002430       ?loadtextureMappingImage@RayTracer@@QAEXPAD@Z 00403430 f   RayTracer.obj
 0001:00002470       ?sceneLoaded@RayTracer@@QAE_NXZ 00403470 f   RayTracer.obj
 0001:00002480       ?trace@RayTracer@@QAE?AVvec3f@@PAVScene@@NN@Z 00403480 f   RayTracer.obj
 0001:00002570       ?traceLines@RayTracer@@QAEXHH@Z 00403570 f   RayTracer.obj
 0001:00002a20       ?tracePixel@RayTracer@@QAEXHH@Z 00403a20 f   RayTracer.obj
 0001:00002e20       ?traceRay@RayTracer@@QAE?AVvec3f@@PAVScene@@ABVray@@ABV2@H@Z 00403e20 f   RayTracer.obj
 0001:00003a00       ?traceSetup@RayTracer@@QAEXHH@Z 00404a00 f   RayTracer.obj
 0001:00003a60       ??0TraceGLWindow@@QAE@HHHHPBD@Z 00404a60 f   TraceGLWindow.obj
 0001:00003ae0       ??_GFl_Gl_Window@@UAEPAXI@Z 00404ae0 f i TraceGLWindow.obj
 0001:00003ae0       ??_EFl_Gl_Window@@UAEPAXI@Z 00404ae0 f i TraceGLWindow.obj
 0001:00003b10       ??_GTraceGLWindow@@UAEPAXI@Z 00404b10 f i TraceGLWindow.obj
 0001:00003b10       ??_ETraceGLWindow@@UAEPAXI@Z 00404b10 f i TraceGLWindow.obj
 0001:00003b40       ?as_gl_window@Fl_Gl_Window@@UAEPAV1@XZ 00404b40 f i TraceGLWindow.obj
 0001:00003b50       ?as_group@Fl_Group@@UAEPAV1@XZ 00404b50 f i TraceGLWindow.obj
 0001:00003b60       ?as_window@Fl_Window@@UAEPAV1@XZ 00404b60 f i TraceGLWindow.obj
 0001:00003b70       ?draw@TraceGLWindow@@UAEXXZ 00404b70 f   TraceGLWindow.obj
 0001:00003c50       ?handle@TraceGLWindow@@UAEHH@Z 00404c50 f   TraceGLWindow.obj
 0001:00003c60       ?refresh@TraceGLWindow@@QAEXXZ 00404c60 f   TraceGLWindow.obj
 0001:00003c70       ?resizeWindow@TraceGLWindow@@QAEXHH@Z 00404c70 f   TraceGLWindow.obj
 0001:00003ca0       ?saveImage@TraceGLWindow@@QAEXPAD@Z 00404ca0 f   TraceGLWindow.obj
 0001:00003cf0       ?setRayTracer@TraceGLWindow@@QAEXPAVRayTracer@@@Z 00404cf0 f   TraceGLWindow.obj
 0001:00003d00       ?cb_load_scene@TraceUI@@CAXPAVFl_Menu_@@PAX@Z 00404d00 f   TraceUI.obj
 0001:00003da0       ?cb_save_image@TraceUI@@CAXPAVFl_Menu_@@PAX@Z 00404da0 f   TraceUI.obj
 0001:00003de0       ?cb_load_background_image@TraceUI@@CAXPAVFl_Menu_@@PAX@Z 00404de0 f   TraceUI.obj
 0001:00003e20       ?cb_load_texture_image@TraceUI@@CAXPAVFl_Menu_@@PAX@Z 00404e20 f   TraceUI.obj
 0001:00003e60       ?cb_exit@TraceUI@@CAXPAVFl_Menu_@@PAX@Z 00404e60 f   TraceUI.obj
 0001:00003e90       ?cb_about@TraceUI@@CAXPAVFl_Menu_@@PAX@Z 00404e90 f   TraceUI.obj
 0001:00003ea0       ??0TraceUI@@QAE@XZ         00404ea0 f   TraceUI.obj
 0001:00004860       ?cb_ambientLightSlides@TraceUI@@CAXPAVFl_Widget@@PAX@Z 00405860 f   TraceUI.obj
 0001:00004880       ?cb_antialiasingSlides@TraceUI@@CAXPAVFl_Widget@@PAX@Z 00405880 f   TraceUI.obj
 0001:000048a0       ?cb_attenuationConstantSlides@TraceUI@@CAXPAVFl_Widget@@PAX@Z 004058a0 f   TraceUI.obj
 0001:000048c0       ?cb_attenuationLinearSlides@TraceUI@@CAXPAVFl_Widget@@PAX@Z 004058c0 f   TraceUI.obj
 0001:000048e0       ?cb_attenuationQuadraticSlides@TraceUI@@CAXPAVFl_Widget@@PAX@Z 004058e0 f   TraceUI.obj
 0001:00004900       ?cb_depthSlides@TraceUI@@CAXPAVFl_Widget@@PAX@Z 00405900 f   TraceUI.obj
 0001:00004920       ?cb_distanceSlides@TraceUI@@CAXPAVFl_Widget@@PAX@Z 00405920 f   TraceUI.obj
 0001:00004940       ?cb_exit2@TraceUI@@CAXPAVFl_Widget@@PAX@Z 00405940 f   TraceUI.obj
 0001:00004970       ?cb_fresnelSwitch@TraceUI@@CAXPAVFl_Widget@@PAX@Z 00405970 f   TraceUI.obj
 0001:00004990       ?cb_intensitySlides@TraceUI@@CAXPAVFl_Widget@@PAX@Z 00405990 f   TraceUI.obj
 0001:000049b0       ?cb_jitteringSwitch@TraceUI@@CAXPAVFl_Widget@@PAX@Z 004059b0 f   TraceUI.obj
 0001:000049d0       ?cb_render@TraceUI@@CAXPAVFl_Widget@@PAX@Z 004059d0 f   TraceUI.obj
 0001:00004be0       ?cb_sizeSlides@TraceUI@@CAXPAVFl_Widget@@PAX@Z 00405be0 f   TraceUI.obj
 0001:00004c30       ?cb_stop@TraceUI@@CAXPAVFl_Widget@@PAX@Z 00405c30 f   TraceUI.obj
 0001:00004c40       ?cb_textureMappingSwitch@TraceUI@@CAXPAVFl_Widget@@PAX@Z 00405c40 f   TraceUI.obj
 0001:00004c60       ?getAmbientLight@TraceUI@@QAENXZ 00405c60 f   TraceUI.obj
 0001:00004c70       ?getAntialiasingSize@TraceUI@@QAEHXZ 00405c70 f   TraceUI.obj
 0001:00004c80       ?getAttenuationConstant@TraceUI@@QAENXZ 00405c80 f   TraceUI.obj
 0001:00004c90       ?getAttenuationLinear@TraceUI@@QAENXZ 00405c90 f   TraceUI.obj
 0001:00004ca0       ?getAttenuationQuadratic@TraceUI@@QAENXZ 00405ca0 f   TraceUI.obj
 0001:00004cb0       ?getDepth@TraceUI@@QAEHXZ  00405cb0 f   TraceUI.obj
 0001:00004cc0       ?getDistance@TraceUI@@QAENXZ 00405cc0 f   TraceUI.obj
 0001:00004cd0       ?getIntensity@TraceUI@@QAEHXZ 00405cd0 f   TraceUI.obj
 0001:00004ce0       ?getSize@TraceUI@@QAEHXZ   00405ce0 f   TraceUI.obj
 0001:00004cf0       ?isEnableFresnel@TraceUI@@QAE_NXZ 00405cf0 f   TraceUI.obj
 0001:00004d00       ?isEnableJittering@TraceUI@@QAE_NXZ 00405d00 f   TraceUI.obj
 0001:00004d10       ?isEnableTextureMapping@TraceUI@@QAE_NXZ 00405d10 f   TraceUI.obj
 0001:00004d20       ?setRayTracer@TraceUI@@QAEXPAVRayTracer@@@Z 00405d20 f   TraceUI.obj
 0001:00004d40       ?show@TraceUI@@QAEXXZ      00405d40 f   TraceUI.obj
 0001:00004d50       ?whoami@TraceUI@@CAPAV1@PAVFl_Menu_@@@Z 00405d50 f   TraceUI.obj
 0001:00004d60       _sprintf                   00405d60 f i TraceUI.obj
 0001:00004da0       ?readBMP@@YAPAEPADAAH1@Z   00405da0 f   bitmap.obj
 0001:00004f10       ?writeBMP@@YAXPADHHPAE@Z   00405f10 f   bitmap.obj
 0001:000050a0       ??$?0U?$_Wrap_alloc@V?$allocator@U?$_Tree_node@U?$pair@$$CBV?$basic_string@DU?$char_traits@D@std@@V?$allocator@D@2@@std@@PAVObj@@@std@@PAX@std@@@std@@@std@@@?$_Tree@V?$_Tmap_traits@V?$basic_string@DU?$char_traits@D@std@@V?$allocator@D@2@@std@@PAVObj@@U?$less@V?$basic_string@DU?$char_traits@D@std@@V?$allocator@D@2@@std@@@2@V?$allocator@U?$pair@$$CBV?$basic_string@DU?$char_traits@D@std@@V?$allocator@D@2@@std@@PAVObj@@@std@@@2@$0A@@std@@@std@@QAE@ABV01@$$QAU?$_Wrap_alloc@V?$allocator@U?$_Tree_node@U?$pair@$$CBV?$basic_string@DU?$char_traits@D@std@@V?$allocator@D@2@@std@@PAVObj@@@std@@PAX@std@@@std@@@1@@Z 004060a0 f i parse.obj
 0001:00005130       ??$?6DU?$char_traits@D@std@@V?$allocator@D@1@@std@@YAAAV?$basic_ostream@DU?$char_traits@D@std@@@0@AAV10@ABV?$basic_string@DU?$char_traits@D@std@@V?$allocator@D@2@@0@@Z 00406130 f i parse.obj
 0001:00005330       ??$?6U?$char_traits@D@std@@@std@@YAAAV?$basic_ostream@DU?$char_traits@D@std@@@0@AAV10@D@Z 00406330 f i parse.obj
 0001:00005540       ??$?6U?$char_traits@D@std@@@std@@YAAAV?$basic_ostream@DU?$char_traits@D@std@@@0@AAV10@PBD@Z 00406540 f i parse.obj
 0001:00005780       ??$?8DU?$char_traits@D@std@@V?$allocator@D@1@@std@@YA_NABV?$basic_string@DU?$char_traits@D@std@@V?$allocator@D@2@@0@PBD@Z 00406780 f i parse.obj
 0001:000057f0       ??$?HDU?$char_traits@D@std@@V?$allocator@D@1@@std@@YA?AV?$basic_string@DU?$char_traits@D@std@@V?$allocator@D@2@@0@$$QAV10@0@Z 004067f0 f i parse.obj
 0001:00005860       ??$?HDU?$char_traits@D@std@@V?$allocator@D@1@@std@@YA?AV?$basic_string@DU?$char_traits@D@std@@V?$allocator@D@2@@0@$$QAV10@ABV10@@Z 00406860 f i parse.obj
 0001:000058a0       ??$_Buynode@AAU?$pair@$$CBV?$basic_string@DU?$char_traits@D@std@@V?$allocator@D@2@@std@@PAVObj@@@std@@@?$_Tree_comp_alloc@V?$_Tmap_traits@V?$basic_string@DU?$char_traits@D@std@@V?$allocator@D@2@@std@@PAVObj@@U?$less@V?$basic_string@DU?$char_traits@D@std@@V?$allocator@D@2@@std@@@2@V?$allocator@U?$pair@$$CBV?$basic_string@DU?$char_traits@D@std@@V?$allocator@D@2@@std@@PAVObj@@@std@@@2@$0A@@std@@@std@@QAEPAU?$_Tree_node@U?$pair@$$CBV?$basic_string@DU?$char_traits@D@std@@V?$allocator@D@2@@std@@PAVObj@@@std@@PAX@1@AAU?$pair@$$CBV?$basic_string@DU?$char_traits@D@std@@V?$allocator@D@2@@std@@PAVObj@@@1@@Z 004068a0 f i parse.obj
 0001:00005960       ??$_Buynode@ABUpiecewise_construct_t@std@@V?$tuple@ABV?$basic_string@DU?$char_traits@D@std@@V?$allocator@D@2@@std@@@2@V?$tuple@$$V@2@@?$_Tree_comp_alloc@V?$_Tmap_traits@V?$basic_string@DU?$char_traits@D@std@@V?$allocator@D@2@@std@@PAVObj@@U?$less@V?$basic_string@DU?$char_traits@D@std@@V?$allocator@D@2@@std@@@2@V?$allocator@U?$pair@$$CBV?$basic_string@DU?$char_traits@D@std@@V?$allocator@D@2@@std@@PAVObj@@@std@@@2@$0A@@std@@@std@@QAEPAU?$_Tree_node@U?$pair@$$CBV?$basic_string@DU?$char_traits@D@std@@V?$allocator@D@2@@std@@PAVObj@@@std@@PAX@1@ABUpiecewise_construct_t@1@$$QAV?$tuple@ABV?$basic_string@DU?$char_traits@D@std@@V?$allocator@D@2@@std@@@1@$$QAV?$tuple@$$V@1@@Z 00406960 f i parse.obj
 0001:00005a20       ??$_Copy@U_Copy_tag@?$_Tree@V?$_Tmap_traits@V?$basic_string@DU?$char_traits@D@std@@V?$allocator@D@2@@std@@PAVObj@@U?$less@V?$basic_string@DU?$char_traits@D@std@@V?$allocator@D@2@@std@@@2@V?$allocator@U?$pair@$$CBV?$basic_string@DU?$char_traits@D@std@@V?$allocator@D@2@@std@@PAVObj@@@std@@@2@$0A@@std@@@std@@@?$_Tree@V?$_Tmap_traits@V?$basic_string@DU?$char_traits@D@std@@V?$allocator@D@2@@std@@PAVObj@@U?$less@V?$basic_string@DU?$char_traits@D@std@@V?$allocator@D@2@@std@@@2@V?$allocator@U?$pair@$$CBV?$basic_string@DU?$char_traits@D@std@@V?$allocator@D@2@@std@@PAVObj@@@std@@@2@$0A@@std@@@std@@IAEXABV01@U_Copy_tag@01@@Z 00406a20 f i parse.obj
 0001:00005aa0       ??$_Copy_nodes@U_Copy_tag@?$_Tree@V?$_Tmap_traits@V?$basic_string@DU?$char_traits@D@std@@V?$allocator@D@2@@std@@PAVObj@@U?$less@V?$basic_string@DU?$char_traits@D@std@@V?$allocator@D@2@@std@@@2@V?$allocator@U?$pair@$$CBV?$basic_string@DU?$char_traits@D@std@@V?$allocator@D@2@@std@@PAVObj@@@std@@@2@$0A@@std@@@std@@@?$_Tree@V?$_Tmap_traits@V?$basic_string@DU?$char_traits@D@std@@V?$allocator@D@2@@std@@PAVObj@@U?$less@V?$basic_string@DU?$char_traits@D@std@@V?$allocator@D@2@@std@@@2@V?$allocator@U?$pair@$$CBV?$basic_string@DU?$char_traits@D@std@@V?$allocator@D@2@@std@@PAVObj@@@std@@@2@$0A@@std@@@std@@IAEPAU?$_Tree_node@U?$pair@$$CBV?$basic_string@DU?$char_traits@D@std@@V?$allocator@D@2@@std@@PAVObj@@@std@@PAX@1@PAU21@0U_Copy_tag@01@@Z 00406aa0 f i parse.obj
 0001:00005b60       ??$_Insert_at@AAU?$pair@$$CBV?$basic_string@DU?$char_traits@D@std@@V?$allocator@D@2@@std@@PAVObj@@@std@@PAU?$_Tree_node@U?$pair@$$CBV?$basic_string@DU?$char_traits@D@std@@V?$allocator@D@2@@std@@PAVObj@@@std@@PAX@2@@?$_Tree@V?$_Tmap_traits@V?$basic_string@DU?$char_traits@D@std@@V?$allocator@D@2@@std@@PAVObj@@U?$less@V?$basic_string@DU?$char_traits@D@std@@V?$allocator@D@2@@std@@@2@V?$allocator@U?$pair@$$CBV?$basic_string@DU?$char_traits@D@std@@V?$allocator@D@2@@std@@PAVObj@@@std@@@2@$0A@@std@@@std@@IAE?AV?$_Tree_iterator@V?$_Tree_val@U?$_Tree_simple_types@U?$pair@$$CBV?$basic_string@DU?$char_traits@D@std@@V?$allocator@D@2@@std@@PAVObj@@@std@@@std@@@std@@@1@_NPAU?$_Tree_node@U?$pair@$$CBV?$basic_string@DU?$char_traits@D@std@@V?$allocator@D@2@@std@@PAVObj@@@std@@PAX@1@AAU?$pair@$$CBV?$basic_string@DU?$char_traits@D@std@@V?$allocator@D@2@@std@@PAVObj@@@1@1@Z 00406b60 f i parse.obj
 0001:00005d30       ??$_Insert_hint@AAU?$pair@$$CBV?$basic_string@DU?$char_traits@D@std@@V?$allocator@D@2@@std@@PAVObj@@@std@@PAU?$_Tree_node@U?$pair@$$CBV?$basic_string@DU?$char_traits@D@std@@V?$allocator@D@2@@std@@PAVObj@@@std@@PAX@2@@?$_Tree@V?$_Tmap_traits@V?$basic_string@DU?$char_traits@D@std@@V?$allocator@D@2@@std@@PAVObj@@U?$less@V?$basic_string@DU?$char_traits@D@std@@V?$allocator@D@2@@std@@@2@V?$allocator@U?$pair@$$CBV?$basic_string@DU?$char_traits@D@std@@V?$allocator@D@2@@std@@PAVObj@@@std@@@2@$0A@@std@@@std@@IAE?AV?$_Tree_iterator@V?$_Tree_val@U?$_Tree_simple_types@U?$pair@$$CBV?$basic_string@DU?$char_traits@D@std@@V?$allocator@D@2@@std@@PAVObj@@@std@@@std@@@std@@@1@V?$_Tree_const_iterator@V?$_Tree_val@U?$_Tree_simple_types@U?$pair@$$CBV?$basic_string@DU?$char_traits@D@std@@V?$allocator@D@2@@std@@PAVObj@@@std@@@std@@@std@@@1@AAU?$pair@$$CBV?$basic_string@DU?$char_traits@D@std@@V?$allocator@D@2@@std@@PAVObj@@@1@PAU?$_Tree_node@U?$pair@$$CBV?$basic_string@DU?$char_traits@D@std@@V?$allocator@D@2@@std@@PAVObj@@@std@@PAX@1@@Z 00406d30 f i parse.obj
 0001:00005f90       ??$_Insert_nohint@AAU?$pair@$$CBV?$basic_string@DU?$char_traits@D@std@@V?$allocator@D@2@@std@@PAVObj@@@std@@PAU?$_Tree_node@U?$pair@$$CBV?$basic_string@DU?$char_traits@D@std@@V?$allocator@D@2@@std@@PAVObj@@@std@@PAX@2@@?$_Tree@V?$_Tmap_traits@V?$basic_string@DU?$char_traits@D@std@@V?$allocator@D@2@@std@@PAVObj@@U?$less@V?$basic_string@DU?$char_traits@D@std@@V?$allocator@D@2@@std@@@2@V?$allocator@U?$pair@$$CBV?$basic_string@DU?$char_traits@D@std@@V?$allocator@D@2@@std@@PAVObj@@@std@@@2@$0A@@std@@@std@@IAE?AU?$pair@V?$_Tree_iterator@V?$_Tree_val@U?$_Tree_simple_types@U?$pair@$$CBV?$basic_string@DU?$char_traits@D@std@@V?$allocator@D@2@@std@@PAVObj@@@std@@@std@@@std@@@std@@_N@1@_NAAU?$pair@$$CBV?$basic_string@DU?$char_traits@D@std@@V?$allocator@D@2@@std@@PAVObj@@@1@PAU?$_Tree_node@U?$pair@$$CBV?$basic_string@DU?$char_traits@D@std@@V?$allocator@D@2@@std@@PAVObj@@@std@@PAX@1@@Z 00406f90 f i parse.obj
 0001:00006200       ??$_Lbound@V?$basic_string@DU?$char_traits@D@std@@V?$allocator@D@2@@std@@@?$_Tree@V?$_Tmap_traits@V?$basic_string@DU?$char_traits@D@std@@V?$allocator@D@2@@std@@PAVObj@@U?$less@V?$basic_string@DU?$char_traits@D@std@@V?$allocator@D@2@@std@@@2@V?$allocator@U?$pair@$$CBV?$basic_string@DU?$char_traits@D@std@@V?$allocator@D@2@@std@@PAVObj@@@std@@@2@$0A@@std@@@std@@IBEPAU?$_Tree_node@U?$pair@$$CBV?$basic_string@DU?$char_traits@D@std@@V?$allocator@D@2@@std@@PAVObj@@@std@@PAX@1@ABV?$basic_string@DU?$char_traits@D@std@@V?$allocator@D@2@@1@@Z 00407200 f i parse.obj
 0001:000062e0       ??$_Try_emplace@ABV?$basic_string@DU?$char_traits@D@std@@V?$allocator@D@2@@std@@$$V@?$map@V?$basic_string@DU?$char_traits@D@std@@V?$allocator@D@2@@std@@PAVObj@@U?$less@V?$basic_string@DU?$char_traits@D@std@@V?$allocator@D@2@@std@@@2@V?$allocator@U?$pair@$$CBV?$basic_string@DU?$char_traits@D@std@@V?$allocator@D@2@@std@@PAVObj@@@std@@@2@@std@@QAE?AU?$pair@V?$_Tree_iterator@V?$_Tree_val@U?$_Tree_simple_types@U?$pair@$$CBV?$basic_string@DU?$char_traits@D@std@@V?$allocator@D@2@@std@@PAVObj@@@std@@@std@@@std@@@std@@_N@1@ABV?$basic_string@DU?$char_traits@D@std@@V?$allocator@D@2@@1@@Z 004072e0 f i parse.obj
 0001:00006390       ??0?$basic_string@DU?$char_traits@D@std@@V?$allocator@D@2@@std@@QAE@PBD@Z 00407390 f i parse.obj
 0001:000063f0       ??0?$vector@PAVObj@@V?$allocator@PAVObj@@@std@@@std@@QAE@ABV01@@Z 004073f0 f i parse.obj
 0001:00006480       ??0Exception@@QAE@ABV0@@Z  00407480 f i parse.obj
 0001:000064b0       ??0IdObj@@QAE@ABV?$basic_string@DU?$char_traits@D@std@@V?$allocator@D@2@@std@@@Z 004074b0 f i parse.obj
 0001:00006520       ??0NamedObj@@QAE@ABV?$basic_string@DU?$char_traits@D@std@@V?$allocator@D@2@@std@@PAVObj@@@Z 00407520 f i parse.obj
 0001:00006590       ??0ObjTypeMismatch@@QAE@ABV0@@Z 00407590 f i parse.obj
 0001:000065c0       ??0ObjTypeMismatch@@QAE@V?$basic_string@DU?$char_traits@D@std@@V?$allocator@D@2@@std@@0@Z 004075c0 f i parse.obj
 0001:00006870       ??0ParseError@@QAE@ABV0@@Z 00407870 f i parse.obj
 0001:000068a0       ??1?$_Tree_comp_alloc@V?$_Tmap_traits@V?$basic_string@DU?$char_traits@D@std@@V?$allocator@D@2@@std@@PAVObj@@U?$less@V?$basic_string@DU?$char_traits@D@std@@V?$allocator@D@2@@std@@@2@V?$allocator@U?$pair@$$CBV?$basic_string@DU?$char_traits@D@std@@V?$allocator@D@2@@std@@PAVObj@@@std@@@2@$0A@@std@@@std@@QAE@XZ 004078a0 f i parse.obj
 0001:000068b0       ??1?$map@V?$basic_string@DU?$char_traits@D@std@@V?$allocator@D@2@@std@@PAVObj@@U?$less@V?$basic_string@DU?$char_traits@D@std@@V?$allocator@D@2@@std@@@2@V?$allocator@U?$pair@$$CBV?$basic_string@DU?$char_traits@D@std@@V?$allocator@D@2@@std@@PAVObj@@@std@@@2@@std@@QAE@XZ 004078b0 f i parse.obj
 0001:00006910       ??1?$vector@PAVObj@@V?$allocator@PAVObj@@@std@@@std@@QAE@XZ 00407910 f i parse.obj
 0001:00006950       ??1BooleanObj@@UAE@XZ      00407950 f i parse.obj
 0001:00006960       ??1DictObj@@UAE@XZ         00407960 f i parse.obj
 0001:00006a30       ??1IdObj@@UAE@XZ           00407a30 f i parse.obj
 0001:00006a80       ??1NamedObj@@UAE@XZ        00407a80 f i parse.obj
 0001:00006ae0       ??1Obj@@UAE@XZ             00407ae0 f i parse.obj
 0001:00006af0       ??1ObjTypeMismatch@@QAE@XZ 00407af0 f i parse.obj
 0001:00006b30       ??1ScalarObj@@UAE@XZ       00407b30 f i parse.obj
 0001:00006b40       ??1StringObj@@UAE@XZ       00407b40 f i parse.obj
 0001:00006b90       ??1TupleObj@@UAE@XZ        00407b90 f i parse.obj
 0001:00006c40       ??1_Sentry_base@?$basic_ostream@DU?$char_traits@D@std@@@std@@QAE@XZ 00407c40 f i parse.obj
 0001:00006c90       ??1sentry@?$basic_ostream@DU?$char_traits@D@std@@@std@@QAE@XZ 00407c90 f i parse.obj
 0001:00006d00       ??3@YAXPAX0@Z              00407d00 f i parse.obj
 0001:00006d10       ??E?$_Tree_unchecked_const_iterator@V?$_Tree_val@U?$_Tree_simple_types@U?$pair@$$CBV?$basic_string@DU?$char_traits@D@std@@V?$allocator@D@2@@std@@PAVObj@@@std@@@std@@@std@@U_Iterator_base0@2@@std@@QAEAAV01@XZ 00407d10 f i parse.obj
 0001:00006d60       ??F?$_Tree_unchecked_const_iterator@V?$_Tree_val@U?$_Tree_simple_types@U?$pair@$$CBV?$basic_string@DU?$char_traits@D@std@@V?$allocator@D@2@@std@@PAVObj@@@std@@@std@@@std@@U_Iterator_base0@2@@std@@QAEAAV01@XZ 00407d60 f i parse.obj
 0001:00006dc0       ??R?$less@V?$basic_string@DU?$char_traits@D@std@@V?$allocator@D@2@@std@@@std@@QBE_NABV?$basic_string@DU?$char_traits@D@std@@V?$allocator@D@2@@1@0@Z 00407dc0 f i parse.obj
 0001:00006e20       ??_GBooleanObj@@UAEPAXI@Z  00407e20 f i parse.obj
 0001:00006e20       ??_EBooleanObj@@UAEPAXI@Z  00407e20 f i parse.obj
 0001:00006e50       ??_GDictObj@@UAEPAXI@Z     00407e50 f i parse.obj
 0001:00006e50       ??_EDictObj@@UAEPAXI@Z     00407e50 f i parse.obj
 0001:00006e80       ??_GIdObj@@UAEPAXI@Z       00407e80 f i parse.obj
 0001:00006e80       ??_EIdObj@@UAEPAXI@Z       00407e80 f i parse.obj
 0001:00006ee0       ??_GNamedObj@@UAEPAXI@Z    00407ee0 f i parse.obj
 0001:00006ee0       ??_ENamedObj@@UAEPAXI@Z    00407ee0 f i parse.obj
 0001:00006f10       ??_EObj@@UAEPAXI@Z         00407f10 f i parse.obj
 0001:00006f10       ??_GObj@@UAEPAXI@Z         00407f10 f i parse.obj
 0001:00006f40       ??_GScalarObj@@UAEPAXI@Z   00407f40 f i parse.obj
 0001:00006f40       ??_EScalarObj@@UAEPAXI@Z   00407f40 f i parse.obj
 0001:00006f70       ??_GStringObj@@UAEPAXI@Z   00407f70 f i parse.obj
 0001:00006f70       ??_EStringObj@@UAEPAXI@Z   00407f70 f i parse.obj
 0001:00006fd0       ??_ETupleObj@@UAEPAXI@Z    00407fd0 f i parse.obj
 0001:00006fd0       ??_GTupleObj@@UAEPAXI@Z    00407fd0 f i parse.obj
 0001:00007000       ?_Assign_rv@?$basic_string@DU?$char_traits@D@std@@V?$allocator@D@2@@std@@QAEX$$QAV12@@Z 00408000 f i parse.obj
 0001:00007070       ?_Buyheadnode@?$_Tree_comp_alloc@V?$_Tmap_traits@V?$basic_string@DU?$char_traits@D@std@@V?$allocator@D@2@@std@@PAVObj@@U?$less@V?$basic_string@DU?$char_traits@D@std@@V?$allocator@D@2@@std@@@2@V?$allocator@U?$pair@$$CBV?$basic_string@DU?$char_traits@D@std@@V?$allocator@D@2@@std@@PAVObj@@@std@@@2@$0A@@std@@@std@@QAEPAU?$_Tree_node@U?$pair@$$CBV?$basic_string@DU?$char_traits@D@std@@V?$allocator@D@2@@std@@PAVObj@@@std@@PAX@2@XZ 00408070 f i parse.obj
 0001:000070a0       ?_Buynode0@?$_Tree_comp_alloc@V?$_Tmap_traits@V?$basic_string@DU?$char_traits@D@std@@V?$allocator@D@2@@std@@PAVObj@@U?$less@V?$basic_string@DU?$char_traits@D@std@@V?$allocator@D@2@@std@@@2@V?$allocator@U?$pair@$$CBV?$basic_string@DU?$char_traits@D@std@@V?$allocator@D@2@@std@@PAVObj@@@std@@@2@$0A@@std@@@std@@QAEPAU?$_Tree_node@U?$pair@$$CBV?$basic_string@DU?$char_traits@D@std@@V?$allocator@D@2@@std@@PAVObj@@@std@@PAX@2@XZ 004080a0 f i parse.obj
 0001:000070e0       ?_Chassign@?$basic_string@DU?$char_traits@D@std@@V?$allocator@D@2@@std@@QAEXIID@Z 004080e0 f i parse.obj
 0001:00007130       ?_Destroy_if_not_nil@?$_Tree@V?$_Tmap_traits@V?$basic_string@DU?$char_traits@D@std@@V?$allocator@D@2@@std@@PAVObj@@U?$less@V?$basic_string@DU?$char_traits@D@std@@V?$allocator@D@2@@std@@@2@V?$allocator@U?$pair@$$CBV?$basic_string@DU?$char_traits@D@std@@V?$allocator@D@2@@std@@PAVObj@@@std@@@2@$0A@@std@@@std@@IAEXPAU?$_Tree_node@U?$pair@$$CBV?$basic_string@DU?$char_traits@D@std@@V?$allocator@D@2@@std@@PAVObj@@@std@@PAX@2@@Z 00408130 f i parse.obj
 0001:00007180       ?_Erase@?$_Tree@V?$_Tmap_traits@V?$basic_string@DU?$char_traits@D@std@@V?$allocator@D@2@@std@@PAVObj@@U?$less@V?$basic_string@DU?$char_traits@D@std@@V?$allocator@D@2@@std@@@2@V?$allocator@U?$pair@$$CBV?$basic_string@DU?$char_traits@D@std@@V?$allocator@D@2@@std@@PAVObj@@@std@@@2@$0A@@std@@@std@@IAEXPAU?$_Tree_node@U?$pair@$$CBV?$basic_string@DU?$char_traits@D@std@@V?$allocator@D@2@@std@@PAVObj@@@std@@PAX@2@@Z 00408180 f i parse.obj
 0001:00007230       ?_Lrotate@?$_Tree@V?$_Tmap_traits@V?$basic_string@DU?$char_traits@D@std@@V?$allocator@D@2@@std@@PAVObj@@U?$less@V?$basic_string@DU?$char_traits@D@std@@V?$allocator@D@2@@std@@@2@V?$allocator@U?$pair@$$CBV?$basic_string@DU?$char_traits@D@std@@V?$allocator@D@2@@std@@PAVObj@@@std@@@2@$0A@@std@@@std@@IAEXPAU?$_Tree_node@U?$pair@$$CBV?$basic_string@DU?$char_traits@D@std@@V?$allocator@D@2@@std@@PAVObj@@@std@@PAX@2@@Z 00408230 f i parse.obj
 0001:00007290       ?_Reallocate@?$vector@PAVObj@@V?$allocator@PAVObj@@@std@@@std@@IAEXI@Z 00408290 f i parse.obj
 0001:000072f0       ?_Reserve@?$vector@PAVObj@@V?$allocator@PAVObj@@@std@@@std@@IAEXI@Z 004082f0 f i parse.obj
 0001:00007360       ?_Rrotate@?$_Tree@V?$_Tmap_traits@V?$basic_string@DU?$char_traits@D@std@@V?$allocator@D@2@@std@@PAVObj@@U?$less@V?$basic_string@DU?$char_traits@D@std@@V?$allocator@D@2@@std@@@2@V?$allocator@U?$pair@$$CBV?$basic_string@DU?$char_traits@D@std@@V?$allocator@D@2@@std@@PAVObj@@@std@@@2@$0A@@std@@@std@@IAEXPAU?$_Tree_node@U?$pair@$$CBV?$basic_string@DU?$char_traits@D@std@@V?$allocator@D@2@@std@@PAVObj@@@std@@PAX@2@@Z 00408360 f i parse.obj
 0001:000073c0       ?allocate@?$allocator@PAVObj@@@std@@QAEPAPAVObj@@I@Z 004083c0 f i parse.obj
 0001:00007430       ?append@?$basic_string@DU?$char_traits@D@std@@V?$allocator@D@2@@std@@QAEAAV12@ABV12@II@Z 00408430 f i parse.obj
 0001:00007520       ?append@?$basic_string@DU?$char_traits@D@std@@V?$allocator@D@2@@std@@QAEAAV12@ID@Z 00408520 f i parse.obj
 0001:000075d0       ?compare@?$char_traits@D@std@@SAHPBD0I@Z 004085d0 f i parse.obj
 0001:00007880       ?erase@?$_Tree@V?$_Tmap_traits@V?$basic_string@DU?$char_traits@D@std@@V?$allocator@D@2@@std@@PAVObj@@U?$less@V?$basic_string@DU?$char_traits@D@std@@V?$allocator@D@2@@std@@@2@V?$allocator@U?$pair@$$CBV?$basic_string@DU?$char_traits@D@std@@V?$allocator@D@2@@std@@PAVObj@@@std@@@2@$0A@@std@@@std@@QAE?AV?$_Tree_iterator@V?$_Tree_val@U?$_Tree_simple_types@U?$pair@$$CBV?$basic_string@DU?$char_traits@D@std@@V?$allocator@D@2@@std@@PAVObj@@@std@@@std@@@std@@@2@V?$_Tree_const_iterator@V?$_Tree_val@U?$_Tree_simple_types@U?$pair@$$CBV?$basic_string@DU?$char_traits@D@std@@V?$allocator@D@2@@std@@PAVObj@@@std@@@std@@@std@@@2@0@Z 00408880 f i parse.obj
 0001:00007970       ?erase@?$_Tree@V?$_Tmap_traits@V?$basic_string@DU?$char_traits@D@std@@V?$allocator@D@2@@std@@PAVObj@@U?$less@V?$basic_string@DU?$char_traits@D@std@@V?$allocator@D@2@@std@@@2@V?$allocator@U?$pair@$$CBV?$basic_string@DU?$char_traits@D@std@@V?$allocator@D@2@@std@@PAVObj@@@std@@@2@$0A@@std@@@std@@QAE?AV?$_Tree_iterator@V?$_Tree_val@U?$_Tree_simple_types@U?$pair@$$CBV?$basic_string@DU?$char_traits@D@std@@V?$allocator@D@2@@std@@PAVObj@@@std@@@std@@@std@@@2@V?$_Tree_const_iterator@V?$_Tree_val@U?$_Tree_simple_types@U?$pair@$$CBV?$basic_string@DU?$char_traits@D@std@@V?$allocator@D@2@@std@@PAVObj@@@std@@@std@@@std@@@2@@Z 00408970 f i parse.obj
 0001:00007c60       ?getBoolean@BooleanObj@@UBE_NXZ 00408c60 f i parse.obj
 0001:00007c70       ?getBoolean@Obj@@UBE_NXZ   00408c70 f i parse.obj
 0001:00007d00       ?getChild@NamedObj@@UBEPAVObj@@XZ 00408d00 f i parse.obj
 0001:00007d10       ?getChild@Obj@@UBEPAV1@XZ  00408d10 f i parse.obj
 0001:00007da0       ?getDict@DictObj@@UBEABV?$map@V?$basic_string@DU?$char_traits@D@std@@V?$allocator@D@2@@std@@PAVObj@@U?$less@V?$basic_string@DU?$char_traits@D@std@@V?$allocator@D@2@@std@@@2@V?$allocator@U?$pair@$$CBV?$basic_string@DU?$char_traits@D@std@@V?$allocator@D@2@@std@@PAVObj@@@std@@@2@@std@@XZ 00408da0 f i parse.obj
 0001:00007db0       ?getDict@Obj@@UBEABV?$map@V?$basic_string@DU?$char_traits@D@std@@V?$allocator@D@2@@std@@PAVObj@@U?$less@V?$basic_string@DU?$char_traits@D@std@@V?$allocator@D@2@@std@@@2@V?$allocator@U?$pair@$$CBV?$basic_string@DU?$char_traits@D@std@@V?$allocator@D@2@@std@@PAVObj@@@std@@@2@@std@@XZ 00408db0 f i parse.obj
 0001:00007e40       ?getID@IdObj@@UBE?AV?$basic_string@DU?$char_traits@D@std@@V?$allocator@D@2@@std@@XZ 00408e40 f i parse.obj
 0001:00007e80       ?getID@Obj@@UBE?AV?$basic_string@DU?$char_traits@D@std@@V?$allocator@D@2@@std@@XZ 00408e80 f i parse.obj
 0001:00007f10       ?getName@NamedObj@@UBE?AV?$basic_string@DU?$char_traits@D@std@@V?$allocator@D@2@@std@@XZ 00408f10 f i parse.obj
 0001:00007f50       ?getName@Obj@@UBE?AV?$basic_string@DU?$char_traits@D@std@@V?$allocator@D@2@@std@@XZ 00408f50 f i parse.obj
 0001:00007fe0       ?getScalar@Obj@@UBENXZ     00408fe0 f i parse.obj
 0001:00008070       ?getScalar@ScalarObj@@UBENXZ 00409070 f i parse.obj
 0001:00008080       ?getString@Obj@@UBE?AV?$basic_string@DU?$char_traits@D@std@@V?$allocator@D@2@@std@@XZ 00409080 f i parse.obj
 0001:00008110       ?getString@StringObj@@UBE?AV?$basic_string@DU?$char_traits@D@std@@V?$allocator@D@2@@std@@XZ 00409110 f i parse.obj
 0001:00008150       ?getTuple@Obj@@UBEABV?$vector@PAVObj@@V?$allocator@PAVObj@@@std@@@std@@XZ 00409150 f i parse.obj
 0001:000081e0       ?getTuple@TupleObj@@UBEABV?$vector@PAVObj@@V?$allocator@PAVObj@@@std@@@std@@XZ 004091e0 f i parse.obj
 0001:000081f0       ?getTypeName@BooleanObj@@UBE?AV?$basic_string@DU?$char_traits@D@std@@V?$allocator@D@2@@std@@XZ 004091f0 f i parse.obj
 0001:00008230       ?getTypeName@DictObj@@UBE?AV?$basic_string@DU?$char_traits@D@std@@V?$allocator@D@2@@std@@XZ 00409230 f i parse.obj
 0001:00008270       ?getTypeName@IdObj@@UBE?AV?$basic_string@DU?$char_traits@D@std@@V?$allocator@D@2@@std@@XZ 00409270 f i parse.obj
 0001:000082b0       ?getTypeName@NamedObj@@UBE?AV?$basic_string@DU?$char_traits@D@std@@V?$allocator@D@2@@std@@XZ 004092b0 f i parse.obj
 0001:000082f0       ?getTypeName@Obj@@UBE?AV?$basic_string@DU?$char_traits@D@std@@V?$allocator@D@2@@std@@XZ 004092f0 f i parse.obj
 0001:00008330       ?getTypeName@ScalarObj@@UBE?AV?$basic_string@DU?$char_traits@D@std@@V?$allocator@D@2@@std@@XZ 00409330 f i parse.obj
 0001:00008370       ?getTypeName@StringObj@@UBE?AV?$basic_string@DU?$char_traits@D@std@@V?$allocator@D@2@@std@@XZ 00409370 f i parse.obj
 0001:000083b0       ?getTypeName@TupleObj@@UBE?AV?$basic_string@DU?$char_traits@D@std@@V?$allocator@D@2@@std@@XZ 004093b0 f i parse.obj
 0001:000083f0       ?insert@?$basic_string@DU?$char_traits@D@std@@V?$allocator@D@2@@std@@QAEAAV12@IABV12@II@Z 004093f0 f i parse.obj
 0001:00008580       ?printOn@BooleanObj@@UBEXAAV?$basic_ostream@DU?$char_traits@D@std@@@std@@@Z 00409580 f i parse.obj
 0001:000085b0       ?printOn@DictObj@@UBEXAAV?$basic_ostream@DU?$char_traits@D@std@@@std@@@Z 004095b0 f i parse.obj
 0001:00008680       ?printOn@IdObj@@UBEXAAV?$basic_ostream@DU?$char_traits@D@std@@@std@@@Z 00409680 f i parse.obj
 0001:000086a0       ?printOn@NamedObj@@UBEXAAV?$basic_ostream@DU?$char_traits@D@std@@@std@@@Z 004096a0 f i parse.obj
 0001:000086d0       ?printOn@Obj@@UBEXAAV?$basic_ostream@DU?$char_traits@D@std@@@std@@@Z 004096d0 f i parse.obj
 0001:000086e0       ?printOn@ScalarObj@@UBEXAAV?$basic_ostream@DU?$char_traits@D@std@@@std@@@Z 004096e0 f i parse.obj
 0001:00008700       ?printOn@StringObj@@UBEXAAV?$basic_ostream@DU?$char_traits@D@std@@@std@@@Z 00409700 f i parse.obj
 0001:00008730       ?printOn@TupleObj@@UBEXAAV?$basic_ostream@DU?$char_traits@D@std@@@std@@@Z 00409730 f i parse.obj
 0001:00008af0       ?readFile@@YAPAVObj@@AAV?$basic_istream@DU?$char_traits@D@std@@@std@@@Z 00409af0 f   parse.obj
 0001:00009370       ??$?HDU?$char_traits@D@std@@V?$allocator@D@1@@std@@YA?AV?$basic_string@DU?$char_traits@D@std@@V?$allocator@D@2@@0@$$QAV10@PBD@Z 0040a370 f i read.obj
 0001:000093d0       ??$_Buynode@ABQAVGeometry@@@?$_List_buy@PAVGeometry@@V?$allocator@PAVGeometry@@@std@@@std@@QAEPAU?$_List_node@PAVGeometry@@PAX@1@PAU21@0ABQAVGeometry@@@Z 0040a3d0 f i read.obj
 0001:000093f0       ??$_Buynode@ABQAVLight@@@?$_List_buy@PAVLight@@V?$allocator@PAVLight@@@std@@@std@@QAEPAU?$_List_node@PAVLight@@PAX@1@PAU21@0ABQAVLight@@@Z 0040a3f0 f i read.obj
 0001:00009410       ??$_Buynode@ABQAVTransformNode@@@?$_List_buy@PAVTransformNode@@V?$allocator@PAVTransformNode@@@std@@@std@@QAEPAU?$_List_node@PAVTransformNode@@PAX@1@PAU21@0ABQAVTransformNode@@@Z 0040a410 f i read.obj
 0001:00009430       ??$_Buynode@ABUpiecewise_construct_t@std@@V?$tuple@ABV?$basic_string@DU?$char_traits@D@std@@V?$allocator@D@2@@std@@@2@V?$tuple@$$V@2@@?$_Tree_comp_alloc@V?$_Tmap_traits@V?$basic_string@DU?$char_traits@D@std@@V?$allocator@D@2@@std@@PAVMaterial@@U?$less@V?$basic_string@DU?$char_traits@D@std@@V?$allocator@D@2@@std@@@2@V?$allocator@U?$pair@$$CBV?$basic_string@DU?$char_traits@D@std@@V?$allocator@D@2@@std@@PAVMaterial@@@std@@@2@$0A@@std@@@std@@QAEPAU?$_Tree_node@U?$pair@$$CBV?$basic_string@DU?$char_traits@D@std@@V?$allocator@D@2@@std@@PAVMaterial@@@std@@PAX@1@ABUpiecewise_construct_t@1@$$QAV?$tuple@ABV?$basic_string@DU?$char_traits@D@std@@V?$allocator@D@2@@std@@@1@$$QAV?$tuple@$$V@1@@Z 0040a430 f i read.obj
 0001:000094f0       ??$_Insert_at@AAU?$pair@$$CBV?$basic_string@DU?$char_traits@D@std@@V?$allocator@D@2@@std@@PAVMaterial@@@std@@PAU?$_Tree_node@U?$pair@$$CBV?$basic_string@DU?$char_traits@D@std@@V?$allocator@D@2@@std@@PAVMaterial@@@std@@PAX@2@@?$_Tree@V?$_Tmap_traits@V?$basic_string@DU?$char_traits@D@std@@V?$allocator@D@2@@std@@PAVMaterial@@U?$less@V?$basic_string@DU?$char_traits@D@std@@V?$allocator@D@2@@std@@@2@V?$allocator@U?$pair@$$CBV?$basic_string@DU?$char_traits@D@std@@V?$allocator@D@2@@std@@PAVMaterial@@@std@@@2@$0A@@std@@@std@@IAE?AV?$_Tree_iterator@V?$_Tree_val@U?$_Tree_simple_types@U?$pair@$$CBV?$basic_string@DU?$char_traits@D@std@@V?$allocator@D@2@@std@@PAVMaterial@@@std@@@std@@@std@@@1@_NPAU?$_Tree_node@U?$pair@$$CBV?$basic_string@DU?$char_traits@D@std@@V?$allocator@D@2@@std@@PAVMaterial@@@std@@PAX@1@AAU?$pair@$$CBV?$basic_string@DU?$char_traits@D@std@@V?$allocator@D@2@@std@@PAVMaterial@@@1@1@Z 0040a4f0 f i read.obj
 0001:000096c0       ??$_Insert_hint@AAU?$pair@$$CBV?$basic_string@DU?$char_traits@D@std@@V?$allocator@D@2@@std@@PAVMaterial@@@std@@PAU?$_Tree_node@U?$pair@$$CBV?$basic_string@DU?$char_traits@D@std@@V?$allocator@D@2@@std@@PAVMaterial@@@std@@PAX@2@@?$_Tree@V?$_Tmap_traits@V?$basic_string@DU?$char_traits@D@std@@V?$allocator@D@2@@std@@PAVMaterial@@U?$less@V?$basic_string@DU?$char_traits@D@std@@V?$allocator@D@2@@std@@@2@V?$allocator@U?$pair@$$CBV?$basic_string@DU?$char_traits@D@std@@V?$allocator@D@2@@std@@PAVMaterial@@@std@@@2@$0A@@std@@@std@@IAE?AV?$_Tree_iterator@V?$_Tree_val@U?$_Tree_simple_types@U?$pair@$$CBV?$basic_string@DU?$char_traits@D@std@@V?$allocator@D@2@@std@@PAVMaterial@@@std@@@std@@@std@@@1@V?$_Tree_const_iterator@V?$_Tree_val@U?$_Tree_simple_types@U?$pair@$$CBV?$basic_string@DU?$char_traits@D@std@@V?$allocator@D@2@@std@@PAVMaterial@@@std@@@std@@@std@@@1@AAU?$pair@$$CBV?$basic_string@DU?$char_traits@D@std@@V?$allocator@D@2@@std@@PAVMaterial@@@1@PAU?$_Tree_node@U?$pair@$$CBV?$basic_string@DU?$char_traits@D@std@@V?$allocator@D@2@@std@@PAVMaterial@@@std@@PAX@1@@Z 0040a6c0 f i read.obj
 0001:00009920       ??$_Insert_nohint@AAU?$pair@$$CBV?$basic_string@DU?$char_traits@D@std@@V?$allocator@D@2@@std@@PAVMaterial@@@std@@PAU?$_Tree_node@U?$pair@$$CBV?$basic_string@DU?$char_traits@D@std@@V?$allocator@D@2@@std@@PAVMaterial@@@std@@PAX@2@@?$_Tree@V?$_Tmap_traits@V?$basic_string@DU?$char_traits@D@std@@V?$allocator@D@2@@std@@PAVMaterial@@U?$less@V?$basic_string@DU?$char_traits@D@std@@V?$allocator@D@2@@std@@@2@V?$allocator@U?$pair@$$CBV?$basic_string@DU?$char_traits@D@std@@V?$allocator@D@2@@std@@PAVMaterial@@@std@@@2@$0A@@std@@@std@@IAE?AU?$pair@V?$_Tree_iterator@V?$_Tree_val@U?$_Tree_simple_types@U?$pair@$$CBV?$basic_string@DU?$char_traits@D@std@@V?$allocator@D@2@@std@@PAVMaterial@@@std@@@std@@@std@@@std@@_N@1@_NAAU?$pair@$$CBV?$basic_string@DU?$char_traits@D@std@@V?$allocator@D@2@@std@@PAVMaterial@@@1@PAU?$_Tree_node@U?$pair@$$CBV?$basic_string@DU?$char_traits@D@std@@V?$allocator@D@2@@std@@PAVMaterial@@@std@@PAX@1@@Z 0040a920 f i read.obj
 0001:00009b90       ??$_Lbound@V?$basic_string@DU?$char_traits@D@std@@V?$allocator@D@2@@std@@@?$_Tree@V?$_Tmap_traits@V?$basic_string@DU?$char_traits@D@std@@V?$allocator@D@2@@std@@PAVMaterial@@U?$less@V?$basic_string@DU?$char_traits@D@std@@V?$allocator@D@2@@std@@@2@V?$allocator@U?$pair@$$CBV?$basic_string@DU?$char_traits@D@std@@V?$allocator@D@2@@std@@PAVMaterial@@@std@@@2@$0A@@std@@@std@@IBEPAU?$_Tree_node@U?$pair@$$CBV?$basic_string@DU?$char_traits@D@std@@V?$allocator@D@2@@std@@PAVMaterial@@@std@@PAX@1@ABV?$basic_string@DU?$char_traits@D@std@@V?$allocator@D@2@@1@@Z 0040ab90 f i read.obj
 0001:00009c70       ??$_Try_emplace@ABV?$basic_string@DU?$char_traits@D@std@@V?$allocator@D@2@@std@@$$V@?$map@V?$basic_string@DU?$char_traits@D@std@@V?$allocator@D@2@@std@@PAVMaterial@@U?$less@V?$basic_string@DU?$char_traits@D@std@@V?$allocator@D@2@@std@@@2@V?$allocator@U?$pair@$$CBV?$basic_string@DU?$char_traits@D@std@@V?$allocator@D@2@@std@@PAVMaterial@@@std@@@2@@std@@QAE?AU?$pair@V?$_Tree_iterator@V?$_Tree_val@U?$_Tree_simple_types@U?$pair@$$CBV?$basic_string@DU?$char_traits@D@std@@V?$allocator@D@2@@std@@PAVMaterial@@@std@@@std@@@std@@@std@@_N@1@ABV?$basic_string@DU?$char_traits@D@std@@V?$allocator@D@2@@1@@Z 0040ac70 f i read.obj
 0001:00009d20       ??$endl@DU?$char_traits@D@std@@@std@@YAAAV?$basic_ostream@DU?$char_traits@D@std@@@0@AAV10@@Z 0040ad20 f i read.obj
 0001:00009d50       ??$ends@DU?$char_traits@D@std@@@std@@YAAAV?$basic_ostream@DU?$char_traits@D@std@@@0@AAV10@@Z 0040ad50 f i read.obj
 0001:00009d70       ??$use_facet@V?$codecvt@DDU_Mbstatet@@@std@@@std@@YAABV?$codecvt@DDU_Mbstatet@@@0@ABVlocale@0@@Z 0040ad70 f i read.obj
 0001:00009e70       ??0?$basic_ifstream@DU?$char_traits@D@std@@@std@@QAE@PBDHH@Z 0040ae70 f i read.obj
 0001:00009f80       ??0?$basic_string@DU?$char_traits@D@std@@V?$allocator@D@2@@std@@QAE@ABV01@@Z 0040af80 f i read.obj
 0001:00009fb0       ??0?$fpos@U_Mbstatet@@@std@@QAE@U_Mbstatet@@_J@Z 0040afb0 f i read.obj
 0001:00009fe0       ??0Scene@@QAE@XZ           0040afe0 f i read.obj
 0001:0000a190       ??0SpotLight@@QAE@PAVScene@@ABVvec3f@@1H1@Z 0040b190 f i read.obj
 0001:0000a220       ??0TransformNode@@IAE@PAV0@ABVmat4f@@@Z 0040b220 f i read.obj
 0001:0000a620       ??0bad_cast@std@@QAE@ABV01@@Z 0040b620 f i read.obj
 0001:0000a660       ??0exception@std@@QAE@ABV01@@Z 0040b660 f i read.obj
 0001:0000a690       ??0mat4f@@QAE@ABVvec4f@@000@Z 0040b690 f i read.obj
 0001:0000a760       ??0ostrstream@std@@QAE@XZ  0040b760 f i read.obj
 0001:0000a850       ??0vec4f@@QAE@XZ           0040b850 f i read.obj
 0001:0000a860       ??1?$basic_filebuf@DU?$char_traits@D@std@@@std@@UAE@XZ 0040b860 f i read.obj
 0001:0000a8e0       ??1?$basic_ifstream@DU?$char_traits@D@std@@@std@@UAE@XZ 0040b8e0 f i read.obj
 0001:0000a990       ??1?$list@PAVGeometry@@V?$allocator@PAVGeometry@@@std@@@std@@QAE@XZ 0040b990 f i read.obj
 0001:0000a9e0       ??1?$list@PAVLight@@V?$allocator@PAVLight@@@std@@@std@@QAE@XZ 0040b9e0 f i read.obj
 0001:0000aa30       ??1?$list@PAVTransformNode@@V?$allocator@PAVTransformNode@@@std@@@std@@QAE@XZ 0040ba30 f i read.obj
 0001:0000aa80       ??1?$map@V?$basic_string@DU?$char_traits@D@std@@V?$allocator@D@2@@std@@PAVMaterial@@U?$less@V?$basic_string@DU?$char_traits@D@std@@V?$allocator@D@2@@std@@@2@V?$allocator@U?$pair@$$CBV?$basic_string@DU?$char_traits@D@std@@V?$allocator@D@2@@std@@PAVMaterial@@@std@@@2@@std@@QAE@XZ 0040ba80 f i read.obj
 0001:0000aae0       ??1MaterialSceneObject@@UAE@XZ 0040bae0 f i read.obj
 0001:0000ab10       ??1SceneElement@@UAE@XZ    0040bb10 f i read.obj
 0001:0000ab20       ??1TransformNode@@QAE@XZ   0040bb20 f i read.obj
 0001:0000abb0       ??1TransformRoot@@QAE@XZ   0040bbb0 f i read.obj
 0001:0000abc0       ??1bad_cast@std@@UAE@XZ    0040bbc0 f i read.obj
 0001:0000abe0       ??1exception@std@@UAE@XZ   0040bbe0 f i read.obj
 0001:0000ac00       ??1locale@std@@QAE@XZ      0040bc00 f i read.obj
 0001:0000ac50       ??1ostrstream@std@@UAE@XZ  0040bc50 f i read.obj
 0001:0000acf0       ??1strstreambuf@std@@UAE@XZ 0040bcf0 f i read.obj
 0001:0000ad60       ??4?$basic_string@DU?$char_traits@D@std@@V?$allocator@D@2@@std@@QAEAAV01@$$QAV01@@Z 0040bd60 f i read.obj
 0001:0000ade0       ??6@YAAAV?$basic_ostream@DU?$char_traits@D@std@@@std@@AAV01@ABVException@@@Z 0040bde0 f i read.obj
 0001:0000ae60       ??D@YA?AVmat4f@@ABV0@0@Z   0040be60 f i read.obj
 0001:0000b310       ??E?$_Tree_unchecked_const_iterator@V?$_Tree_val@U?$_Tree_simple_types@U?$pair@$$CBV?$basic_string@DU?$char_traits@D@std@@V?$allocator@D@2@@std@@PAVMaterial@@@std@@@std@@@std@@U_Iterator_base0@2@@std@@QAEAAV01@XZ 0040c310 f i read.obj
 0001:0000b360       ??F?$_Tree_unchecked_const_iterator@V?$_Tree_val@U?$_Tree_simple_types@U?$pair@$$CBV?$basic_string@DU?$char_traits@D@std@@V?$allocator@D@2@@std@@PAVMaterial@@@std@@@std@@@std@@U_Iterator_base0@2@@std@@QAEAAV01@XZ 0040c360 f i read.obj
 0001:0000b3c0       ??_D?$basic_ifstream@DU?$char_traits@D@std@@@std@@QAEXXZ 0040c3c0 f i read.obj
 0001:0000b3e0       ??_Dostrstream@std@@QAEXXZ 0040c3e0 f i read.obj
 0001:0000b3f4       ??_E?$basic_ifstream@DU?$char_traits@D@std@@@std@@$4PPPPPPPM@A@AEPAXI@Z 0040c3f4 f i read.obj
 0001:0000b3fc       ??_Eostrstream@std@@$4PPPPPPPM@A@AEPAXI@Z 0040c3fc f i read.obj
 0001:0000b410       ??_E?$basic_filebuf@DU?$char_traits@D@std@@@std@@UAEPAXI@Z 0040c410 f i read.obj
 0001:0000b410       ??_G?$basic_filebuf@DU?$char_traits@D@std@@@std@@UAEPAXI@Z 0040c410 f i read.obj
 0001:0000b4b0       ??_E?$basic_ifstream@DU?$char_traits@D@std@@@std@@UAEPAXI@Z 0040c4b0 f i read.obj
 0001:0000b4b0       ??_G?$basic_ifstream@DU?$char_traits@D@std@@@std@@UAEPAXI@Z 0040c4b0 f i read.obj
 0001:0000b4f0       ??_EBox@@UAEPAXI@Z         0040c4f0 f i read.obj
 0001:0000b4f0       ??_GBox@@UAEPAXI@Z         0040c4f0 f i read.obj
 0001:0000b530       ??_ECone@@UAEPAXI@Z        0040c530 f i read.obj
 0001:0000b530       ??_GCone@@UAEPAXI@Z        0040c530 f i read.obj
 0001:0000b580       ??_GCylinder@@UAEPAXI@Z    0040c580 f i read.obj
 0001:0000b580       ??_ECylinder@@UAEPAXI@Z    0040c580 f i read.obj
 0001:0000b5c0       ??_EDirectionalLight@@UAEPAXI@Z 0040c5c0 f i read.obj
 0001:0000b5c0       ??_GDirectionalLight@@UAEPAXI@Z 0040c5c0 f i read.obj
 0001:0000b5f0       ??_GGeometry@@UAEPAXI@Z    0040c5f0 f i read.obj
 0001:0000b5f0       ??_EGeometry@@UAEPAXI@Z    0040c5f0 f i read.obj
 0001:0000b620       ??_ELight@@UAEPAXI@Z       0040c620 f i read.obj
 0001:0000b620       ??_GLight@@UAEPAXI@Z       0040c620 f i read.obj
 0001:0000b650       ??_GMaterialSceneObject@@UAEPAXI@Z 0040c650 f i read.obj
 0001:0000b650       ??_EMaterialSceneObject@@UAEPAXI@Z 0040c650 f i read.obj
 0001:0000b690       ??_GPointLight@@UAEPAXI@Z  0040c690 f i read.obj
 0001:0000b690       ??_EPointLight@@UAEPAXI@Z  0040c690 f i read.obj
 0001:0000b6c0       ??_GScene@@UAEPAXI@Z       0040c6c0 f i read.obj
 0001:0000b6c0       ??_EScene@@UAEPAXI@Z       0040c6c0 f i read.obj
 0001:0000b6f0       ??_ESceneElement@@UAEPAXI@Z 0040c6f0 f i read.obj
 0001:0000b6f0       ??_GSceneElement@@UAEPAXI@Z 0040c6f0 f i read.obj
 0001:0000b720       ??_GSceneObject@@UAEPAXI@Z 0040c720 f i read.obj
 0001:0000b720       ??_ESceneObject@@UAEPAXI@Z 0040c720 f i read.obj
 0001:0000b750       ??_ESphere@@UAEPAXI@Z      0040c750 f i read.obj
 0001:0000b750       ??_GSphere@@UAEPAXI@Z      0040c750 f i read.obj
 0001:0000b790       ??_GSpotLight@@UAEPAXI@Z   0040c790 f i read.obj
 0001:0000b790       ??_ESpotLight@@UAEPAXI@Z   0040c790 f i read.obj
 0001:0000b7c0       ??_GSquare@@UAEPAXI@Z      0040c7c0 f i read.obj
 0001:0000b7c0       ??_ESquare@@UAEPAXI@Z      0040c7c0 f i read.obj
 0001:0000b800       ??_ETrimesh@@UAEPAXI@Z     0040c800 f i read.obj
 0001:0000b800       ??_GTrimesh@@UAEPAXI@Z     0040c800 f i read.obj
 0001:0000b830       ??_Ebad_cast@std@@UAEPAXI@Z 0040c830 f i read.obj
 0001:0000b830       ??_Gbad_cast@std@@UAEPAXI@Z 0040c830 f i read.obj
 0001:0000b870       ??_Eexception@std@@UAEPAXI@Z 0040c870 f i read.obj
 0001:0000b870       ??_Gexception@std@@UAEPAXI@Z 0040c870 f i read.obj
 0001:0000b8b0       ??_Eostrstream@std@@UAEPAXI@Z 0040c8b0 f i read.obj
 0001:0000b8b0       ??_Gostrstream@std@@UAEPAXI@Z 0040c8b0 f i read.obj
 0001:0000b8f0       ??_Gstrstreambuf@std@@UAEPAXI@Z 0040c8f0 f i read.obj
 0001:0000b8f0       ??_Estrstreambuf@std@@UAEPAXI@Z 0040c8f0 f i read.obj
 0001:0000b980       ?ComputeBoundingBox@Geometry@@UAEXXZ 0040c980 f i read.obj
 0001:0000bfc0       ?ComputeLocalBoundingBox@Box@@UAE?AVBoundingBox@@XZ 0040cfc0 f i read.obj
 0001:0000c000       ?ComputeLocalBoundingBox@Cone@@UAE?AVBoundingBox@@XZ 0040d000 f i read.obj
 0001:0000c060       ?ComputeLocalBoundingBox@Cylinder@@UAE?AVBoundingBox@@XZ 0040d060 f i read.obj
 0001:0000c0a0       ?ComputeLocalBoundingBox@Geometry@@UAE?AVBoundingBox@@XZ 0040d0a0 f i read.obj
 0001:0000c0d0       ?ComputeLocalBoundingBox@Sphere@@UAE?AVBoundingBox@@XZ 0040d0d0 f i read.obj
 0001:0000c110       ?ComputeLocalBoundingBox@Square@@UAE?AVBoundingBox@@XZ 0040d110 f i read.obj
 0001:0000c160       ?_Buyheadnode@?$_Tree_comp_alloc@V?$_Tmap_traits@V?$basic_string@DU?$char_traits@D@std@@V?$allocator@D@2@@std@@PAVMaterial@@U?$less@V?$basic_string@DU?$char_traits@D@std@@V?$allocator@D@2@@std@@@2@V?$allocator@U?$pair@$$CBV?$basic_string@DU?$char_traits@D@std@@V?$allocator@D@2@@std@@PAVMaterial@@@std@@@2@$0A@@std@@@std@@QAEPAU?$_Tree_node@U?$pair@$$CBV?$basic_string@DU?$char_traits@D@std@@V?$allocator@D@2@@std@@PAVMaterial@@@std@@PAX@2@XZ 0040d160 f i read.obj
 0001:0000c190       ?_Buynode0@?$_List_alloc@U?$_List_base_types@PAVGeometry@@V?$allocator@PAVGeometry@@@std@@@std@@@std@@QAEPAU?$_List_node@PAVGeometry@@PAX@2@PAU32@0@Z 0040d190 f i read.obj
 0001:0000c1d0       ?_Buynode0@?$_List_alloc@U?$_List_base_types@PAVLight@@V?$allocator@PAVLight@@@std@@@std@@@std@@QAEPAU?$_List_node@PAVLight@@PAX@2@PAU32@0@Z 0040d1d0 f i read.obj
 0001:0000c210       ?_Buynode0@?$_List_alloc@U?$_List_base_types@PAVTransformNode@@V?$allocator@PAVTransformNode@@@std@@@std@@@std@@QAEPAU?$_List_node@PAVTransformNode@@PAX@2@PAU32@0@Z 0040d210 f i read.obj
 0001:0000c250       ?_Buynode0@?$_Tree_comp_alloc@V?$_Tmap_traits@V?$basic_string@DU?$char_traits@D@std@@V?$allocator@D@2@@std@@PAVMaterial@@U?$less@V?$basic_string@DU?$char_traits@D@std@@V?$allocator@D@2@@std@@@2@V?$allocator@U?$pair@$$CBV?$basic_string@DU?$char_traits@D@std@@V?$allocator@D@2@@std@@PAVMaterial@@@std@@@2@$0A@@std@@@std@@QAEPAU?$_Tree_node@U?$pair@$$CBV?$basic_string@DU?$char_traits@D@std@@V?$allocator@D@2@@std@@PAVMaterial@@@std@@PAX@2@XZ 0040d250 f i read.obj
 0001:0000c290       ?_Destroy_if_not_nil@?$_Tree@V?$_Tmap_traits@V?$basic_string@DU?$char_traits@D@std@@V?$allocator@D@2@@std@@PAVMaterial@@U?$less@V?$basic_string@DU?$char_traits@D@std@@V?$allocator@D@2@@std@@@2@V?$allocator@U?$pair@$$CBV?$basic_string@DU?$char_traits@D@std@@V?$allocator@D@2@@std@@PAVMaterial@@@std@@@2@$0A@@std@@@std@@IAEXPAU?$_Tree_node@U?$pair@$$CBV?$basic_string@DU?$char_traits@D@std@@V?$allocator@D@2@@std@@PAVMaterial@@@std@@PAX@2@@Z 0040d290 f i read.obj
 0001:0000c2e0       ?_Endwrite@?$basic_filebuf@DU?$char_traits@D@std@@@std@@IAE_NXZ 0040d2e0 f i read.obj
 0001:0000c450       ?_Erase@?$_Tree@V?$_Tmap_traits@V?$basic_string@DU?$char_traits@D@std@@V?$allocator@D@2@@std@@PAVMaterial@@U?$less@V?$basic_string@DU?$char_traits@D@std@@V?$allocator@D@2@@std@@@2@V?$allocator@U?$pair@$$CBV?$basic_string@DU?$char_traits@D@std@@V?$allocator@D@2@@std@@PAVMaterial@@@std@@@2@$0A@@std@@@std@@IAEXPAU?$_Tree_node@U?$pair@$$CBV?$basic_string@DU?$char_traits@D@std@@V?$allocator@D@2@@std@@PAVMaterial@@@std@@PAX@2@@Z 0040d450 f i read.obj
 0001:0000c500       ?_Init@?$basic_filebuf@DU?$char_traits@D@std@@@std@@IAEXPAU_iobuf@@W4_Initfl@12@@Z 0040d500 f i read.obj
 0001:0000c590       ?_Lock@?$basic_filebuf@DU?$char_traits@D@std@@@std@@UAEXXZ 0040d590 f i read.obj
 0001:0000c5a0       ?_Lrotate@?$_Tree@V?$_Tmap_traits@V?$basic_string@DU?$char_traits@D@std@@V?$allocator@D@2@@std@@PAVMaterial@@U?$less@V?$basic_string@DU?$char_traits@D@std@@V?$allocator@D@2@@std@@@2@V?$allocator@U?$pair@$$CBV?$basic_string@DU?$char_traits@D@std@@V?$allocator@D@2@@std@@PAVMaterial@@@std@@@2@$0A@@std@@@std@@IAEXPAU?$_Tree_node@U?$pair@$$CBV?$basic_string@DU?$char_traits@D@std@@V?$allocator@D@2@@std@@PAVMaterial@@@std@@PAX@2@@Z 0040d5a0 f i read.obj
 0001:0000c600       ?_Reset_back@?$basic_filebuf@DU?$char_traits@D@std@@@std@@AAEXXZ 0040d600 f i read.obj
 0001:0000c630       ?_Rrotate@?$_Tree@V?$_Tmap_traits@V?$basic_string@DU?$char_traits@D@std@@V?$allocator@D@2@@std@@PAVMaterial@@U?$less@V?$basic_string@DU?$char_traits@D@std@@V?$allocator@D@2@@std@@@2@V?$allocator@U?$pair@$$CBV?$basic_string@DU?$char_traits@D@std@@V?$allocator@D@2@@std@@PAVMaterial@@@std@@@2@$0A@@std@@@std@@IAEXPAU?$_Tree_node@U?$pair@$$CBV?$basic_string@DU?$char_traits@D@std@@V?$allocator@D@2@@std@@PAVMaterial@@@std@@PAX@2@@Z 0040d630 f i read.obj
 0001:0000c690       ?_Set_back@?$basic_filebuf@DU?$char_traits@D@std@@@std@@AAEXXZ 0040d690 f i read.obj
 0001:0000c6d0       ?_Unlock@?$basic_filebuf@DU?$char_traits@D@std@@@std@@UAEXXZ 0040d6d0 f i read.obj
 0001:0000c6e0       ?add@Scene@@QAEXPAVGeometry@@@Z 0040d6e0 f i read.obj
 0001:0000c740       ?add@Scene@@QAEXPAVLight@@@Z 0040d740 f i read.obj
 0001:0000c790       ?append@?$basic_string@DU?$char_traits@D@std@@V?$allocator@D@2@@std@@QAEAAV12@PBDI@Z 0040d790 f i read.obj
 0001:0000c8b0       ?close@?$basic_filebuf@DU?$char_traits@D@std@@@std@@QAEPAV12@XZ 0040d8b0 f i read.obj
 0001:0000c920       ?createChild@TransformNode@@QAEPAV1@ABVmat4f@@@Z 0040d920 f i read.obj
 0001:0000c9e0       ?erase@?$_Tree@V?$_Tmap_traits@V?$basic_string@DU?$char_traits@D@std@@V?$allocator@D@2@@std@@PAVMaterial@@U?$less@V?$basic_string@DU?$char_traits@D@std@@V?$allocator@D@2@@std@@@2@V?$allocator@U?$pair@$$CBV?$basic_string@DU?$char_traits@D@std@@V?$allocator@D@2@@std@@PAVMaterial@@@std@@@2@$0A@@std@@@std@@QAE?AV?$_Tree_iterator@V?$_Tree_val@U?$_Tree_simple_types@U?$pair@$$CBV?$basic_string@DU?$char_traits@D@std@@V?$allocator@D@2@@std@@PAVMaterial@@@std@@@std@@@std@@@2@V?$_Tree_const_iterator@V?$_Tree_val@U?$_Tree_simple_types@U?$pair@$$CBV?$basic_string@DU?$char_traits@D@std@@V?$allocator@D@2@@std@@PAVMaterial@@@std@@@std@@@std@@@2@0@Z 0040d9e0 f i read.obj
 0001:0000cad0       ?erase@?$_Tree@V?$_Tmap_traits@V?$basic_string@DU?$char_traits@D@std@@V?$allocator@D@2@@std@@PAVMaterial@@U?$less@V?$basic_string@DU?$char_traits@D@std@@V?$allocator@D@2@@std@@@2@V?$allocator@U?$pair@$$CBV?$basic_string@DU?$char_traits@D@std@@V?$allocator@D@2@@std@@PAVMaterial@@@std@@@2@$0A@@std@@@std@@QAE?AV?$_Tree_iterator@V?$_Tree_val@U?$_Tree_simple_types@U?$pair@$$CBV?$basic_string@DU?$char_traits@D@std@@V?$allocator@D@2@@std@@PAVMaterial@@@std@@@std@@@std@@@2@V?$_Tree_const_iterator@V?$_Tree_val@U?$_Tree_simple_types@U?$pair@$$CBV?$basic_string@DU?$char_traits@D@std@@V?$allocator@D@2@@std@@PAVMaterial@@@std@@@std@@@std@@@2@@Z 0040dad0 f i read.obj
 0001:0000cdc0       ?find@?$_Tree@V?$_Tmap_traits@V?$basic_string@DU?$char_traits@D@std@@V?$allocator@D@2@@std@@PAVMaterial@@U?$less@V?$basic_string@DU?$char_traits@D@std@@V?$allocator@D@2@@std@@@2@V?$allocator@U?$pair@$$CBV?$basic_string@DU?$char_traits@D@std@@V?$allocator@D@2@@std@@PAVMaterial@@@std@@@2@$0A@@std@@@std@@QBE?AV?$_Tree_const_iterator@V?$_Tree_val@U?$_Tree_simple_types@U?$pair@$$CBV?$basic_string@DU?$char_traits@D@std@@V?$allocator@D@2@@std@@PAVMaterial@@@std@@@std@@@std@@@2@ABV?$basic_string@DU?$char_traits@D@std@@V?$allocator@D@2@@2@@Z 0040ddc0 f i read.obj
 0001:0000ce50       ?find@?$_Tree@V?$_Tmap_traits@V?$basic_string@DU?$char_traits@D@std@@V?$allocator@D@2@@std@@PAVObj@@U?$less@V?$basic_string@DU?$char_traits@D@std@@V?$allocator@D@2@@std@@@2@V?$allocator@U?$pair@$$CBV?$basic_string@DU?$char_traits@D@std@@V?$allocator@D@2@@std@@PAVObj@@@std@@@2@$0A@@std@@@std@@QBE?AV?$_Tree_const_iterator@V?$_Tree_val@U?$_Tree_simple_types@U?$pair@$$CBV?$basic_string@DU?$char_traits@D@std@@V?$allocator@D@2@@std@@PAVObj@@@std@@@std@@@std@@@2@ABV?$basic_string@DU?$char_traits@D@std@@V?$allocator@D@2@@2@@Z 0040de50 f i read.obj
 0001:0000d320       ?getMaterial@MaterialSceneObject@@UBEABVMaterial@@XZ 0040e320 f i read.obj
 0001:0000d330       ?getMsg@Exception@@QBE?AV?$basic_string@DU?$char_traits@D@std@@V?$allocator@D@2@@std@@XZ 0040e330 f i read.obj
 0001:0000d370       ?getOrder@MaterialSceneObject@@UBEHXZ 0040e370 f i read.obj
 0001:0000d380       ?giveOrder@Scene@@QAEXPAVSceneObject@@@Z 0040e380 f i read.obj
 0001:0000d3a0       ?hasBoundingBoxCapability@Box@@UBE_NXZ 0040e3a0 f i read.obj
 0001:0000d3b0       ?hasBoundingBoxCapability@Cone@@UBE_NXZ 0040e3b0 f i read.obj
 0001:0000d3c0       ?hasBoundingBoxCapability@Cylinder@@UBE_NXZ 0040e3c0 f i read.obj
 0001:0000d3d0       ?hasBoundingBoxCapability@Sphere@@UBE_NXZ 0040e3d0 f i read.obj
 0001:0000d3e0       ?hasBoundingBoxCapability@Square@@UBE_NXZ 0040e3e0 f i read.obj
 0001:0000d3f0       ?hasInterior@MaterialSceneObject@@UBE_NXZ 0040e3f0 f i read.obj
 0001:0000d400       ?imbue@?$basic_filebuf@DU?$char_traits@D@std@@@std@@MAEXABVlocale@2@@Z 0040e400 f i read.obj
 0001:0000d500       ?open@?$basic_filebuf@DU?$char_traits@D@std@@@std@@QAEPAV12@PBDHH@Z 0040e500 f i read.obj
 0001:0000d5e0       ?overflow@?$basic_filebuf@DU?$char_traits@D@std@@@std@@MAEHH@Z 0040e5e0 f i read.obj
 0001:0000d7f0       ?overflow@strstreambuf@std@@MAEHH@Z 0040e7f0 f i read.obj
 0001:0000d9a0       ?pbackfail@?$basic_filebuf@DU?$char_traits@D@std@@@std@@MAEHH@Z 0040e9a0 f i read.obj
 0001:0000da30       ?pbackfail@strstreambuf@std@@MAEHH@Z 0040ea30 f i read.obj
 0001:00010b30       ?readScene@@YAPAVScene@@AAV?$basic_istream@DU?$char_traits@D@std@@@std@@@Z 00411b30 f   read.obj
 0001:00010dd0       ?readScene@@YAPAVScene@@ABV?$basic_string@DU?$char_traits@D@std@@V?$allocator@D@2@@std@@@Z 00411dd0 f   read.obj
 0001:00010f00       ?rotate@mat4f@@SA?AV1@ABVvec3f@@N@Z 00411f00 f i read.obj
 0001:00011100       ?seekoff@?$basic_filebuf@DU?$char_traits@D@std@@@std@@MAE?AV?$fpos@U_Mbstatet@@@2@_JHH@Z 00412100 f i read.obj
 0001:00011200       ?seekoff@strstreambuf@std@@MAE?AV?$fpos@U_Mbstatet@@@2@_JHH@Z 00412200 f i read.obj
 0001:00011360       ?seekpos@?$basic_filebuf@DU?$char_traits@D@std@@@std@@MAE?AV?$fpos@U_Mbstatet@@@2@V32@H@Z 00412360 f i read.obj
 0001:00011440       ?seekpos@strstreambuf@std@@MAE?AV?$fpos@U_Mbstatet@@@2@V32@H@Z 00412440 f i read.obj
 0001:00011530       ?setMaterial@MaterialSceneObject@@UAEXPAVMaterial@@@Z 00412530 f i read.obj
 0001:00011540       ?setOrder@MaterialSceneObject@@UAEXH@Z 00412540 f i read.obj
 0001:00011550       ?setbuf@?$basic_filebuf@DU?$char_traits@D@std@@@std@@MAEPAV?$basic_streambuf@DU?$char_traits@D@std@@@2@PAD_J@Z 00412550 f i read.obj
 0001:000115a0       ?str@ostrstream@std@@QAEPADXZ 004125a0 f i read.obj
 0001:000115e0       ?sync@?$basic_filebuf@DU?$char_traits@D@std@@@std@@MAEHXZ 004125e0 f i read.obj
 0001:00011680       ?uflow@?$basic_filebuf@DU?$char_traits@D@std@@@std@@MAEHXZ 00412680 f i read.obj
 0001:00011880       ?underflow@?$basic_filebuf@DU?$char_traits@D@std@@@std@@MAEHXZ 00412880 f i read.obj
 0001:000118c0       ?underflow@strstreambuf@std@@MAEHXZ 004128c0 f i read.obj
 0001:00011a90       ?what@exception@std@@UBEPBDXZ 00412a90 f i read.obj
 0001:00011b40       ?inverse@mat3f@@QBE?AV1@XZ 00412b40 f   vecmath.obj
 0001:00011f40       ?inverse@mat4f@@QBE?AV1@XZ 00412f40 f   vecmath.obj
 0001:000123a0       ??0Camera@@QAE@XZ          004133a0 f   camera.obj
 0001:00012440       ?getnx@Camera@@QAENXZ      00413440 f   camera.obj
 0001:00012450       ?getny@Camera@@QAENXZ      00413450 f   camera.obj
 0001:00012460       ?rayThrough@Camera@@QAEXNNAAVray@@@Z 00413460 f   camera.obj
 0001:00012590       ?setAspectRatio@Camera@@QAEXN@Z 00413590 f   camera.obj
 0001:00012730       ?setEye@Camera@@QAEXABVvec3f@@@Z 00413730 f   camera.obj
 0001:00012760       ?setFOV@Camera@@QAEXN@Z    00413760 f   camera.obj
 0001:00012920       ?setLook@Camera@@QAEXABVvec3f@@0@Z 00413920 f   camera.obj
 0001:00012b60       ?setLook@Camera@@QAEXNNNN@Z 00413b60 f   camera.obj
 0001:00012e00       ?update@Camera@@AAEXXZ     00413e00 f   camera.obj
 0001:00012f90       ?distanceAttenuation@DirectionalLight@@UBENABVvec3f@@@Z 00413f90 f   light.obj
 0001:00012fa0       ?distanceAttenuation@PointLight@@UBENABVvec3f@@@Z 00413fa0 f   light.obj
 0001:00013060       ?distanceAttenuation@SpotLight@@UBENABVvec3f@@@Z 00414060 f   light.obj
 0001:00013120       ?getColor@DirectionalLight@@UBE?AVvec3f@@ABV2@@Z 00414120 f   light.obj
 0001:00013140       ?getColor@PointLight@@UBE?AVvec3f@@ABV2@@Z 00414140 f   light.obj
 0001:00013160       ?getColor@SpotLight@@UBE?AVvec3f@@ABV2@@Z 00414160 f   light.obj
 0001:00013180       ?getDirection@DirectionalLight@@UBE?AVvec3f@@ABV2@@Z 00414180 f   light.obj
 0001:000131b0       ?getDirection@PointLight@@UBE?AVvec3f@@ABV2@@Z 004141b0 f   light.obj
 0001:00013240       ?getDirection@SpotLight@@UBE?AVvec3f@@ABV2@@Z 00414240 f   light.obj
 0001:000132d0       ?shadowAttenuation@DirectionalLight@@UBE?AVvec3f@@ABV2@@Z 004142d0 f   light.obj
 0001:00013520       ?shadowAttenuation@PointLight@@UBE?AVvec3f@@ABV2@@Z 00414520 f   light.obj
 0001:00013860       ?shadowAttenuation@SpotLight@@UBE?AVvec3f@@ABV2@@Z 00414860 f   light.obj
 0001:00013d10       ?shade@Material@@UBE?AVvec3f@@PAVScene@@ABVray@@ABVisect@@@Z 00414d10 f   material.obj
 0001:000142e0       ?getMaterial@isect@@QBEABVMaterial@@XZ 004152e0 f   ray.obj
 0001:000142f0       ??0Material@@QAE@ABV0@@Z   004152f0 f i scene.obj
 0001:000143f0       ??1Scene@@UAE@XZ           004153f0 f   scene.obj
 0001:000145d0       ??4BoundingBox@@QAEXABV0@@Z 004155d0 f   scene.obj
 0001:00014620       ??4Material@@QAEAAV0@ABV0@@Z 00415620 f i scene.obj
 0001:00014720       ??4isect@@QAEAAV0@ABV0@@Z  00415720 f i scene.obj
 0001:000147c0       ?hasBoundingBoxCapability@Geometry@@UBE_NXZ 004157c0 f   scene.obj
 0001:000147d0       ?initScene@Scene@@QAEXXZ   004157d0 f   scene.obj
 0001:000149a0       ?intersect@BoundingBox@@QBE_NABVray@@AAN1@Z 004159a0 f   scene.obj
 0001:00014ab0       ?intersect@Geometry@@UBE_NABVray@@AAVisect@@@Z 00415ab0 f   scene.obj
 0001:00014e00       ?intersect@Scene@@QBE_NABVray@@AAVisect@@@Z 00415e00 f   scene.obj
 0001:00015190       ?intersectLocal@Geometry@@UBE_NABVray@@AAVisect@@@Z 00416190 f   scene.obj
 0001:000151a0       ?intersects@BoundingBox@@QBE_NABV1@@Z 004161a0 f   scene.obj
 0001:00015230       ?intersects@BoundingBox@@QBE_NABVvec3f@@@Z 00416230 f   scene.obj
 0001:000152b0       ?intersectLocal@Box@@UBE_NABVray@@AAVisect@@@Z 004162b0 f   Box.obj
 0001:00015560       ?intersectQuadrilaterals@@YANNNNNABVray@@@Z 00416560 f   Box.obj
 0001:000155d0       ?intersectionParallel@@YA_NNNNNABVray@@@Z 004165d0 f   Box.obj
 0001:00015620       ?intersectBody@Cone@@QBE_NABVray@@AAVisect@@@Z 00416620 f   Cone.obj
 0001:00015970       ?intersectCaps@Cone@@QBE_NABVray@@AAVisect@@@Z 00416970 f   Cone.obj
 0001:00015b10       ?intersectLocal@Cone@@UBE_NABVray@@AAVisect@@@Z 00416b10 f   Cone.obj
 0001:00015be0       ?intersectBody@Cylinder@@QBE_NABVray@@AAVisect@@@Z 00416be0 f   Cylinder.obj
 0001:00015ec0       ?intersectCaps@Cylinder@@QBE_NABVray@@AAVisect@@@Z 00416ec0 f   Cylinder.obj
 0001:00016020       ?intersectLocal@Cylinder@@UBE_NABVray@@AAVisect@@@Z 00417020 f   Cylinder.obj
 0001:000160f0       ?intersectLocal@Sphere@@UBE_NABVray@@AAVisect@@@Z 004170f0 f   Sphere.obj
 0001:000162e0       ?intersectLocal@Square@@UBE_NABVray@@AAVisect@@@Z 004172e0 f   Square.obj
 0001:000163b0       ??$_Uninitialized_default_fill_n1@PAVvec3f@@IV?$allocator@Vvec3f@@@std@@@std@@YAXPAVvec3f@@IAAU?$_Wrap_alloc@V?$allocator@Vvec3f@@@std@@@0@U?$integral_constant@_N$0A@@0@@Z 004173b0 f i trimesh.obj
 0001:000163e0       ??$_Uninitialized_move_al_unchecked1@PAVvec3f@@PAV1@V?$allocator@Vvec3f@@@std@@@std@@YAPAVvec3f@@PAV1@00AAU?$_Wrap_alloc@V?$allocator@Vvec3f@@@std@@@0@U_General_ptr_iterator_tag@0@U_Any_tag@0@@Z 004173e0 f i trimesh.obj
 0001:00016420       ??1Trimesh@@UAE@XZ         00417420 f   trimesh.obj
 0001:00016680       ??D@YA?AVMaterial@@NV0@@Z  00417680 f i trimesh.obj
 0001:00016820       ??YMaterial@@QAEAAV0@ABV0@@Z 00417820 f i trimesh.obj
 0001:00016990       ??_GTrimeshFace@@UAEPAXI@Z 00417990 f i trimesh.obj
 0001:00016990       ??_ETrimeshFace@@UAEPAXI@Z 00417990 f i trimesh.obj
 0001:000169d0       ?ComputeLocalBoundingBox@TrimeshFace@@UAE?AVBoundingBox@@XZ 004179d0 f i trimesh.obj
 0001:00016af0       ?_Reallocate@?$vector@PAVMaterial@@V?$allocator@PAVMaterial@@@std@@@std@@IAEXI@Z 00417af0 f i trimesh.obj
 0001:00016b50       ?_Reallocate@?$vector@PAVTrimeshFace@@V?$allocator@PAVTrimeshFace@@@std@@@std@@IAEXI@Z 00417b50 f i trimesh.obj
 0001:00016bb0       ?_Reallocate@?$vector@Vvec3f@@V?$allocator@Vvec3f@@@std@@@std@@IAEXI@Z 00417bb0 f i trimesh.obj
 0001:00016c90       ?_Reserve@?$vector@PAVMaterial@@V?$allocator@PAVMaterial@@@std@@@std@@IAEXI@Z 00417c90 f i trimesh.obj
 0001:00016d00       ?_Reserve@?$vector@PAVTrimeshFace@@V?$allocator@PAVTrimeshFace@@@std@@@std@@IAEXI@Z 00417d00 f i trimesh.obj
 0001:00016d70       ?_Reserve@?$vector@Vvec3f@@V?$allocator@Vvec3f@@@std@@@std@@IAEXI@Z 00417d70 f i trimesh.obj
 0001:00016e10       ?_Tidy@?$vector@Vvec3f@@V?$allocator@Vvec3f@@@std@@@std@@IAEXXZ 00417e10 f i trimesh.obj
 0001:00016e60       ?addFace@Trimesh@@QAE_NHHH@Z 00417e60 f   trimesh.obj
 0001:00016f80       ?addMaterial@Trimesh@@QAEXPAVMaterial@@@Z 00417f80 f   trimesh.obj
 0001:00016fa0       ?addNormal@Trimesh@@QAEXABVvec3f@@@Z 00417fa0 f   trimesh.obj
 0001:00016fb0       ?addVertex@Trimesh@@QAEXABVvec3f@@@Z 00417fb0 f   trimesh.obj
 0001:00016fc0       ?allocate@?$allocator@PAVMaterial@@@std@@QAEPAPAVMaterial@@I@Z 00417fc0 f i trimesh.obj
 0001:00017030       ?allocate@?$allocator@PAVTrimeshFace@@@std@@QAEPAPAVTrimeshFace@@I@Z 00418030 f i trimesh.obj
 0001:000170a0       ?allocate@?$allocator@Vvec3f@@@std@@QAEPAVvec3f@@I@Z 004180a0 f i trimesh.obj
 0001:00017110       ?doubleCheck@Trimesh@@QAEPADXZ 00418110 f   trimesh.obj
 0001:000171b0       ?generateNormals@Trimesh@@QAEXXZ 004181b0 f   trimesh.obj
 0001:00017440       ?hasBoundingBoxCapability@TrimeshFace@@UBE_NXZ 00418440 f i trimesh.obj
 0001:00017450       ?intersectLocal@TrimeshFace@@UBE_NABVray@@AAVisect@@@Z 00418450 f   trimesh.obj
 0001:00017b90       ?push_back@?$vector@PAVMaterial@@V?$allocator@PAVMaterial@@@std@@@std@@QAEXABQAVMaterial@@@Z 00418b90 f i trimesh.obj
 0001:00017c00       ?push_back@?$vector@PAVTrimeshFace@@V?$allocator@PAVTrimeshFace@@@std@@@std@@QAEXABQAVTrimeshFace@@@Z 00418c00 f i trimesh.obj
 0001:00017c70       ?push_back@?$vector@Vvec3f@@V?$allocator@Vvec3f@@@std@@@std@@QAEXABVvec3f@@@Z 00418c70 f i trimesh.obj
 0001:00017d20       ?resize@?$vector@Vvec3f@@V?$allocator@Vvec3f@@@std@@@std@@QAEXI@Z 00418d20 f i trimesh.obj
 0001:00017e20       ?visual@Fl@@SAHH@Z         00418e20 f   fltk:Fl_visual.obj
 0001:00017e80       ?option@Fl@@SA_NW4Fl_Option@1@@Z 00418e80 f   fltk:Fl.obj
 0001:00018110       ?option@Fl@@SAXW4Fl_Option@1@_N@Z 00419110 f   fltk:Fl.obj
 0001:00018150       ?version@Fl@@SANXZ         00419150 f   fltk:Fl.obj
 0001:00018160       ?scrollbar_size@Fl@@SAHXZ  00419160 f   fltk:Fl.obj
 0001:00018170       ?scrollbar_size@Fl@@SAXH@Z 00419170 f   fltk:Fl.obj
 0001:00018180       ?wait@Fl@@SAHXZ            00419180 f   fltk:Fl.obj
 0001:000181d0       ?wait@Fl@@SANN@Z           004191d0 f   fltk:Fl.obj
 0001:00018200       ?check@Fl@@SAHXZ           00419200 f   fltk:Fl.obj
 0001:00018240       ?ready@Fl@@SAHXZ           00419240 f   fltk:Fl.obj
 0001:00018250       ?run@Fl@@SAHXZ             00419250 f   fltk:Fl.obj
 0001:00018280       ?add_timeout@Fl@@SAXNP6AXPAX@Z0@Z 00419280 f   fltk:Fl.obj
 0001:000182b0       ?repeat_timeout@Fl@@SAXNP6AXPAX@Z0@Z 004192b0 f   fltk:Fl.obj
 0001:00018460       ?has_timeout@Fl@@SAHP6AXPAX@Z0@Z 00419460 f   fltk:Fl.obj
 0001:000184c0       ?remove_timeout@Fl@@SAXP6AXPAX@Z0@Z 004194c0 f   fltk:Fl.obj
 0001:00018530       ?add_check@Fl@@SAXP6AXPAX@Z0@Z 00419530 f   fltk:Fl.obj
 0001:000185b0       ?has_check@Fl@@SAHP6AXPAX@Z0@Z 004195b0 f   fltk:Fl.obj
 0001:00018600       ?remove_check@Fl@@SAXP6AXPAX@Z0@Z 00419600 f   fltk:Fl.obj
 0001:00018680       ?add_fd@Fl@@SAXHHP6AXHPAX@Z0@Z 00419680 f   fltk:Fl.obj
 0001:00018950       ?add_fd@Fl@@SAXHP6AXHPAX@Z0@Z 00419950 f   fltk:Fl.obj
 0001:00018970       ?remove_fd@Fl@@SAXHH@Z     00419970 f   fltk:Fl.obj
 0001:00018c70       ?remove_fd@Fl@@SAXH@Z      00419c70 f   fltk:Fl.obj
 0001:00018c90       ?redraw@Fl@@SAXXZ          00419c90 f   fltk:Fl.obj
 0001:00018cc0       ?flush@Fl@@SAXXZ           00419cc0 f   fltk:Fl.obj
 0001:00018d90       ?first_window@Fl@@SAPAVFl_Window@@XZ 00419d90 f   fltk:Fl.obj
 0001:00018dc0       ?first_window@Fl@@SAXPAVFl_Window@@@Z 00419dc0 f   fltk:Fl.obj
 0001:00018e10       ?next_window@Fl@@SAPAVFl_Window@@PBV2@@Z 00419e10 f   fltk:Fl.obj
 0001:00018e50       ?get_mouse@Fl@@SAXAAH0@Z   00419e50 f   fltk:Fl.obj
 0001:00018e80       ?event_inside@Fl@@SAHHHHH@Z 00419e80 f   fltk:Fl.obj
 0001:00018ed0       ?event_inside@Fl@@SAHPBVFl_Widget@@@Z 00419ed0 f   fltk:Fl.obj
 0001:00018f50       ?enable_im@Fl@@SAXXZ       00419f50 f   fltk:Fl.obj
 0001:00018f90       ?disable_im@Fl@@SAXXZ      00419f90 f   fltk:Fl.obj
 0001:00018fd0       ?handle@Fl@@SAHHPAVFl_Window@@@Z 00419fd0 f   fltk:Fl.obj
 0001:00019010       ?handle_@Fl@@SAHHPAVFl_Window@@@Z 0041a010 f   fltk:Fl.obj
 0001:000196f0       ?belowmouse@Fl@@SAXPAVFl_Widget@@@Z 0041a6f0 f   fltk:Fl.obj
 0001:00019790       ?pushed@Fl@@SAXPAVFl_Widget@@@Z 0041a790 f   fltk:Fl.obj
 0001:000197a0       ?focus@Fl@@SAXPAVFl_Widget@@@Z 0041a7a0 f   fltk:Fl.obj
 0001:000198a0       ?add_handler@Fl@@SAXP6AHH@Z@Z 0041a8a0 f   fltk:Fl.obj
 0001:000198e0       ?remove_handler@Fl@@SAXP6AHH@Z@Z 0041a8e0 f   fltk:Fl.obj
 0001:00019960       ?add_system_handler@Fl@@SAXP6AHPAX0@Z0@Z 0041a960 f   fltk:Fl.obj
 0001:000199b0       ?remove_system_handler@Fl@@SAXP6AHPAX0@Z@Z 0041a9b0 f   fltk:Fl.obj
 0001:00019a30       ?event_dispatch@Fl@@SAXP6AHHPAVFl_Window@@@Z@Z 0041aa30 f   fltk:Fl.obj
 0001:00019a40       ?event_dispatch@Fl@@SAP6AHHPAVFl_Window@@@ZXZ 0041aa40 f   fltk:Fl.obj
 0001:00019a50       ?copy@Fl@@SAXPBDHH0@Z      0041aa50 f   fltk:Fl.obj
 0001:00019b80       ?copy@Fl@@SAXPBDHH@Z       0041ab80 f   fltk:Fl.obj
 0001:00019ba0       ?paste@Fl@@SAXAAVFl_Widget@@HPBD@Z 0041aba0 f   fltk:Fl.obj
 0001:0001a890       ?paste@Fl@@SAXAAVFl_Widget@@H@Z 0041b890 f   fltk:Fl.obj
 0001:0001a8b0       ?add_clipboard_notify@Fl@@SAXP6AXHPAX@Z0@Z 0041b8b0 f   fltk:Fl.obj
 0001:0001a910       ?remove_clipboard_notify@Fl@@SAXP6AXHPAX@Z@Z 0041b910 f   fltk:Fl.obj
 0001:0001a980       ?clipboard_contains@Fl@@SAHPBD@Z 0041b980 f   fltk:Fl.obj
 0001:0001aa30       ?selection_owner@Fl@@SAXPAVFl_Widget@@@Z 0041ba30 f   fltk:Fl.obj
 0001:0001aa40       ?selection@Fl@@SAXAAVFl_Widget@@PBDH@Z 0041ba40 f   fltk:Fl.obj
 0001:0001aa60       ?paste@Fl@@SAXAAVFl_Widget@@@Z 0041ba60 f   fltk:Fl.obj
 0001:0001aa80       ?x@Fl@@SAHXZ               0041ba80 f   fltk:Fl.obj
 0001:0001aac0       ?y@Fl@@SAHXZ               0041bac0 f   fltk:Fl.obj
 0001:0001ab00       ?w@Fl@@SAHXZ               0041bb00 f   fltk:Fl.obj
 0001:0001ab40       ?h@Fl@@SAHXZ               0041bb40 f   fltk:Fl.obj
 0001:0001ab80       ?thread_message@Fl@@SAPAXXZ 0041bb80 f   fltk:Fl.obj
 0001:0001aba0       ?delete_widget@Fl@@SAXPAVFl_Widget@@@Z 0041bba0 f   fltk:Fl.obj
 0001:0001aca0       ?do_widget_deletion@Fl@@SAXXZ 0041bca0 f   fltk:Fl.obj
 0001:0001ad20       ?watch_widget_pointer@Fl@@SAXAAPAVFl_Widget@@@Z 0041bd20 f   fltk:Fl.obj
 0001:0001adc0       ?release_widget_pointer@Fl@@SAXAAPAVFl_Widget@@@Z 0041bdc0 f   fltk:Fl.obj
 0001:0001ae40       ?clear_widget_pointer@Fl@@SAXPBVFl_Widget@@@Z 0041be40 f   fltk:Fl.obj
 0001:0001aeb0       ??0Fl_Widget_Tracker@@QAE@PAVFl_Widget@@@Z 0041beb0 f   fltk:Fl.obj
 0001:0001aee0       ??1Fl_Widget_Tracker@@QAE@XZ 0041bee0 f   fltk:Fl.obj
 0001:0001af30       ?redraw@Fl_Widget@@QAEXXZ  0041bf30 f   fltk:Fl.obj
 0001:0001af50       ?redraw_label@Fl_Widget@@QAEXXZ 0041bf50 f   fltk:Fl.obj
 0001:0001b550       ?damage@Fl_Widget@@QAEXE@Z 0041c550 f   fltk:Fl.obj
 0001:0001b610       ?damage@Fl_Widget@@QAEXEHHHH@Z 0041c610 f   fltk:Fl.obj
 0001:0001b800       ?size_range_@Fl_Window@@AAEXXZ 0041c800 f   fltk:Fl.obj
 0001:0001b820       ?fullscreen_x@Fl_Window@@AAEXXZ 0041c820 f   fltk:Fl.obj
 0001:0001b890       ?fullscreen_off_x@Fl_Window@@AAEXHHHH@Z 0041c890 f   fltk:Fl.obj
 0001:0001ba70       ?flush@Fl_Window@@MAEXXZ   0041ca70 f   fltk:Fl.obj
 0001:0001bae0       ?handle@Fl_Window@@UAEHH@Z 0041cae0 f   fltk:Fl.obj
 0001:0001bc50       ?resize@Fl_Window@@UAEXHHHH@Z 0041cc50 f   fltk:Fl.obj
 0001:0001bf30       ?label@Fl_Window@@QAEXPBD0@Z 0041cf30 f   fltk:Fl.obj
 0001:0001c020       ?default_icons@Fl_Window@@SAXPAUHICON__@@0@Z 0041d020 f   fltk:Fl.obj
 0001:0001c040       ?icons@Fl_Window@@QAEXPAUHICON__@@0@Z 0041d040 f   fltk:Fl.obj
 0001:0001c0a0       ?show@Fl_Window@@UAEXXZ    0041d0a0 f   fltk:Fl.obj
 0001:0001c160       ?hide@Fl_Window@@UAEXXZ    0041d160 f   fltk:Fl.obj
 0001:0001c5c0       ?make_current@Fl_Window@@QAEXXZ 0041d5c0 f   fltk:Fl.obj
 0001:0001c620       ?decorated_w@Fl_Window@@QAEHXZ 0041d620 f   fltk:Fl.obj
 0001:0001c6f0       ?decorated_h@Fl_Window@@QAEHXZ 0041d6f0 f   fltk:Fl.obj
 0001:0001c7c0       ?XRectangleRegion@@YAPAUHRGN__@@HHHH@Z 0041d7c0 f   fltk:Fl.obj
 0001:0001c870       ?fake_X_wm@Fl_X@@SAHPBVFl_Window@@AAH1111@Z 0041d870 f   fltk:Fl.obj
 0001:0001cfa0       ?make_fullscreen@Fl_X@@QAEXHHHH@Z 0041dfa0 f   fltk:Fl.obj
 0001:0001d100       ?set_minmax@Fl_X@@QAEXPAUtagMINMAXINFO@@@Z 0041e100 f   fltk:Fl.obj
 0001:0001d1f0       ?set_default_icons@Fl_X@@SAXQAPBVFl_RGB_Image@@H@Z 0041e1f0 f   fltk:Fl.obj
 0001:0001d2b0       ?set_default_icons@Fl_X@@SAXPAUHICON__@@0@Z 0041e2b0 f   fltk:Fl.obj
 0001:0001d320       ?set_icons@Fl_X@@QAEXXZ    0041e320 f   fltk:Fl.obj
 0001:0001d4c0       ?set_cursor@Fl_X@@QAEHW4Fl_Cursor@@@Z 0041e4c0 f   fltk:Fl.obj
 0001:0001d650       ?set_cursor@Fl_X@@QAEHPBVFl_RGB_Image@@HH@Z 0041e650 f   fltk:Fl.obj
 0001:0001d6d0       ?make@Fl_X@@SAPAV1@PAVFl_Window@@@Z 0041e6d0 f   fltk:Fl.obj
 0001:0001e370       ?fl_release_dc@@YAXPAUHWND__@@PAUHDC__@@@Z 0041f370 f   fltk:Fl.obj
 0001:0001e410       ?fl_save_dc@@YAXPAUHWND__@@PAUHDC__@@@Z 0041f410 f   fltk:Fl.obj
 0001:0001e480       ?fl_open_display@@YAXXZ    0041f480 f   fltk:Fl.obj
 0001:0001e4b0       ?fl_find@@YAPAVFl_Window@@PAUHWND__@@@Z 0041f4b0 f   fltk:Fl.obj
 0001:0001e530       ?fl_GetDC@@YAPAUHDC__@@PAUHWND__@@@Z 0041f530 f   fltk:Fl.obj
 0001:0001e5d0       ?fl_free_fonts@@YAXXZ      0041f5d0 f   fltk:Fl.obj
 0001:0001e690       ?fl_cleanup_dc_list@@YAXXZ 0041f690 f   fltk:Fl.obj
 0001:0001e760       ?fl_clipboard_notify_change@@YAXXZ 0041f760 f   fltk:Fl.obj
 0001:0001e7e0       ?fl_clipboard_notify_empty@@YA_NXZ 0041f7e0 f   fltk:Fl.obj
 0001:0001e810       ?fl_trigger_clipboard_notify@@YAXH@Z 0041f810 f   fltk:Fl.obj
 0001:0001e850       ?fl_ready@@YAHXZ           0041f850 f   fltk:Fl.obj
 0001:0001e930       ?fl_wait@@YAHN@Z           0041f930 f   fltk:Fl.obj
 0001:0001ed40       ?fl_send_system_handlers@@YAHPAX@Z 0041fd40 f   fltk:Fl.obj
 0001:0001eda0       ?fl_fix_focus@@YAXXZ       0041fda0 f   fltk:Fl.obj
 0001:0001ef80       ?fl_throw_focus@@YAXPAVFl_Widget@@@Z 0041ff80 f   fltk:Fl.obj
 0001:0001f150       ?fl_clipboard_notify_retarget@@YAXPAUHWND__@@@Z 00420150 f   fltk:Fl.obj
 0001:0001f1b0       ?fl_update_clipboard@@YAXXZ 004201b0 f   fltk:Fl.obj
[...]
 0003:00002e1c       ?s_imm_module@@3PAUHINSTANCE__@@A 0048ee1c     fltk:Fl.obj
 0003:00002e20       ?flImmAssociateContextEx@@3P6GHPAUHWND__@@PAUHIMC__@@K@ZA 0048ee20     fltk:Fl.obj
 0003:00002e25       ?dnd_flag@@3DA             0048ee25     fltk:Fl.obj
 0003:00002e28       ?flImmGetContext@@3P6GPAUHIMC__@@PAUHWND__@@@ZA 0048ee28     fltk:Fl.obj
 0003:00002e30       ?flImmSetCompositionWindow@@3P6GHPAUHIMC__@@PAUtagCOMPOSITIONFORM@@@ZA 0048ee30     fltk:Fl.obj
 0003:00002e34       ?flImmReleaseContext@@3P6GHPAUHWND__@@PAUHIMC__@@@ZA 0048ee34     fltk:Fl.obj
 0003:00002e38       ?sys_handlers@@3PAUsystem_handler_link@@A 0048ee38     fltk:Fl.obj
 0003:00002e3c       ?track_mouse_win@@3PAVFl_Window@@A 0048ee3c     fltk:Fl.obj
 0003:00002e40       ?maxfd@@3HA                0048ee40     fltk:Fl.obj
 0003:00002e44       ?nfds@@3HA                 0048ee44     fltk:Fl.obj
 0003:00002e48       ?fd_array_size@@3HA        0048ee48     fltk:Fl.obj
 0003:00002e74       ?fd@@3PAUFD@@A             0048ee74     fltk:Fl.obj
 0003:00002ed4       ?default_big_icon@@3PAUHICON__@@A 0048eed4     fltk:Fl.obj
 0003:00002ed8       ?default_small_icon@@3PAUHICON__@@A 0048eed8     fltk:Fl.obj
 0003:00002edc       ?win_DC_list@@3PAUWin_DC_List@@A 0048eedc     fltk:Fl.obj
 0003:00002ee8       ?num_dwidgets@@3HA         0048eee8     fltk:Fl.obj
 0003:00002eec       ?alloc_dwidgets@@3HA       0048eeec     fltk:Fl.obj
 0003:00002ef0       ?dwidgets@@3PAPAVFl_Widget@@A 0048eef0     fltk:Fl.obj
 0003:00002ef4       ?widget_watch@@3PAPAPAVFl_Widget@@A 0048eef4     fltk:Fl.obj
 0003:00002ef8       ?num_widget_watch@@3HA     0048eef8     fltk:Fl.obj
 0003:00002efc       ?max_widget_watch@@3HA     0048eefc     fltk:Fl.obj
 0003:00002f08       ?win32_at_exit@@3VFl_Win32_At_Exit@@A 0048ef08     fltk:Fl.obj
 0003:00002f0c       ?fl_gdi_display@@3VFl_Display_Device@@A 0048ef0c     fltk:Fl.obj
 0003:00002f18       ?fl_gdi_driver@@3VFl_GDI_Graphics_Driver@@A 0048ef18     fltk:Fl.obj
 0003:00003600       ?first_check@@3PAUCheck@@A 0048f600     fltk:Fl.obj
 0003:00003604       ?next_check@@3PAUCheck@@A  0048f604     fltk:Fl.obj
 0003:00003608       ?free_check@@3PAUCheck@@A  0048f608     fltk:Fl.obj
 0003:0000360c       ?thread_message_@@3PAXA    0048f60c     fltk:Fl.obj
 0003:00003610       ?fdsets@@3PAUfd_set@@A     0048f610     fltk:Fl.obj
 0003:0000391c       ?win32_timers@@3PAUWin32Timer@@A 0048f91c     fltk:Fl.obj
 0003:00003920       ?win32_timer_alloc@@3HA    0048f920     fltk:Fl.obj
 0003:00003924       ?win32_timer_used@@3HA     0048f924     fltk:Fl.obj
 0003:00003928       ?s_TimerWnd@@3PAUHWND__@@A 0048f928     fltk:Fl.obj
 0003:0000392c       ?resize_bug_fix@@3PAVFl_Window@@A 0048f92c     fltk:Fl.obj
 0003:00003930       ?in_idle@?1??fl_wait@@YAHN@Z@4DA 0048f930     fltk:Fl.obj
 0003:00003931       ?beenHereDoneThat@?1??fl_open_display@@YAXXZ@4DA 0048f931     fltk:Fl.obj
 0003:00003934       ?px@?1??mouse_event@@YAHPAVFl_Window@@HHIJ@Z@4HA 0048f934     fltk:Fl.obj
 0003:00003938       ?py@?1??mouse_event@@YAHPAVFl_Window@@HHIJ@Z@4HA 0048f938     fltk:Fl.obj
 0003:0000393c       ?pmx@?1??mouse_event@@YAHPAVFl_Window@@HHIJ@Z@4HA 0048f93c     fltk:Fl.obj
 0003:00003940       ?pmy@?1??mouse_event@@YAHPAVFl_Window@@HHIJ@Z@4HA 0048f940     fltk:Fl.obj
 0003:00003948       ?vklut@?1??ms2fltk@@YAHIH@Z@4PAGA 0048f948     fltk:Fl.obj
 0003:00003b48       ?extendedlut@?1??ms2fltk@@YAHIH@Z@4PAGA 0048fb48     fltk:Fl.obj
 0003:00003d48       ?buffer@?DH@??WndProc@@YGJPAUHWND__@@IIJ@Z@4PADA 0048fd48     fltk:Fl.obj
 0003:00004148       ?delta@?GG@??WndProc@@YGJPAUHWND__@@IIJ@Z@4HA 00490148     fltk:Fl.obj
 0003:0000414c       ?delta@?GJ@??WndProc@@YGJPAUHWND__@@IIJ@Z@4HA 0049014c     fltk:Fl.obj
 0003:00004150       ?class_name_list@?1??make@Fl_X@@SAPAV2@PAVFl_Window@@@Z@4VNameList@@A 00490150     fltk:Fl.obj
 0003:0000415c       ?$TSS0@?1??make@Fl_X@@SAPAV2@PAVFl_Window@@@Z@4HA 0049015c     fltk:Fl.obj
 0003:00004160       ?first_class_name@?1??make@Fl_X@@SAPAV2@PAVFl_Window@@@Z@4PBDB 00490160     fltk:Fl.obj
 0003:00004164       ?avoidRecursion@@3DA       00490164     fltk:fl_ask.obj
 0003:0000416c       ?message_form@@3PAVFl_Window@@A 0049016c     fltk:fl_ask.obj
 0003:00004170       ?message@@3PAVFl_Box@@A    00490170     fltk:fl_ask.obj
 0003:00004174       ?icon@@3PAVFl_Box@@A       00490174     fltk:fl_ask.obj
 0003:00004178       ?button@@3PAPAVFl_Button@@A 00490178     fltk:fl_ask.obj
 0003:00004184       ?input@@3PAVFl_Input@@A    00490184     fltk:fl_ask.obj
 0003:00004188       ?ret_val@@3HA              00490188     fltk:fl_ask.obj
 0003:0000418c       ?message_title_default@@3PBDB 0049018c     fltk:fl_ask.obj
 0003:000041a0       ?fc@@3PAVFl_File_Chooser@@A 004901a0     fltk:fl_file_dir.obj
 0003:000041a4       ?current_callback@@3P6AXPBD@ZA 004901a4     fltk:fl_file_dir.obj
 0003:000041a8       ?current_label@@3PBDB      004901a8     fltk:fl_file_dir.obj
 0003:000041b0       ?retname@?1??fl_file_chooser@@YAPADPBD00H@Z@4PADA 004901b0     fltk:fl_file_dir.obj
 0003:000049b0       ?retname@?1??fl_dir_chooser@@YAPADPBD0H@Z@4PADA 004909b0     fltk:fl_file_dir.obj
 0003:000051b0       ?fl_gmi@@3P6GHPAUHMONITOR__@@PAUtagMONITORINFO@@@ZA 004911b0     fltk:screen_xywh.obj
 0003:000051b8       ?screens@@3PAUtagRECT@@A   004911b8     fltk:screen_xywh.obj
 0003:000052b8       ?work_area@@3PAUtagRECT@@A 004912b8     fltk:screen_xywh.obj
 0003:000053b8       ?dpi@@3PAY01MA             004913b8     fltk:screen_xywh.obj
 0003:00005468       ?main_thread@@3KA          00491468     fltk:Fl_lock.obj
 0003:00005470       ?measure@@3PAP6AXPBUFl_Label@@AAH1@ZA 00491470     fltk:fl_labeltype.obj
 0003:000054b0       ?obj_queue@@3PAPAVFl_Widget@@A 004914b0     fltk:Fl_Widget.obj
 0003:00005500       ?obj_head@@3HA             00491500     fltk:Fl_Widget.obj
 0003:00005504       ?obj_tail@@3HA             00491504     fltk:Fl_Widget.obj
 0003:00005514       ?window@@3PAVFl_TooltipBox@@A 00491514     fltk:Fl_Tooltip.obj
 0003:0000551c       ?tip@@3PBDB                0049151c     fltk:Fl_Tooltip.obj
 0003:00005520       ?Y@@3HA                    00491520     fltk:Fl_Tooltip.obj
 0003:00005524       ?H@@3HA                    00491524     fltk:Fl_Tooltip.obj
 0003:00005528       ?recent_tooltip@@3DA       00491528     fltk:Fl_Tooltip.obj
 0003:00005529       ?recursion@@3DA            00491529     fltk:Fl_Tooltip.obj
 0003:0000552a       ?beenhere@?1??set_enter_exit_once_@Fl_Tooltip@@CAXXZ@4DA 0049152a     fltk:Fl_Tooltip.obj
 0003:00006138       ?tmppen@@3PAXA             00492138     fltk:fl_color.obj
 0003:0000613c       ?savepen@@3PAUHPEN__@@A    0049213c     fltk:fl_color.obj
 0003:00006140       ?xmap@?1??color@Fl_GDI_Graphics_Driver@@UAEXEEE@Z@4UFl_XMap@@A 00492140     fltk:fl_color.obj
 0003:00006150       ?brushes@?1??fl_brush_action@@YAPAUHBRUSH__@@H@Z@4PAUFl_Brush@?1??1@YAPAU2@H@Z@A 00492150     fltk:fl_color.obj
 0003:00006210       ?beenhere@?1??fl_select_palette@@YAPAUHPALETTE__@@XZ@4DA 00492210     fltk:fl_color.obj
 0003:00006214       ?fl_alpha_blend@@3P6GHPAUHDC__@@HHHH0HHHHUFL_BLENDFUNCTION@@@ZA 00492214     fltk:Fl_Double_Window.obj
 0003:00006218       ?been_here@?1??fl_can_do_alpha_blending@@YADXZ@4DA 00492218     fltk:Fl_Double_Window.obj
 0003:00006219       ?can_do@?1??fl_can_do_alpha_blending@@YADXZ@4DA 00492219     fltk:Fl_Double_Window.obj
 0003:000062cc       ?hMod@?1??newUUID@Fl_Preferences@@SAPBDXZ@4PAUHINSTANCE__@@A 004922cc     fltk:Fl_Preferences.obj
 0003:000062dc       ?fl_angle_@@3HA            004922dc     fltk:fl_font.obj
 0003:000062e0       ?wstr@@3PAGA               004922e0     fltk:fl_font.obj
 0003:000062e4       ?wstr_len@@3HA             004922e4     fltk:fl_font.obj
 0003:000062e8       ?fl_GetGlyphIndices@@3P6GKPAUHDC__@@PB_WHPAGK@ZA 004922e8     fltk:fl_font.obj
 0003:000062ec       ?have_loaded_GetGlyphIndices@@3HA 004922ec     fltk:fl_font.obj
 0003:000062f0       ?ext_buff@?1??text_extents@Fl_GDI_Graphics_Driver@@UAEXPBDHAAH111@Z@4PAGA 004922f0     fltk:fl_font.obj
 0003:000062f4       ?w_buff@?1??text_extents@Fl_GDI_Graphics_Driver@@UAEXPBDHAAH111@Z@4PAGA 004922f4     fltk:fl_font.obj
 0003:000062f8       ?wc_len@?1??text_extents@Fl_GDI_Graphics_Driver@@UAEXPBDHAAH111@Z@4IA 004922f8     fltk:fl_font.obj
 0003:00006308       ?hMod@?1??draw@Fl_GDI_Printer_Graphics_Driver@@UAEXPAVFl_Pixmap@@HHHHHH@Z@4PAUHINSTANCE__@@A 00492308     fltk:Fl_Pixmap.obj
 0003:0000630c       ?fl_TransparentBlt@?1??draw@Fl_GDI_Printer_Graphics_Driver@@UAEXPAVFl_Pixmap@@HHHHHH@Z@4P6GHPAUHDC__@@HHHH1HHHHI@ZA 0049230c     fltk:Fl_Pixmap.obj
 0003:00006310       ?fl_TransparentBlt@?1??draw@Fl_GDI_Printer_Graphics_Driver@@UAEXPAVFl_Bitmap@@HHHHHH@Z@4P6GHPAUHDC__@@HHHH1HHHHI@ZA 00492310     fltk:Fl_Bitmap.obj
 0003:00006314       ?hMod@?1??draw@Fl_GDI_Printer_Graphics_Driver@@UAEXPAVFl_Bitmap@@HHHHHH@Z@4PAUHINSTANCE__@@A 00492314     fltk:Fl_Bitmap.obj
 0003:00006318       ?ri@?1??dither@@YAXPAEPBEHH@Z@4HA 00492318     fltk:fl_draw_image.obj
 0003:0000631c       ?gi@?1??dither@@YAXPAEPBEHH@Z@4HA 0049231c     fltk:fl_draw_image.obj
 0003:00006320       ?bi@?1??dither@@YAXPAEPBEHH@Z@4HA 00492320     fltk:fl_draw_image.obj
 0003:00006324       ?dir@?1??dither@@YAXPAEPBEHH@Z@4HA 00492324     fltk:fl_draw_image.obj
 0003:00006328       ?ri@?1??monodither@@YAXPAEPBEHH@Z@4HA 00492328     fltk:fl_draw_image.obj
 0003:0000632c       ?dir@?1??monodither@@YAXPAEPBEHH@Z@4HA 0049232c     fltk:fl_draw_image.obj
 0003:00006330       ?bmibuffer@?1??innards@@YAXPBEHHHHHHHP6AXPAXHHHPAE@Z1@Z@4PAIA 00492330     fltk:fl_draw_image.obj
 0003:00006760       ?buffer@?1??innards@@YAXPBEHHHHHHHP6AXPAXHHHPAE@Z1@Z@4PAIA 00492760     fltk:fl_draw_image.obj
 0003:00006764       ?buffer_size@?1??innards@@YAXPBEHHHHHHHP6AXPAXHHHPAE@Z1@Z@4JA 00492764     fltk:fl_draw_image.obj
 0003:00006768       ?line_buffer@?1??innards@@YAXPBEHHHHHHHP6AXPAXHHHPAE@Z1@Z@4PAIA 00492768     fltk:fl_draw_image.obj
 0003:0000676c       ?line_buf_size@?CH@??innards@@YAXPBEHHHHHHHP6AXPAXHHHPAE@Z1@Z@4HA 0049276c     fltk:fl_draw_image.obj
 0003:00006778       ?fl_bg_set@@3DA            00492778     fltk:Fl_get_system_colors.obj
 0003:00006779       ?fl_bg2_set@@3DA           00492779     fltk:Fl_get_system_colors.obj
 0003:0000677a       ?fl_fg_set@@3DA            0049277a     fltk:Fl_get_system_colors.obj
 0003:00006788       ?tile@@3VFl_Pixmap@@A      00492788     fltk:Fl_get_system_colors.obj
 0003:000067b0       ?e@?1??scheme@Fl@@SAHPBD@Z@4PADA 004927b0     fltk:Fl_get_system_colors.obj
 0003:00006be8       ?mbwbuf@@3PA_WA            00492be8     fltk:fl_utf8.obj
 0003:00006bf0       ?buf@@3PADA                00492bf0     fltk:fl_utf8.obj
 0003:00006bf4       ?buf_len@@3HA              00492bf4     fltk:fl_utf8.obj
 0003:00006bf8       ?wbufa@@3PAGA              00492bf8     fltk:fl_utf8.obj
 0003:00006bfc       ?wbuf@@3PA_WA              00492bfc     fltk:fl_utf8.obj
 0003:00006c00       ?wbuf1@@3PA_WA             00492c00     fltk:fl_utf8.obj
 0003:00006c04       ?table@?1??Toupper@@YAHH@Z@4PAGA 00492c04     fltk:fl_utf8.obj
 0003:00006c08       ?buf@?1??fl_utf2mbcs@@9@4PADA 00492c08     fltk:fl_utf8.obj
 0003:00006c0c       ?buf@?1??fl_getenv@@9@4PADA 00492c0c     fltk:fl_utf8.obj
 0003:00006c10       ?wbuf@?1??fl_getcwd@@9@4PA_WA 00492c10     fltk:fl_utf8.obj
 0003:00006c14       ?buf@?1??fl_shortcut_label@@YAPBDIPAPBD@Z@4PADA 00492c14     fltk:fl_shortcut.obj
 0003:00006c4c       ?l_secret@@3HA             00492c4c     fltk:Fl_Input_.obj
 0003:00006c50       ?undobuffer@@3PADA         00492c50     fltk:Fl_Input_.obj
 0003:00006c54       ?undobufferlength@@3HA     00492c54     fltk:Fl_Input_.obj
 0003:00006c58       ?undowidget@@3PAVFl_Input_@@A 00492c58     fltk:Fl_Input_.obj
 0003:00006c5c       ?undoat@@3HA               00492c5c     fltk:Fl_Input_.obj
 0003:00006c60       ?undocut@@3HA              00492c60     fltk:Fl_Input_.obj
 0003:00006c64       ?undoinsert@@3HA           00492c64     fltk:Fl_Input_.obj
 0003:00006c68       ?yankcut@@3HA              00492c68     fltk:Fl_Input_.obj
 0003:00006c6c       ?legal_fp_chars@@3PBDB     00492c6c     fltk:Fl_Input.obj
 0003:00006c70       ?dnd_save_position@?1??handle@Fl_Input@@UAEHH@Z@4HA 00492c70     fltk:Fl_Input.obj
 0003:00006c74       ?dnd_save_mark@?1??handle@Fl_Input@@UAEHH@Z@4HA 00492c74     fltk:Fl_Input.obj
 0003:00006c78       ?newpos@?1??handle@Fl_Input@@UAEHH@Z@4HA 00492c78     fltk:Fl_Input.obj
 0003:00006c7c       ?dnd_save_focus@?1??handle@Fl_Input@@UAEHH@Z@4PAVFl_Widget@@A 00492c7c     fltk:Fl_Input.obj
 0003:00006c84       ?underline_at@@3PADA       00492c84     fltk:fl_draw.obj
 0003:00006c88       ?local_buf@?1??expand_text_@@YAPBDPBDAAPADHNAAHAANHH@Z@4PADA 00492c88     fltk:fl_draw.obj
 0003:00006c8c       ?$TSS0@?1??expand_text_@@YAPBDPBDAAPADHNAAHAANHH@Z@4HA 00492c8c     fltk:fl_draw.obj
 0003:00006c94       ?pressed_menu_button_@@3PAVFl_Menu_Button@@A 00492c94     fltk:Fl_Menu_Button.obj
 0003:00006c98       ?p@@3PAUmenustate@@A       00492c98     fltk:Fl_Menu.obj
 0003:00006c9c       ?button@@3PBVFl_Menu_@@B   00492c9c     fltk:Fl_Menu.obj
 0003:00006ca0       ?dummy@?1??popup@Fl_Menu_Item@@QBEPBU2@HHPBDPBU2@PBVFl_Menu_@@@Z@4U2@A 00492ca0     fltk:Fl_Menu.obj
 0003:00006cc4       ?local_array@@3PAUFl_Menu_Item@@A 00492cc4     fltk:Fl_Menu_add.obj
 0003:00006cc8       ?local_array_alloc@@3HA    00492cc8     fltk:Fl_Menu_add.obj
 0003:00006ccc       ?local_array_size@@3HA     00492ccc     fltk:Fl_Menu_add.obj
 0003:00006cd0       ?offcenter@?9??handle@Fl_Slider@@IAEHHHHHH@Z@4HA 00492cd0     fltk:Fl_Slider.obj
 0003:00006cd4       ?image_new@@3VFl_Bitmap@@A 00492cd4     fltk:Fl_File_Chooser.obj
 0003:00006d08       ?pathname@?1??value@Fl_File_Chooser@@QAEPBDH@Z@4PADA 00492d08     fltk:Fl_File_Chooser2.obj
 0003:00007510       ?ncolors@@3HA              00493510     fltk:fl_draw_pixmap.obj
 0003:00007514       ?chars_per_pixel@@3HA      00493514     fltk:fl_draw_pixmap.obj
 0003:00007518       ?color_count@@3HA          00493518     fltk:fl_draw_pixmap.obj
 0003:0000751c       ?used_colors@@3PAUUsedColor@@A 0049351c     fltk:fl_draw_pixmap.obj
 0003:00007520       ?table@?1??XUtf8Toupper@@9@9 00493520     fltk:case.obj
 0003:00007528       ?symbols@@3PAUSYMBOL@@A    00493528     fltk:fl_symbols.obj
 0003:00007f0c       ?beenhere@?1??fl_init_symbols@@YAXXZ@4DA 00493f0c     fltk:fl_symbols.obj
 0003:00007f10       ?cursor@?1??set_cursor@@YAXPAVFl_Tile@@W4Fl_Cursor@@@Z@4W43@A 00493f10     fltk:Fl_Tile.obj
 0003:00007f14       ?sdrag@?1??handle@Fl_Tile@@UAEHH@Z@4HA 00493f14     fltk:Fl_Tile.obj
 0003:00007f18       ?sdx@?1??handle@Fl_Tile@@UAEHH@Z@4HA 00493f18     fltk:Fl_Tile.obj
 0003:00007f1c       ?sdy@?1??handle@Fl_Tile@@UAEHH@Z@4HA 00493f1c     fltk:Fl_Tile.obj
 0003:00007f20       ?sx@?1??handle@Fl_Tile@@UAEHH@Z@4HA 00493f20     fltk:Fl_Tile.obj
 0003:00007f24       ?sy@?1??handle@Fl_Tile@@UAEHH@Z@4HA 00493f24     fltk:Fl_Tile.obj
 0003:00007f28       ?change@?1??handle@Fl_Browser_@@UAEHH@Z@4DA 00493f28     fltk:Fl_Browser_.obj
 0003:00007f29       ?whichway@?1??handle@Fl_Browser_@@UAEHH@Z@4DA 00493f29     fltk:Fl_Browser_.obj
 0003:00007f2c       ?py@?1??handle@Fl_Browser_@@UAEHH@Z@4HA 00493f2c     fltk:Fl_Browser_.obj
 0003:00007f30       ?inButtonBar@?1??handle@Fl_File_Input@@UAEHH@Z@4DA 00493f30     fltk:Fl_File_Input.obj
 0003:00007f50       ?SWAP_TYPE@@3DA            00493f50     fltkgl:Fl_Gl_Window.obj
 0003:00007f58       ?ortho_context@?DG@??flush@Fl_Gl_Window@@UAEXXZ@4PAUHGLRC__@@A 00493f58     fltkgl:Fl_Gl_Window.obj
 0003:00007f5c       ?ortho_window@?DG@??flush@Fl_Gl_Window@@UAEXXZ@4PAV2@A 00493f5c     fltkgl:Fl_Gl_Window.obj
 0003:00007f60       ?context_list@@3PAPAUHGLRC__@@A 00493f60     fltkgl:Fl_Gl_Choice.obj
 0003:00007f64       ?nContext@@3HA             00493f64     fltkgl:Fl_Gl_Choice.obj
 0003:00007f68       ?NContext@@3HA             00493f68     fltkgl:Fl_Gl_Choice.obj
 0003:00007f6c       ?first@@3PAVFl_Gl_Choice@@A 00493f6c     fltkgl:Fl_Gl_Choice.obj
 0003:00007f70       ?cached_context@@3PAUHGLRC__@@A 00493f70     fltkgl:Fl_Gl_Choice.obj
 0003:00007f74       ?cached_window@@3PAVFl_Window@@A 00493f74     fltkgl:Fl_Gl_Choice.obj
 0003:00007f7c       ?Gl_Device_Plugin@@3VFl_Gl_Device_Plugin@@A 00493f7c     fltkgl:Fl_Gl_Device_Plugin.obj
 0003:00007f84       ?gl_fontsize@@3PAVFl_Font_Descriptor@@A 00493f84     fltkgl:gl_draw.obj
 0003:00007f88       ?buf@?1??gl_draw@@YAXPBDH@Z@4PA_WA 00493f88     fltkgl:gl_draw.obj
 0003:00007f8c       ?l@?1??gl_draw@@YAXPBDH@Z@4HA 00493f8c     fltkgl:gl_draw.obj
 0003:00007f90       _GS_ExceptionRecord        00493f90     MSVCRT:gs_report.obj
 0003:00007fe0       _GS_ContextRecord          00493fe0     MSVCRT:gs_report.obj
 0003:000082b4       ?module_local_atexit_table@@3U_onexit_table_t@@A 004942b4     MSVCRT:utility.obj
 0003:000082c0       ?module_local_at_quick_exit_table@@3U_onexit_table_t@@A 004942c0     MSVCRT:utility.obj
 0003:000082cc       ?is_initialized_as_dll@@3_NA 004942cc     MSVCRT:utility.obj
 0003:000082d0       ?_Tss_mutex@@3U_RTL_CRITICAL_SECTION@@A 004942d0     MSVCRT:thread_safe_statics.obj
 0003:000082e8       ?_Tss_cv@@3U_RTL_CONDITION_VARIABLE@@A 004942e8     MSVCRT:thread_safe_statics.obj
 0003:000082ec       ?_Tss_event@@3PAXA         004942ec     MSVCRT:thread_safe_statics.obj
 0003:000082f0       ?encoded_sleep_condition_variable_cs@@3P6GHPAU_RTL_CONDITION_VARIABLE@@PAU_RTL_CRITICAL_SECTION@@K@ZA 004942f0     MSVCRT:thread_safe_statics.obj
 0003:000082f4       ?encoded_wake_all_condition_variable@@3P6GXPAU_RTL_CONDITION_VARIABLE@@@ZA 004942f4     MSVCRT:thread_safe_statics.obj
 0003:00008314       ?_Fac_head@std@@3PAU_Fac_node@1@A 00494314     msvcprt:locale0_implib.obj
 0003:00008318       ?_Fac_tidy_reg@std@@3U_Fac_tidy_reg_t@1@B 00494318     msvcprt:locale0_implib.obj
 0003:0000831c       ?mbwbuf@?1??mbcs2utf@@9@9  0049431c     fltk:fl_call_main.obj
 0004:00000000       __guard_fids__             00495000     MSVCRT:std_type_info_static.obj
 0004:00000004       __guard_fids__             00495004     MSVCRT:exe_winmain.obj
 0004:00000008       __guard_fids__             00495008     MSVCRT:exe_winmain.obj
 0004:0000000c       __guard_fids__             0049500c     MSVCRT:exe_winmain.obj
 0004:00000010       __guard_fids_?pre_c_initialization@@YAHXZ 00495010     MSVCRT:exe_winmain.obj
 0004:00000018       __guard_fids__             00495018     MSVCRT:thread_safe_statics.obj
 0004:0000001c       __guard_fids_?__scrt_initialize_thread_safe_statics@@YAHXZ 0049501c     MSVCRT:thread_safe_statics.obj
 0004:00000020       __guard_fids__             00495020     MSVCRT:throw_bad_alloc.obj
 0004:00000028       __guard_fids__             00495028     MSVCRT:throw_bad_alloc.obj
 0004:00000030       __guard_fids__             00495030     MSVCRT:throw_bad_alloc.obj
 0004:00000034       __guard_fids__             00495034     MSVCRT:throw_bad_alloc.obj
 0004:00000038       __guard_fids__             00495038     MSVCRT:throw_bad_alloc.obj
 0004:0000003c       __guard_fids__             0049503c     MSVCRT:throw_bad_alloc.obj
 0004:00000040       __guard_fids____scrt_set_unhandled_exception_filter 00495040     MSVCRT:utility_desktop.obj
 0004:00000044       __guard_fids___except_handler4 00495044     MSVCRT:_chandler4gs_.obj
 0004:00000048       __guard_fids__             00495048     MSVCRT:guard_support.obj
 0004:0000004c       __guard_fids___guard_icall_checks_enforced 0049504c     MSVCRT:guard_support.obj
 0004:00000050       __guard_fids_??__E_Fac_tidy_reg@std@@YAXXZ 00495050     msvcprt:locale0_implib.obj
 0004:00000054       __guard_fids__             00495054     msvcprt:locale0_implib.obj
 0006:00000060       $R000000                   00497060     * linker generated manifest res *
