 ray

 Timestamp is 58e11aad (Sun Apr  2 23:37:17 2017)

 Preferred load address is 00400000

 Start         Length     Name                   Class
 0001:00000000 000001e0H .text$di                CODE
 0001:000001e0 000776d0H .text$mn                CODE
 0001:000778b0 00002640H .text$x                 CODE
 0001:00079ef0 000000d9H .text$yd                CODE
 0002:00000000 000006bcH .idata$5                DATA
 0002:000006bc 00000004H .00cfg                  DATA
 0002:000006c0 00000004H .CRT$XCA                DATA
 0002:000006c4 00000004H .CRT$XCAA               DATA
 0002:000006c8 00000004H .CRT$XCL                DATA
 0002:000006cc 0000002cH .CRT$XCU                DATA
 0002:000006f8 00000004H .CRT$XCZ                DATA
 0002:000006fc 00000004H .CRT$XIA                DATA
 0002:00000700 00000004H .CRT$XIAA               DATA
 0002:00000704 00000004H .CRT$XIAC               DATA
 0002:00000708 00000004H .CRT$XIC                DATA
 0002:0000070c 00000004H .CRT$XIZ                DATA
 0002:00000710 00000004H .CRT$XLA                DATA
 0002:00000714 00000004H .CRT$XLZ                DATA
 0002:00000718 00000004H .CRT$XPA                DATA
 0002:0000071c 00000004H .CRT$XPZ                DATA
 0002:00000720 00000004H .CRT$XTA                DATA
 0002:00000724 0000000cH .CRT$XTZ                DATA
 0002:00000730 00007e34H .rdata                  DATA
 0002:00008564 00000018H .rdata$T                DATA
 0002:0000857c 000024f8H .rdata$r                DATA
 0002:0000aa74 000003d4H .rdata$zzzdbg           DATA
 0002:0000ae48 00000004H .rtc$IAA                DATA
 0002:0000ae4c 00000004H .rtc$IZZ                DATA
 0002:0000ae50 00000004H .rtc$TAA                DATA
 0002:0000ae54 00000004H .rtc$TZZ                DATA
 0002:0000ae58 0000274cH .xdata$x                DATA
 0002:0000d5a4 00000000H .edata                  DATA
 0002:0000d5a4 000001b8H .idata$2                DATA
 0002:0000d75c 00000014H .idata$3                DATA
 0002:0000d770 000006bcH .idata$4                DATA
 0002:0000de2c 0000248cH .idata$6                DATA
 0003:00000000 00001eccH .data                   DATA
 0003:00001ecc 00000e7cH .data$r                 DATA
 0003:00002d48 000055e0H .bss                    DATA
 0004:00000000 00000058H .gfids$y                DATA
 0005:00000000 00000004H .tls                    DATA
 0005:00000004 00000004H .tls$                   DATA
 0005:00000008 00000001H .tls$ZZZ                DATA
 0006:00000000 00000060H .rsrc$01                DATA
 0006:00000060 00000180H .rsrc$02                DATA

  Address         Publics by Value              Rva+Base       Lib:Object

 0000:00000000       ___safe_se_handler_table   00000000     <absolute>
 0000:00000000       ___guard_longjmp_count     00000000     <absolute>
 0000:00000000       ___safe_se_handler_count   00000000     <absolute>
 0000:00000000       ___guard_fids_count        00000000     <absolute>
 0000:00000000       ___dynamic_value_reloc_table 00000000     <absolute>
 0000:00000000       ___guard_iat_count         00000000     <absolute>
 0000:00000000       ___guard_longjmp_table     00000000     <absolute>
 0000:00000000       ___guard_iat_table         00000000     <absolute>
 0000:00000000       ___guard_fids_table        00000000     <absolute>
 0000:0000002c       __tls_array                0000002c     <absolute>
 0000:00000100       ___guard_flags             00000100     <absolute>
 0000:00000000       ___ImageBase               00400000     <linker-defined>
 0001:000001e0       ?GetOption@@YAHHPAPADPAD0@Z 004011e0 f   getopt.obj
 0001:000002c0       ?getopt@@YAHHPAPADPAD@Z    004012c0 f   getopt.obj
 0001:00000300       ??$__vcrt_va_start_verify_argument_type@QBD@@YAXXZ 00401300 f i main.obj
 0001:00000310       ??_H@YGXPAXIIP6EPAX0@Z@Z   00401310 f i main.obj
 0001:00000340       ?processArgs@@YA_NHPAPAD@Z 00401340 f   main.obj
 0001:00000430       ?usage@@YAXXZ              00401430 f   main.obj
 0001:00000450       ___local_stdio_printf_options 00401450 f i main.obj
 0001:00000460       _fprintf                   00401460 f i main.obj
 0001:00000490       _main                      00401490 f   main.obj
 0001:000006d0       ??$?0HVMaterial@@X$0A@@?$pair@$$CBHVMaterial@@@std@@QAE@$$QAU?$pair@HVMaterial@@@1@@Z 004016d0 f i RayTracer.obj
 0001:000007e0       ??$_Buynode@U?$pair@HVMaterial@@@std@@@?$_Tree_comp_alloc@V?$_Tmap_traits@HVMaterial@@U?$less@H@std@@V?$allocator@U?$pair@$$CBHVMaterial@@@std@@@3@$0A@@std@@@std@@QAEPAU?$_Tree_node@U?$pair@$$CBHVMaterial@@@std@@PAX@1@$$QAU?$pair@HVMaterial@@@1@@Z 004017e0 f i RayTracer.obj
 0001:00000810       ??$_Distance1@V?$_Tree_iterator@V?$_Tree_val@U?$_Tree_simple_types@U?$pair@$$CBHVMaterial@@@std@@@std@@@std@@@std@@@std@@YAHV?$_Tree_iterator@V?$_Tree_val@U?$_Tree_simple_types@U?$pair@$$CBHVMaterial@@@std@@@std@@@std@@@0@0Uinput_iterator_tag@0@@Z 00401810 f i RayTracer.obj
 0001:00000880       ??$_Eqrange@H@?$_Tree@V?$_Tmap_traits@HVMaterial@@U?$less@H@std@@V?$allocator@U?$pair@$$CBHVMaterial@@@std@@@3@$0A@@std@@@std@@IBE?AU?$pair@V?$_Tree_const_iterator@V?$_Tree_val@U?$_Tree_simple_types@U?$pair@$$CBHVMaterial@@@std@@@std@@@std@@@std@@V12@@1@ABH@Z 00401880 f i RayTracer.obj
 0001:00000900       ??$_Insert_at@AAU?$pair@$$CBHVMaterial@@@std@@PAU?$_Tree_node@U?$pair@$$CBHVMaterial@@@std@@PAX@2@@?$_Tree@V?$_Tmap_traits@HVMaterial@@U?$less@H@std@@V?$allocator@U?$pair@$$CBHVMaterial@@@std@@@3@$0A@@std@@@std@@IAE?AV?$_Tree_iterator@V?$_Tree_val@U?$_Tree_simple_types@U?$pair@$$CBHVMaterial@@@std@@@std@@@std@@@1@_NPAU?$_Tree_node@U?$pair@$$CBHVMaterial@@@std@@PAX@1@AAU?$pair@$$CBHVMaterial@@@1@1@Z 00401900 f i RayTracer.obj
 0001:00000aa0       ??$_Insert_nohint@AAU?$pair@$$CBHVMaterial@@@std@@PAU?$_Tree_node@U?$pair@$$CBHVMaterial@@@std@@PAX@2@@?$_Tree@V?$_Tmap_traits@HVMaterial@@U?$less@H@std@@V?$allocator@U?$pair@$$CBHVMaterial@@@std@@@3@$0A@@std@@@std@@IAE?AU?$pair@V?$_Tree_iterator@V?$_Tree_val@U?$_Tree_simple_types@U?$pair@$$CBHVMaterial@@@std@@@std@@@std@@@std@@_N@1@_NAAU?$pair@$$CBHVMaterial@@@1@PAU?$_Tree_node@U?$pair@$$CBHVMaterial@@@std@@PAX@1@@Z 00401aa0 f i RayTracer.obj
 0001:00000bd0       ??$make_pair@HABVMaterial@@@std@@YA?AU?$pair@HVMaterial@@@0@$$QAHABVMaterial@@@Z 00401bd0 f i RayTracer.obj
 0001:00000ce0       ??0RayTracer@@QAE@XZ       00401ce0 f   RayTracer.obj
 0001:00000d40       ??0vec3f@@QAE@XZ           00401d40 f i RayTracer.obj
 0001:00000d50       ??1?$basic_string@DU?$char_traits@D@std@@V?$allocator@D@2@@std@@QAE@XZ 00401d50 f i RayTracer.obj
 0001:00000d90       ??1ParseError@@QAE@XZ      00401d90 f i RayTracer.obj
 0001:00000dd0       ??1RayTracer@@QAE@XZ       00401dd0 f   RayTracer.obj
 0001:00000e20       ??1isect@@QAE@XZ           00401e20 f i RayTracer.obj
 0001:00000e40       ??1ray@@QAE@XZ             00401e40 f i RayTracer.obj
 0001:00000e50       ??C?$reverse_iterator@V?$_Tree_iterator@V?$_Tree_val@U?$_Tree_simple_types@U?$pair@$$CBHVMaterial@@@std@@@std@@@std@@@std@@@std@@QBEPAU?$pair@$$CBHVMaterial@@@1@XZ 00401e50 f i RayTracer.obj
 0001:00000e70       ??E?$_Tree_unchecked_const_iterator@V?$_Tree_val@U?$_Tree_simple_types@U?$pair@$$CBHVMaterial@@@std@@@std@@@std@@U_Iterator_base0@2@@std@@QAEAAV01@XZ 00401e70 f i RayTracer.obj
 0001:00000ec0       ??F?$_Tree_unchecked_const_iterator@V?$_Tree_val@U?$_Tree_simple_types@U?$pair@$$CBHVMaterial@@@std@@@std@@@std@@U_Iterator_base0@2@@std@@QAEAAV01@XZ 00401ec0 f i RayTracer.obj
 0001:00000f20       ?SphereInverse@RayTracer@@QAE?AVvec3f@@ABVray@@AAVisect@@@Z 00401f20 f   RayTracer.obj
 0001:00001080       ?_Buyheadnode@?$_Tree_comp_alloc@V?$_Tmap_traits@HVMaterial@@U?$less@H@std@@V?$allocator@U?$pair@$$CBHVMaterial@@@std@@@3@$0A@@std@@@std@@QAEPAU?$_Tree_node@U?$pair@$$CBHVMaterial@@@std@@PAX@2@XZ 00402080 f i RayTracer.obj
 0001:000010c0       ?_Buynode0@?$_Tree_comp_alloc@V?$_Tmap_traits@HVMaterial@@U?$less@H@std@@V?$allocator@U?$pair@$$CBHVMaterial@@@std@@@3@$0A@@std@@@std@@QAEPAU?$_Tree_node@U?$pair@$$CBHVMaterial@@@std@@PAX@2@XZ 004020c0 f i RayTracer.obj
 0001:00001100       ?_Copy@?$basic_string@DU?$char_traits@D@std@@V?$allocator@D@2@@std@@QAEXII@Z 00402100 f i RayTracer.obj
 0001:000012b0       ?_Deallocate@std@@YAXPAXII@Z 004022b0 f i RayTracer.obj
 0001:00001320       ?_Erase@?$_Tree@V?$_Tmap_traits@HVMaterial@@U?$less@H@std@@V?$allocator@U?$pair@$$CBHVMaterial@@@std@@@3@$0A@@std@@@std@@IAEXPAU?$_Tree_node@U?$pair@$$CBHVMaterial@@@std@@PAX@2@@Z 00402320 f i RayTracer.obj
 0001:00001360       ?_Lrotate@?$_Tree@V?$_Tmap_traits@HVMaterial@@U?$less@H@std@@V?$allocator@U?$pair@$$CBHVMaterial@@@std@@@3@$0A@@std@@@std@@IAEXPAU?$_Tree_node@U?$pair@$$CBHVMaterial@@@std@@PAX@2@@Z 00402360 f i RayTracer.obj
 0001:000013c0       ?_Rrotate@?$_Tree@V?$_Tmap_traits@HVMaterial@@U?$less@H@std@@V?$allocator@U?$pair@$$CBHVMaterial@@@std@@@3@$0A@@std@@@std@@IAEXPAU?$_Tree_node@U?$pair@$$CBHVMaterial@@@std@@PAX@2@@Z 004023c0 f i RayTracer.obj
 0001:00001420       ?allocate@?$_Wrap_alloc@V?$allocator@D@std@@@std@@QAEPADI@Z 00402420 f i RayTracer.obj
 0001:00001480       ?aspectRatio@RayTracer@@QAENXZ 00402480 f   RayTracer.obj
 0001:000014c0       ?assign@?$basic_string@DU?$char_traits@D@std@@V?$allocator@D@2@@std@@QAEAAV12@ABV12@II@Z 004024c0 f i RayTracer.obj
 0001:000015e0       ?assign@?$basic_string@DU?$char_traits@D@std@@V?$allocator@D@2@@std@@QAEAAV12@PBDI@Z 004025e0 f i RayTracer.obj
 0001:000016e0       ?clear@?$_Tree@V?$_Tmap_traits@HVMaterial@@U?$less@H@std@@V?$allocator@U?$pair@$$CBHVMaterial@@@std@@@3@$0A@@std@@@std@@QAEXXZ 004026e0 f i RayTracer.obj
 0001:00001760       ?erase@?$_Tree@V?$_Tmap_traits@HVMaterial@@U?$less@H@std@@V?$allocator@U?$pair@$$CBHVMaterial@@@std@@@3@$0A@@std@@@std@@QAE?AV?$_Tree_iterator@V?$_Tree_val@U?$_Tree_simple_types@U?$pair@$$CBHVMaterial@@@std@@@std@@@std@@@2@V?$_Tree_const_iterator@V?$_Tree_val@U?$_Tree_simple_types@U?$pair@$$CBHVMaterial@@@std@@@std@@@std@@@2@0@Z 00402760 f i RayTracer.obj
 0001:00001800       ?erase@?$_Tree@V?$_Tmap_traits@HVMaterial@@U?$less@H@std@@V?$allocator@U?$pair@$$CBHVMaterial@@@std@@@3@$0A@@std@@@std@@QAE?AV?$_Tree_iterator@V?$_Tree_val@U?$_Tree_simple_types@U?$pair@$$CBHVMaterial@@@std@@@std@@@std@@@2@V?$_Tree_const_iterator@V?$_Tree_val@U?$_Tree_simple_types@U?$pair@$$CBHVMaterial@@@std@@@std@@@std@@@2@@Z 00402800 f i RayTracer.obj
 0001:00001a80       ?erase@?$_Tree@V?$_Tmap_traits@HVMaterial@@U?$less@H@std@@V?$allocator@U?$pair@$$CBHVMaterial@@@std@@@3@$0A@@std@@@std@@QAEIABH@Z 00402a80 f i RayTracer.obj
 0001:00001ad0       ?erase@?$basic_string@DU?$char_traits@D@std@@V?$allocator@D@2@@std@@QAEAAV12@II@Z 00402ad0 f i RayTracer.obj
 0001:00001b70       ?getBuffer@RayTracer@@QAEXAAPAEAAH1@Z 00402b70 f   RayTracer.obj
 0001:00001b90       ?getFresnelCoeff@RayTracer@@QAENAAVisect@@ABVray@@@Z 00402b90 f   RayTracer.obj
 0001:000020c0       ?getbackgroundColor@RayTracer@@QAE?AVvec3f@@NN@Z 004030c0 f   RayTracer.obj
 0001:000021a0       ?gettextureColor@RayTracer@@QAE?AVvec3f@@NN@Z 004031a0 f   RayTracer.obj
 0001:00002280       ?loadScene@RayTracer@@QAE_NPAD@Z 00403280 f   RayTracer.obj
 0001:000023d0       ?loadbackgroundImage@RayTracer@@QAEXPAD@Z 004033d0 f   RayTracer.obj
 0001:00002410       ?loadtextureMappingImage@RayTracer@@QAEXPAD@Z 00403410 f   RayTracer.obj
 0001:00002450       ?sceneLoaded@RayTracer@@QAE_NXZ 00403450 f   RayTracer.obj
 0001:00002460       ?trace@RayTracer@@QAE?AVvec3f@@PAVScene@@NN@Z 00403460 f   RayTracer.obj
 0001:00002550       ?traceLines@RayTracer@@QAEXHH@Z 00403550 f   RayTracer.obj
 0001:00002a00       ?tracePixel@RayTracer@@QAEXHH@Z 00403a00 f   RayTracer.obj
 0001:00002e00       ?traceRay@RayTracer@@QAE?AVvec3f@@PAVScene@@ABVray@@ABV2@H@Z 00403e00 f   RayTracer.obj
 0001:00004340       ?traceSetup@RayTracer@@QAEXHH@Z 00405340 f   RayTracer.obj
 0001:000043a0       ??0TraceGLWindow@@QAE@HHHHPBD@Z 004053a0 f   TraceGLWindow.obj
 0001:00004420       ??_GFl_Gl_Window@@UAEPAXI@Z 00405420 f i TraceGLWindow.obj
 0001:00004420       ??_EFl_Gl_Window@@UAEPAXI@Z 00405420 f i TraceGLWindow.obj
 0001:00004450       ??_ETraceGLWindow@@UAEPAXI@Z 00405450 f i TraceGLWindow.obj
 0001:00004450       ??_GTraceGLWindow@@UAEPAXI@Z 00405450 f i TraceGLWindow.obj
 0001:00004480       ?as_gl_window@Fl_Gl_Window@@UAEPAV1@XZ 00405480 f i TraceGLWindow.obj
 0001:00004490       ?as_group@Fl_Group@@UAEPAV1@XZ 00405490 f i TraceGLWindow.obj
 0001:000044a0       ?as_window@Fl_Window@@UAEPAV1@XZ 004054a0 f i TraceGLWindow.obj
 0001:000044b0       ?draw@TraceGLWindow@@UAEXXZ 004054b0 f   TraceGLWindow.obj
 0001:00004590       ?handle@TraceGLWindow@@UAEHH@Z 00405590 f   TraceGLWindow.obj
 0001:000045a0       ?refresh@TraceGLWindow@@QAEXXZ 004055a0 f   TraceGLWindow.obj
 0001:000045b0       ?resizeWindow@TraceGLWindow@@QAEXHH@Z 004055b0 f   TraceGLWindow.obj
 0001:000045e0       ?saveImage@TraceGLWindow@@QAEXPAD@Z 004055e0 f   TraceGLWindow.obj
 0001:00004630       ?setRayTracer@TraceGLWindow@@QAEXPAVRayTracer@@@Z 00405630 f   TraceGLWindow.obj
 0001:00004640       ?cb_load_scene@TraceUI@@CAXPAVFl_Menu_@@PAX@Z 00405640 f   TraceUI.obj
 0001:000046e0       ?cb_save_image@TraceUI@@CAXPAVFl_Menu_@@PAX@Z 004056e0 f   TraceUI.obj
 0001:00004720       ?cb_load_background_image@TraceUI@@CAXPAVFl_Menu_@@PAX@Z 00405720 f   TraceUI.obj
 0001:00004760       ?cb_load_texture_image@TraceUI@@CAXPAVFl_Menu_@@PAX@Z 00405760 f   TraceUI.obj
 0001:000047a0       ?cb_exit@TraceUI@@CAXPAVFl_Menu_@@PAX@Z 004057a0 f   TraceUI.obj
 0001:000047d0       ?cb_about@TraceUI@@CAXPAVFl_Menu_@@PAX@Z 004057d0 f   TraceUI.obj
 0001:000047e0       ??0TraceUI@@QAE@XZ         004057e0 f   TraceUI.obj
 0001:000051f0       ?cb_ambientLightSlides@TraceUI@@CAXPAVFl_Widget@@PAX@Z 004061f0 f   TraceUI.obj
 0001:00005210       ?cb_antialiasingSlides@TraceUI@@CAXPAVFl_Widget@@PAX@Z 00406210 f   TraceUI.obj
 0001:00005230       ?cb_attenuationConstantSlides@TraceUI@@CAXPAVFl_Widget@@PAX@Z 00406230 f   TraceUI.obj
 0001:00005250       ?cb_attenuationLinearSlides@TraceUI@@CAXPAVFl_Widget@@PAX@Z 00406250 f   TraceUI.obj
 0001:00005270       ?cb_attenuationQuadraticSlides@TraceUI@@CAXPAVFl_Widget@@PAX@Z 00406270 f   TraceUI.obj
 0001:00005290       ?cb_depthSlides@TraceUI@@CAXPAVFl_Widget@@PAX@Z 00406290 f   TraceUI.obj
 0001:000052b0       ?cb_distanceSlides@TraceUI@@CAXPAVFl_Widget@@PAX@Z 004062b0 f   TraceUI.obj
 0001:000052d0       ?cb_exit2@TraceUI@@CAXPAVFl_Widget@@PAX@Z 004062d0 f   TraceUI.obj
 0001:00005300       ?cb_fresnelSwitch@TraceUI@@CAXPAVFl_Widget@@PAX@Z 00406300 f   TraceUI.obj
 0001:00005320       ?cb_glossySwitch@TraceUI@@CAXPAVFl_Widget@@PAX@Z 00406320 f   TraceUI.obj
 0001:00005340       ?cb_intensitySlides@TraceUI@@CAXPAVFl_Widget@@PAX@Z 00406340 f   TraceUI.obj
 0001:00005360       ?cb_jitteringSwitch@TraceUI@@CAXPAVFl_Widget@@PAX@Z 00406360 f   TraceUI.obj
 0001:00005380       ?cb_render@TraceUI@@CAXPAVFl_Widget@@PAX@Z 00406380 f   TraceUI.obj
 0001:00005590       ?cb_sizeSlides@TraceUI@@CAXPAVFl_Widget@@PAX@Z 00406590 f   TraceUI.obj
 0001:000055e0       ?cb_stop@TraceUI@@CAXPAVFl_Widget@@PAX@Z 004065e0 f   TraceUI.obj
 0001:000055f0       ?cb_textureMappingSwitch@TraceUI@@CAXPAVFl_Widget@@PAX@Z 004065f0 f   TraceUI.obj
 0001:00005610       ?getAmbientLight@TraceUI@@QAENXZ 00406610 f   TraceUI.obj
 0001:00005620       ?getAntialiasingSize@TraceUI@@QAEHXZ 00406620 f   TraceUI.obj
 0001:00005630       ?getAttenuationConstant@TraceUI@@QAENXZ 00406630 f   TraceUI.obj
 0001:00005640       ?getAttenuationLinear@TraceUI@@QAENXZ 00406640 f   TraceUI.obj
 0001:00005650       ?getAttenuationQuadratic@TraceUI@@QAENXZ 00406650 f   TraceUI.obj
 0001:00005660       ?getDepth@TraceUI@@QAEHXZ  00406660 f   TraceUI.obj
 0001:00005670       ?getDistance@TraceUI@@QAENXZ 00406670 f   TraceUI.obj
 0001:00005680       ?getIntensity@TraceUI@@QAEHXZ 00406680 f   TraceUI.obj
 0001:00005690       ?getSize@TraceUI@@QAEHXZ   00406690 f   TraceUI.obj
 0001:000056a0       ?isEnableFresnel@TraceUI@@QAE_NXZ 004066a0 f   TraceUI.obj
 0001:000056b0       ?isEnableGlossy@TraceUI@@QAE_NXZ 004066b0 f   TraceUI.obj
 0001:000056c0       ?isEnableJittering@TraceUI@@QAE_NXZ 004066c0 f   TraceUI.obj
 0001:000056d0       ?isEnableTextureMapping@TraceUI@@QAE_NXZ 004066d0 f   TraceUI.obj
 0001:000056e0       ?setRayTracer@TraceUI@@QAEXPAVRayTracer@@@Z 004066e0 f   TraceUI.obj
 0001:00005700       ?show@TraceUI@@QAEXXZ      00406700 f   TraceUI.obj
 0001:00005710       ?whoami@TraceUI@@CAPAV1@PAVFl_Menu_@@@Z 00406710 f   TraceUI.obj
 0001:00005720       _sprintf                   00406720 f i TraceUI.obj
 0001:00005760       ?readBMP@@YAPAEPADAAH1@Z   00406760 f   bitmap.obj
 0001:000058d0       ?writeBMP@@YAXPADHHPAE@Z   004068d0 f   bitmap.obj
 0001:00005a60       ??$?0U?$_Wrap_alloc@V?$allocator@U?$_Tree_node@U?$pair@$$CBV?$basic_string@DU?$char_traits@D@std@@V?$allocator@D@2@@std@@PAVObj@@@std@@PAX@std@@@std@@@std@@@?$_Tree@V?$_Tmap_traits@V?$basic_string@DU?$char_traits@D@std@@V?$allocator@D@2@@std@@PAVObj@@U?$less@V?$basic_string@DU?$char_traits@D@std@@V?$allocator@D@2@@std@@@2@V?$allocator@U?$pair@$$CBV?$basic_string@DU?$char_traits@D@std@@V?$allocator@D@2@@std@@PAVObj@@@std@@@2@$0A@@std@@@std@@QAE@ABV01@$$QAU?$_Wrap_alloc@V?$allocator@U?$_Tree_node@U?$pair@$$CBV?$basic_string@DU?$char_traits@D@std@@V?$allocator@D@2@@std@@PAVObj@@@std@@PAX@std@@@std@@@1@@Z 00406a60 f i parse.obj
 0001:00005af0       ??$?6DU?$char_traits@D@std@@V?$allocator@D@1@@std@@YAAAV?$basic_ostream@DU?$char_traits@D@std@@@0@AAV10@ABV?$basic_string@DU?$char_traits@D@std@@V?$allocator@D@2@@0@@Z 00406af0 f i parse.obj
 0001:00005cf0       ??$?6U?$char_traits@D@std@@@std@@YAAAV?$basic_ostream@DU?$char_traits@D@std@@@0@AAV10@D@Z 00406cf0 f i parse.obj
 0001:00005f00       ??$?6U?$char_traits@D@std@@@std@@YAAAV?$basic_ostream@DU?$char_traits@D@std@@@0@AAV10@PBD@Z 00406f00 f i parse.obj
 0001:00006140       ??$?8DU?$char_traits@D@std@@V?$allocator@D@1@@std@@YA_NABV?$basic_string@DU?$char_traits@D@std@@V?$allocator@D@2@@0@PBD@Z 00407140 f i parse.obj
 0001:000061b0       ??$?HDU?$char_traits@D@std@@V?$allocator@D@1@@std@@YA?AV?$basic_string@DU?$char_traits@D@std@@V?$allocator@D@2@@0@$$QAV10@0@Z 004071b0 f i parse.obj
 0001:00006220       ??$?HDU?$char_traits@D@std@@V?$allocator@D@1@@std@@YA?AV?$basic_string@DU?$char_traits@D@std@@V?$allocator@D@2@@0@$$QAV10@ABV10@@Z 00407220 f i parse.obj
 0001:00006260       ??$_Buynode@AAU?$pair@$$CBV?$basic_string@DU?$char_traits@D@std@@V?$allocator@D@2@@std@@PAVObj@@@std@@@?$_Tree_comp_alloc@V?$_Tmap_traits@V?$basic_string@DU?$char_traits@D@std@@V?$allocator@D@2@@std@@PAVObj@@U?$less@V?$basic_string@DU?$char_traits@D@std@@V?$allocator@D@2@@std@@@2@V?$allocator@U?$pair@$$CBV?$basic_string@DU?$char_traits@D@std@@V?$allocator@D@2@@std@@PAVObj@@@std@@@2@$0A@@std@@@std@@QAEPAU?$_Tree_node@U?$pair@$$CBV?$basic_string@DU?$char_traits@D@std@@V?$allocator@D@2@@std@@PAVObj@@@std@@PAX@1@AAU?$pair@$$CBV?$basic_string@DU?$char_traits@D@std@@V?$allocator@D@2@@std@@PAVObj@@@1@@Z 00407260 f i parse.obj
 0001:00006320       ??$_Buynode@ABUpiecewise_construct_t@std@@V?$tuple@ABV?$basic_string@DU?$char_traits@D@std@@V?$allocator@D@2@@std@@@2@V?$tuple@$$V@2@@?$_Tree_comp_alloc@V?$_Tmap_traits@V?$basic_string@DU?$char_traits@D@std@@V?$allocator@D@2@@std@@PAVObj@@U?$less@V?$basic_string@DU?$char_traits@D@std@@V?$allocator@D@2@@std@@@2@V?$allocator@U?$pair@$$CBV?$basic_string@DU?$char_traits@D@std@@V?$allocator@D@2@@std@@PAVObj@@@std@@@2@$0A@@std@@@std@@QAEPAU?$_Tree_node@U?$pair@$$CBV?$basic_string@DU?$char_traits@D@std@@V?$allocator@D@2@@std@@PAVObj@@@std@@PAX@1@ABUpiecewise_construct_t@1@$$QAV?$tuple@ABV?$basic_string@DU?$char_traits@D@std@@V?$allocator@D@2@@std@@@1@$$QAV?$tuple@$$V@1@@Z 00407320 f i parse.obj
 0001:000063e0       ??$_Copy@U_Copy_tag@?$_Tree@V?$_Tmap_traits@V?$basic_string@DU?$char_traits@D@std@@V?$allocator@D@2@@std@@PAVObj@@U?$less@V?$basic_string@DU?$char_traits@D@std@@V?$allocator@D@2@@std@@@2@V?$allocator@U?$pair@$$CBV?$basic_string@DU?$char_traits@D@std@@V?$allocator@D@2@@std@@PAVObj@@@std@@@2@$0A@@std@@@std@@@?$_Tree@V?$_Tmap_traits@V?$basic_string@DU?$char_traits@D@std@@V?$allocator@D@2@@std@@PAVObj@@U?$less@V?$basic_string@DU?$char_traits@D@std@@V?$allocator@D@2@@std@@@2@V?$allocator@U?$pair@$$CBV?$basic_string@DU?$char_traits@D@std@@V?$allocator@D@2@@std@@PAVObj@@@std@@@2@$0A@@std@@@std@@IAEXABV01@U_Copy_tag@01@@Z 004073e0 f i parse.obj
 0001:00006460       ??$_Copy_nodes@U_Copy_tag@?$_Tree@V?$_Tmap_traits@V?$basic_string@DU?$char_traits@D@std@@V?$allocator@D@2@@std@@PAVObj@@U?$less@V?$basic_string@DU?$char_traits@D@std@@V?$allocator@D@2@@std@@@2@V?$allocator@U?$pair@$$CBV?$basic_string@DU?$char_traits@D@std@@V?$allocator@D@2@@std@@PAVObj@@@std@@@2@$0A@@std@@@std@@@?$_Tree@V?$_Tmap_traits@V?$basic_string@DU?$char_traits@D@std@@V?$allocator@D@2@@std@@PAVObj@@U?$less@V?$basic_string@DU?$char_traits@D@std@@V?$allocator@D@2@@std@@@2@V?$allocator@U?$pair@$$CBV?$basic_string@DU?$char_traits@D@std@@V?$allocator@D@2@@std@@PAVObj@@@std@@@2@$0A@@std@@@std@@IAEPAU?$_Tree_node@U?$pair@$$CBV?$basic_string@DU?$char_traits@D@std@@V?$allocator@D@2@@std@@PAVObj@@@std@@PAX@1@PAU21@0U_Copy_tag@01@@Z 00407460 f i parse.obj
 0001:00006520       ??$_Insert_at@AAU?$pair@$$CBV?$basic_string@DU?$char_traits@D@std@@V?$allocator@D@2@@std@@PAVObj@@@std@@PAU?$_Tree_node@U?$pair@$$CBV?$basic_string@DU?$char_traits@D@std@@V?$allocator@D@2@@std@@PAVObj@@@std@@PAX@2@@?$_Tree@V?$_Tmap_traits@V?$basic_string@DU?$char_traits@D@std@@V?$allocator@D@2@@std@@PAVObj@@U?$less@V?$basic_string@DU?$char_traits@D@std@@V?$allocator@D@2@@std@@@2@V?$allocator@U?$pair@$$CBV?$basic_string@DU?$char_traits@D@std@@V?$allocator@D@2@@std@@PAVObj@@@std@@@2@$0A@@std@@@std@@IAE?AV?$_Tree_iterator@V?$_Tree_val@U?$_Tree_simple_types@U?$pair@$$CBV?$basic_string@DU?$char_traits@D@std@@V?$allocator@D@2@@std@@PAVObj@@@std@@@std@@@std@@@1@_NPAU?$_Tree_node@U?$pair@$$CBV?$basic_string@DU?$char_traits@D@std@@V?$allocator@D@2@@std@@PAVObj@@@std@@PAX@1@AAU?$pair@$$CBV?$basic_string@DU?$char_traits@D@std@@V?$allocator@D@2@@std@@PAVObj@@@1@1@Z 00407520 f i parse.obj
 0001:000066f0       ??$_Insert_hint@AAU?$pair@$$CBV?$basic_string@DU?$char_traits@D@std@@V?$allocator@D@2@@std@@PAVObj@@@std@@PAU?$_Tree_node@U?$pair@$$CBV?$basic_string@DU?$char_traits@D@std@@V?$allocator@D@2@@std@@PAVObj@@@std@@PAX@2@@?$_Tree@V?$_Tmap_traits@V?$basic_string@DU?$char_traits@D@std@@V?$allocator@D@2@@std@@PAVObj@@U?$less@V?$basic_string@DU?$char_traits@D@std@@V?$allocator@D@2@@std@@@2@V?$allocator@U?$pair@$$CBV?$basic_string@DU?$char_traits@D@std@@V?$allocator@D@2@@std@@PAVObj@@@std@@@2@$0A@@std@@@std@@IAE?AV?$_Tree_iterator@V?$_Tree_val@U?$_Tree_simple_types@U?$pair@$$CBV?$basic_string@DU?$char_traits@D@std@@V?$allocator@D@2@@std@@PAVObj@@@std@@@std@@@std@@@1@V?$_Tree_const_iterator@V?$_Tree_val@U?$_Tree_simple_types@U?$pair@$$CBV?$basic_string@DU?$char_traits@D@std@@V?$allocator@D@2@@std@@PAVObj@@@std@@@std@@@std@@@1@AAU?$pair@$$CBV?$basic_string@DU?$char_traits@D@std@@V?$allocator@D@2@@std@@PAVObj@@@1@PAU?$_Tree_node@U?$pair@$$CBV?$basic_string@DU?$char_traits@D@std@@V?$allocator@D@2@@std@@PAVObj@@@std@@PAX@1@@Z 004076f0 f i parse.obj
 0001:00006950       ??$_Insert_nohint@AAU?$pair@$$CBV?$basic_string@DU?$char_traits@D@std@@V?$allocator@D@2@@std@@PAVObj@@@std@@PAU?$_Tree_node@U?$pair@$$CBV?$basic_string@DU?$char_traits@D@std@@V?$allocator@D@2@@std@@PAVObj@@@std@@PAX@2@@?$_Tree@V?$_Tmap_traits@V?$basic_string@DU?$char_traits@D@std@@V?$allocator@D@2@@std@@PAVObj@@U?$less@V?$basic_string@DU?$char_traits@D@std@@V?$allocator@D@2@@std@@@2@V?$allocator@U?$pair@$$CBV?$basic_string@DU?$char_traits@D@std@@V?$allocator@D@2@@std@@PAVObj@@@std@@@2@$0A@@std@@@std@@IAE?AU?$pair@V?$_Tree_iterator@V?$_Tree_val@U?$_Tree_simple_types@U?$pair@$$CBV?$basic_string@DU?$char_traits@D@std@@V?$allocator@D@2@@std@@PAVObj@@@std@@@std@@@std@@@std@@_N@1@_NAAU?$pair@$$CBV?$basic_string@DU?$char_traits@D@std@@V?$allocator@D@2@@std@@PAVObj@@@1@PAU?$_Tree_node@U?$pair@$$CBV?$basic_string@DU?$char_traits@D@std@@V?$allocator@D@2@@std@@PAVObj@@@std@@PAX@1@@Z 00407950 f i parse.obj
 0001:00006bc0       ??$_Lbound@V?$basic_string@DU?$char_traits@D@std@@V?$allocator@D@2@@std@@@?$_Tree@V?$_Tmap_traits@V?$basic_string@DU?$char_traits@D@std@@V?$allocator@D@2@@std@@PAVObj@@U?$less@V?$basic_string@DU?$char_traits@D@std@@V?$allocator@D@2@@std@@@2@V?$allocator@U?$pair@$$CBV?$basic_string@DU?$char_traits@D@std@@V?$allocator@D@2@@std@@PAVObj@@@std@@@2@$0A@@std@@@std@@IBEPAU?$_Tree_node@U?$pair@$$CBV?$basic_string@DU?$char_traits@D@std@@V?$allocator@D@2@@std@@PAVObj@@@std@@PAX@1@ABV?$basic_string@DU?$char_traits@D@std@@V?$allocator@D@2@@1@@Z 00407bc0 f i parse.obj
 0001:00006ca0       ??$_Try_emplace@ABV?$basic_string@DU?$char_traits@D@std@@V?$allocator@D@2@@std@@$$V@?$map@V?$basic_string@DU?$char_traits@D@std@@V?$allocator@D@2@@std@@PAVObj@@U?$less@V?$basic_string@DU?$char_traits@D@std@@V?$allocator@D@2@@std@@@2@V?$allocator@U?$pair@$$CBV?$basic_string@DU?$char_traits@D@std@@V?$allocator@D@2@@std@@PAVObj@@@std@@@2@@std@@QAE?AU?$pair@V?$_Tree_iterator@V?$_Tree_val@U?$_Tree_simple_types@U?$pair@$$CBV?$basic_string@DU?$char_traits@D@std@@V?$allocator@D@2@@std@@PAVObj@@@std@@@std@@@std@@@std@@_N@1@ABV?$basic_string@DU?$char_traits@D@std@@V?$allocator@D@2@@1@@Z 00407ca0 f i parse.obj
 0001:00006d50       ??0?$basic_string@DU?$char_traits@D@std@@V?$allocator@D@2@@std@@QAE@PBD@Z 00407d50 f i parse.obj
 0001:00006db0       ??0?$vector@PAVObj@@V?$allocator@PAVObj@@@std@@@std@@QAE@ABV01@@Z 00407db0 f i parse.obj
 0001:00006e40       ??0Exception@@QAE@ABV0@@Z  00407e40 f i parse.obj
 0001:00006e70       ??0IdObj@@QAE@ABV?$basic_string@DU?$char_traits@D@std@@V?$allocator@D@2@@std@@@Z 00407e70 f i parse.obj
 0001:00006ee0       ??0NamedObj@@QAE@ABV?$basic_string@DU?$char_traits@D@std@@V?$allocator@D@2@@std@@PAVObj@@@Z 00407ee0 f i parse.obj
 0001:00006f50       ??0ObjTypeMismatch@@QAE@ABV0@@Z 00407f50 f i parse.obj
 0001:00006f80       ??0ObjTypeMismatch@@QAE@V?$basic_string@DU?$char_traits@D@std@@V?$allocator@D@2@@std@@0@Z 00407f80 f i parse.obj
 0001:00007230       ??0ParseError@@QAE@ABV0@@Z 00408230 f i parse.obj
 0001:00007260       ??1?$_Tree_comp_alloc@V?$_Tmap_traits@V?$basic_string@DU?$char_traits@D@std@@V?$allocator@D@2@@std@@PAVObj@@U?$less@V?$basic_string@DU?$char_traits@D@std@@V?$allocator@D@2@@std@@@2@V?$allocator@U?$pair@$$CBV?$basic_string@DU?$char_traits@D@std@@V?$allocator@D@2@@std@@PAVObj@@@std@@@2@$0A@@std@@@std@@QAE@XZ 00408260 f i parse.obj
 0001:00007270       ??1?$map@V?$basic_string@DU?$char_traits@D@std@@V?$allocator@D@2@@std@@PAVObj@@U?$less@V?$basic_string@DU?$char_traits@D@std@@V?$allocator@D@2@@std@@@2@V?$allocator@U?$pair@$$CBV?$basic_string@DU?$char_traits@D@std@@V?$allocator@D@2@@std@@PAVObj@@@std@@@2@@std@@QAE@XZ 00408270 f i parse.obj
 0001:000072d0       ??1?$vector@PAVObj@@V?$allocator@PAVObj@@@std@@@std@@QAE@XZ 004082d0 f i parse.obj
 0001:00007310       ??1BooleanObj@@UAE@XZ      00408310 f i parse.obj
 0001:00007320       ??1DictObj@@UAE@XZ         00408320 f i parse.obj
 0001:000073f0       ??1IdObj@@UAE@XZ           004083f0 f i parse.obj
 0001:00007440       ??1NamedObj@@UAE@XZ        00408440 f i parse.obj
 0001:000074a0       ??1Obj@@UAE@XZ             004084a0 f i parse.obj
 0001:000074b0       ??1ObjTypeMismatch@@QAE@XZ 004084b0 f i parse.obj
 0001:000074f0       ??1ScalarObj@@UAE@XZ       004084f0 f i parse.obj
 0001:00007500       ??1StringObj@@UAE@XZ       00408500 f i parse.obj
 0001:00007550       ??1TupleObj@@UAE@XZ        00408550 f i parse.obj
 0001:00007600       ??1_Sentry_base@?$basic_ostream@DU?$char_traits@D@std@@@std@@QAE@XZ 00408600 f i parse.obj
 0001:00007650       ??1sentry@?$basic_ostream@DU?$char_traits@D@std@@@std@@QAE@XZ 00408650 f i parse.obj
 0001:000076c0       ??3@YAXPAX0@Z              004086c0 f i parse.obj
 0001:000076d0       ??E?$_Tree_unchecked_const_iterator@V?$_Tree_val@U?$_Tree_simple_types@U?$pair@$$CBV?$basic_string@DU?$char_traits@D@std@@V?$allocator@D@2@@std@@PAVObj@@@std@@@std@@@std@@U_Iterator_base0@2@@std@@QAEAAV01@XZ 004086d0 f i parse.obj
 0001:00007720       ??F?$_Tree_unchecked_const_iterator@V?$_Tree_val@U?$_Tree_simple_types@U?$pair@$$CBV?$basic_string@DU?$char_traits@D@std@@V?$allocator@D@2@@std@@PAVObj@@@std@@@std@@@std@@U_Iterator_base0@2@@std@@QAEAAV01@XZ 00408720 f i parse.obj
 0001:00007780       ??R?$less@V?$basic_string@DU?$char_traits@D@std@@V?$allocator@D@2@@std@@@std@@QBE_NABV?$basic_string@DU?$char_traits@D@std@@V?$allocator@D@2@@1@0@Z 00408780 f i parse.obj
 0001:000077e0       ??_GBooleanObj@@UAEPAXI@Z  004087e0 f i parse.obj
 0001:000077e0       ??_EBooleanObj@@UAEPAXI@Z  004087e0 f i parse.obj
 0001:00007810       ??_GDictObj@@UAEPAXI@Z     00408810 f i parse.obj
 0001:00007810       ??_EDictObj@@UAEPAXI@Z     00408810 f i parse.obj
 0001:00007840       ??_EIdObj@@UAEPAXI@Z       00408840 f i parse.obj
 0001:00007840       ??_GIdObj@@UAEPAXI@Z       00408840 f i parse.obj
 0001:000078a0       ??_GNamedObj@@UAEPAXI@Z    004088a0 f i parse.obj
 0001:000078a0       ??_ENamedObj@@UAEPAXI@Z    004088a0 f i parse.obj
 0001:000078d0       ??_GObj@@UAEPAXI@Z         004088d0 f i parse.obj
 0001:000078d0       ??_EObj@@UAEPAXI@Z         004088d0 f i parse.obj
 0001:00007900       ??_EScalarObj@@UAEPAXI@Z   00408900 f i parse.obj
 0001:00007900       ??_GScalarObj@@UAEPAXI@Z   00408900 f i parse.obj
 0001:00007930       ??_GStringObj@@UAEPAXI@Z   00408930 f i parse.obj
 0001:00007930       ??_EStringObj@@UAEPAXI@Z   00408930 f i parse.obj
 0001:00007990       ??_GTupleObj@@UAEPAXI@Z    00408990 f i parse.obj
 0001:00007990       ??_ETupleObj@@UAEPAXI@Z    00408990 f i parse.obj
 0001:000079c0       ?_Assign_rv@?$basic_string@DU?$char_traits@D@std@@V?$allocator@D@2@@std@@QAEX$$QAV12@@Z 004089c0 f i parse.obj
 0001:00007a30       ?_Buyheadnode@?$_Tree_comp_alloc@V?$_Tmap_traits@V?$basic_string@DU?$char_traits@D@std@@V?$allocator@D@2@@std@@PAVObj@@U?$less@V?$basic_string@DU?$char_traits@D@std@@V?$allocator@D@2@@std@@@2@V?$allocator@U?$pair@$$CBV?$basic_string@DU?$char_traits@D@std@@V?$allocator@D@2@@std@@PAVObj@@@std@@@2@$0A@@std@@@std@@QAEPAU?$_Tree_node@U?$pair@$$CBV?$basic_string@DU?$char_traits@D@std@@V?$allocator@D@2@@std@@PAVObj@@@std@@PAX@2@XZ 00408a30 f i parse.obj
 0001:00007a60       ?_Buynode0@?$_Tree_comp_alloc@V?$_Tmap_traits@V?$basic_string@DU?$char_traits@D@std@@V?$allocator@D@2@@std@@PAVObj@@U?$less@V?$basic_string@DU?$char_traits@D@std@@V?$allocator@D@2@@std@@@2@V?$allocator@U?$pair@$$CBV?$basic_string@DU?$char_traits@D@std@@V?$allocator@D@2@@std@@PAVObj@@@std@@@2@$0A@@std@@@std@@QAEPAU?$_Tree_node@U?$pair@$$CBV?$basic_string@DU?$char_traits@D@std@@V?$allocator@D@2@@std@@PAVObj@@@std@@PAX@2@XZ 00408a60 f i parse.obj
 0001:00007aa0       ?_Chassign@?$basic_string@DU?$char_traits@D@std@@V?$allocator@D@2@@std@@QAEXIID@Z 00408aa0 f i parse.obj
 0001:00007af0       ?_Destroy_if_not_nil@?$_Tree@V?$_Tmap_traits@V?$basic_string@DU?$char_traits@D@std@@V?$allocator@D@2@@std@@PAVObj@@U?$less@V?$basic_string@DU?$char_traits@D@std@@V?$allocator@D@2@@std@@@2@V?$allocator@U?$pair@$$CBV?$basic_string@DU?$char_traits@D@std@@V?$allocator@D@2@@std@@PAVObj@@@std@@@2@$0A@@std@@@std@@IAEXPAU?$_Tree_node@U?$pair@$$CBV?$basic_string@DU?$char_traits@D@std@@V?$allocator@D@2@@std@@PAVObj@@@std@@PAX@2@@Z 00408af0 f i parse.obj
 0001:00007b40       ?_Erase@?$_Tree@V?$_Tmap_traits@V?$basic_string@DU?$char_traits@D@std@@V?$allocator@D@2@@std@@PAVObj@@U?$less@V?$basic_string@DU?$char_traits@D@std@@V?$allocator@D@2@@std@@@2@V?$allocator@U?$pair@$$CBV?$basic_string@DU?$char_traits@D@std@@V?$allocator@D@2@@std@@PAVObj@@@std@@@2@$0A@@std@@@std@@IAEXPAU?$_Tree_node@U?$pair@$$CBV?$basic_string@DU?$char_traits@D@std@@V?$allocator@D@2@@std@@PAVObj@@@std@@PAX@2@@Z 00408b40 f i parse.obj
 0001:00007bf0       ?_Lrotate@?$_Tree@V?$_Tmap_traits@V?$basic_string@DU?$char_traits@D@std@@V?$allocator@D@2@@std@@PAVObj@@U?$less@V?$basic_string@DU?$char_traits@D@std@@V?$allocator@D@2@@std@@@2@V?$allocator@U?$pair@$$CBV?$basic_string@DU?$char_traits@D@std@@V?$allocator@D@2@@std@@PAVObj@@@std@@@2@$0A@@std@@@std@@IAEXPAU?$_Tree_node@U?$pair@$$CBV?$basic_string@DU?$char_traits@D@std@@V?$allocator@D@2@@std@@PAVObj@@@std@@PAX@2@@Z 00408bf0 f i parse.obj
 0001:00007c50       ?_Reallocate@?$vector@PAVObj@@V?$allocator@PAVObj@@@std@@@std@@IAEXI@Z 00408c50 f i parse.obj
 0001:00007cb0       ?_Reserve@?$vector@PAVObj@@V?$allocator@PAVObj@@@std@@@std@@IAEXI@Z 00408cb0 f i parse.obj
 0001:00007d20       ?_Rrotate@?$_Tree@V?$_Tmap_traits@V?$basic_string@DU?$char_traits@D@std@@V?$allocator@D@2@@std@@PAVObj@@U?$less@V?$basic_string@DU?$char_traits@D@std@@V?$allocator@D@2@@std@@@2@V?$allocator@U?$pair@$$CBV?$basic_string@DU?$char_traits@D@std@@V?$allocator@D@2@@std@@PAVObj@@@std@@@2@$0A@@std@@@std@@IAEXPAU?$_Tree_node@U?$pair@$$CBV?$basic_string@DU?$char_traits@D@std@@V?$allocator@D@2@@std@@PAVObj@@@std@@PAX@2@@Z 00408d20 f i parse.obj
 0001:00007d80       ?allocate@?$allocator@PAVObj@@@std@@QAEPAPAVObj@@I@Z 00408d80 f i parse.obj
 0001:00007df0       ?append@?$basic_string@DU?$char_traits@D@std@@V?$allocator@D@2@@std@@QAEAAV12@ABV12@II@Z 00408df0 f i parse.obj
 0001:00007ee0       ?append@?$basic_string@DU?$char_traits@D@std@@V?$allocator@D@2@@std@@QAEAAV12@ID@Z 00408ee0 f i parse.obj
 0001:00007f90       ?compare@?$char_traits@D@std@@SAHPBD0I@Z 00408f90 f i parse.obj
 0001:00008240       ?erase@?$_Tree@V?$_Tmap_traits@V?$basic_string@DU?$char_traits@D@std@@V?$allocator@D@2@@std@@PAVObj@@U?$less@V?$basic_string@DU?$char_traits@D@std@@V?$allocator@D@2@@std@@@2@V?$allocator@U?$pair@$$CBV?$basic_string@DU?$char_traits@D@std@@V?$allocator@D@2@@std@@PAVObj@@@std@@@2@$0A@@std@@@std@@QAE?AV?$_Tree_iterator@V?$_Tree_val@U?$_Tree_simple_types@U?$pair@$$CBV?$basic_string@DU?$char_traits@D@std@@V?$allocator@D@2@@std@@PAVObj@@@std@@@std@@@std@@@2@V?$_Tree_const_iterator@V?$_Tree_val@U?$_Tree_simple_types@U?$pair@$$CBV?$basic_string@DU?$char_traits@D@std@@V?$allocator@D@2@@std@@PAVObj@@@std@@@std@@@std@@@2@0@Z 00409240 f i parse.obj
 0001:00008330       ?erase@?$_Tree@V?$_Tmap_traits@V?$basic_string@DU?$char_traits@D@std@@V?$allocator@D@2@@std@@PAVObj@@U?$less@V?$basic_string@DU?$char_traits@D@std@@V?$allocator@D@2@@std@@@2@V?$allocator@U?$pair@$$CBV?$basic_string@DU?$char_traits@D@std@@V?$allocator@D@2@@std@@PAVObj@@@std@@@2@$0A@@std@@@std@@QAE?AV?$_Tree_iterator@V?$_Tree_val@U?$_Tree_simple_types@U?$pair@$$CBV?$basic_string@DU?$char_traits@D@std@@V?$allocator@D@2@@std@@PAVObj@@@std@@@std@@@std@@@2@V?$_Tree_const_iterator@V?$_Tree_val@U?$_Tree_simple_types@U?$pair@$$CBV?$basic_string@DU?$char_traits@D@std@@V?$allocator@D@2@@std@@PAVObj@@@std@@@std@@@std@@@2@@Z 00409330 f i parse.obj
 0001:00008620       ?getBoolean@BooleanObj@@UBE_NXZ 00409620 f i parse.obj
 0001:00008630       ?getBoolean@Obj@@UBE_NXZ   00409630 f i parse.obj
 0001:000086c0       ?getChild@NamedObj@@UBEPAVObj@@XZ 004096c0 f i parse.obj
 0001:000086d0       ?getChild@Obj@@UBEPAV1@XZ  004096d0 f i parse.obj
 0001:00008760       ?getDict@DictObj@@UBEABV?$map@V?$basic_string@DU?$char_traits@D@std@@V?$allocator@D@2@@std@@PAVObj@@U?$less@V?$basic_string@DU?$char_traits@D@std@@V?$allocator@D@2@@std@@@2@V?$allocator@U?$pair@$$CBV?$basic_string@DU?$char_traits@D@std@@V?$allocator@D@2@@std@@PAVObj@@@std@@@2@@std@@XZ 00409760 f i parse.obj
 0001:00008770       ?getDict@Obj@@UBEABV?$map@V?$basic_string@DU?$char_traits@D@std@@V?$allocator@D@2@@std@@PAVObj@@U?$less@V?$basic_string@DU?$char_traits@D@std@@V?$allocator@D@2@@std@@@2@V?$allocator@U?$pair@$$CBV?$basic_string@DU?$char_traits@D@std@@V?$allocator@D@2@@std@@PAVObj@@@std@@@2@@std@@XZ 00409770 f i parse.obj
 0001:00008800       ?getID@IdObj@@UBE?AV?$basic_string@DU?$char_traits@D@std@@V?$allocator@D@2@@std@@XZ 00409800 f i parse.obj
 0001:00008840       ?getID@Obj@@UBE?AV?$basic_string@DU?$char_traits@D@std@@V?$allocator@D@2@@std@@XZ 00409840 f i parse.obj
 0001:000088d0       ?getName@NamedObj@@UBE?AV?$basic_string@DU?$char_traits@D@std@@V?$allocator@D@2@@std@@XZ 004098d0 f i parse.obj
 0001:00008910       ?getName@Obj@@UBE?AV?$basic_string@DU?$char_traits@D@std@@V?$allocator@D@2@@std@@XZ 00409910 f i parse.obj
 0001:000089a0       ?getScalar@Obj@@UBENXZ     004099a0 f i parse.obj
 0001:00008a30       ?getScalar@ScalarObj@@UBENXZ 00409a30 f i parse.obj
 0001:00008a40       ?getString@Obj@@UBE?AV?$basic_string@DU?$char_traits@D@std@@V?$allocator@D@2@@std@@XZ 00409a40 f i parse.obj
 0001:00008ad0       ?getString@StringObj@@UBE?AV?$basic_string@DU?$char_traits@D@std@@V?$allocator@D@2@@std@@XZ 00409ad0 f i parse.obj
 0001:00008b10       ?getTuple@Obj@@UBEABV?$vector@PAVObj@@V?$allocator@PAVObj@@@std@@@std@@XZ 00409b10 f i parse.obj
 0001:00008ba0       ?getTuple@TupleObj@@UBEABV?$vector@PAVObj@@V?$allocator@PAVObj@@@std@@@std@@XZ 00409ba0 f i parse.obj
 0001:00008bb0       ?getTypeName@BooleanObj@@UBE?AV?$basic_string@DU?$char_traits@D@std@@V?$allocator@D@2@@std@@XZ 00409bb0 f i parse.obj
 0001:00008bf0       ?getTypeName@DictObj@@UBE?AV?$basic_string@DU?$char_traits@D@std@@V?$allocator@D@2@@std@@XZ 00409bf0 f i parse.obj
 0001:00008c30       ?getTypeName@IdObj@@UBE?AV?$basic_string@DU?$char_traits@D@std@@V?$allocator@D@2@@std@@XZ 00409c30 f i parse.obj
 0001:00008c70       ?getTypeName@NamedObj@@UBE?AV?$basic_string@DU?$char_traits@D@std@@V?$allocator@D@2@@std@@XZ 00409c70 f i parse.obj
 0001:00008cb0       ?getTypeName@Obj@@UBE?AV?$basic_string@DU?$char_traits@D@std@@V?$allocator@D@2@@std@@XZ 00409cb0 f i parse.obj
 0001:00008cf0       ?getTypeName@ScalarObj@@UBE?AV?$basic_string@DU?$char_traits@D@std@@V?$allocator@D@2@@std@@XZ 00409cf0 f i parse.obj
 0001:00008d30       ?getTypeName@StringObj@@UBE?AV?$basic_string@DU?$char_traits@D@std@@V?$allocator@D@2@@std@@XZ 00409d30 f i parse.obj
 0001:00008d70       ?getTypeName@TupleObj@@UBE?AV?$basic_string@DU?$char_traits@D@std@@V?$allocator@D@2@@std@@XZ 00409d70 f i parse.obj
 0001:00008db0       ?insert@?$basic_string@DU?$char_traits@D@std@@V?$allocator@D@2@@std@@QAEAAV12@IABV12@II@Z 00409db0 f i parse.obj
 0001:00008f40       ?printOn@BooleanObj@@UBEXAAV?$basic_ostream@DU?$char_traits@D@std@@@std@@@Z 00409f40 f i parse.obj
 0001:00008f70       ?printOn@DictObj@@UBEXAAV?$basic_ostream@DU?$char_traits@D@std@@@std@@@Z 00409f70 f i parse.obj
 0001:00009040       ?printOn@IdObj@@UBEXAAV?$basic_ostream@DU?$char_traits@D@std@@@std@@@Z 0040a040 f i parse.obj
 0001:00009060       ?printOn@NamedObj@@UBEXAAV?$basic_ostream@DU?$char_traits@D@std@@@std@@@Z 0040a060 f i parse.obj
 0001:00009090       ?printOn@Obj@@UBEXAAV?$basic_ostream@DU?$char_traits@D@std@@@std@@@Z 0040a090 f i parse.obj
 0001:000090a0       ?printOn@ScalarObj@@UBEXAAV?$basic_ostream@DU?$char_traits@D@std@@@std@@@Z 0040a0a0 f i parse.obj
 0001:000090c0       ?printOn@StringObj@@UBEXAAV?$basic_ostream@DU?$char_traits@D@std@@@std@@@Z 0040a0c0 f i parse.obj
 0001:000090f0       ?printOn@TupleObj@@UBEXAAV?$basic_ostream@DU?$char_traits@D@std@@@std@@@Z 0040a0f0 f i parse.obj
 0001:000094b0       ?readFile@@YAPAVObj@@AAV?$basic_istream@DU?$char_traits@D@std@@@std@@@Z 0040a4b0 f   parse.obj
 0001:00009d30       ??$?HDU?$char_traits@D@std@@V?$allocator@D@1@@std@@YA?AV?$basic_string@DU?$char_traits@D@std@@V?$allocator@D@2@@0@$$QAV10@PBD@Z 0040ad30 f i read.obj
 0001:00009d90       ??$_Buynode@ABQAVGeometry@@@?$_List_buy@PAVGeometry@@V?$allocator@PAVGeometry@@@std@@@std@@QAEPAU?$_List_node@PAVGeometry@@PAX@1@PAU21@0ABQAVGeometry@@@Z 0040ad90 f i read.obj
 0001:00009db0       ??$_Buynode@ABQAVLight@@@?$_List_buy@PAVLight@@V?$allocator@PAVLight@@@std@@@std@@QAEPAU?$_List_node@PAVLight@@PAX@1@PAU21@0ABQAVLight@@@Z 0040adb0 f i read.obj
 0001:00009dd0       ??$_Buynode@ABQAVTransformNode@@@?$_List_buy@PAVTransformNode@@V?$allocator@PAVTransformNode@@@std@@@std@@QAEPAU?$_List_node@PAVTransformNode@@PAX@1@PAU21@0ABQAVTransformNode@@@Z 0040add0 f i read.obj
 0001:00009df0       ??$_Buynode@ABUpiecewise_construct_t@std@@V?$tuple@ABV?$basic_string@DU?$char_traits@D@std@@V?$allocator@D@2@@std@@@2@V?$tuple@$$V@2@@?$_Tree_comp_alloc@V?$_Tmap_traits@V?$basic_string@DU?$char_traits@D@std@@V?$allocator@D@2@@std@@PAVMaterial@@U?$less@V?$basic_string@DU?$char_traits@D@std@@V?$allocator@D@2@@std@@@2@V?$allocator@U?$pair@$$CBV?$basic_string@DU?$char_traits@D@std@@V?$allocator@D@2@@std@@PAVMaterial@@@std@@@2@$0A@@std@@@std@@QAEPAU?$_Tree_node@U?$pair@$$CBV?$basic_string@DU?$char_traits@D@std@@V?$allocator@D@2@@std@@PAVMaterial@@@std@@PAX@1@ABUpiecewise_construct_t@1@$$QAV?$tuple@ABV?$basic_string@DU?$char_traits@D@std@@V?$allocator@D@2@@std@@@1@$$QAV?$tuple@$$V@1@@Z 0040adf0 f i read.obj
 0001:00009eb0       ??$_Insert_at@AAU?$pair@$$CBV?$basic_string@DU?$char_traits@D@std@@V?$allocator@D@2@@std@@PAVMaterial@@@std@@PAU?$_Tree_node@U?$pair@$$CBV?$basic_string@DU?$char_traits@D@std@@V?$allocator@D@2@@std@@PAVMaterial@@@std@@PAX@2@@?$_Tree@V?$_Tmap_traits@V?$basic_string@DU?$char_traits@D@std@@V?$allocator@D@2@@std@@PAVMaterial@@U?$less@V?$basic_string@DU?$char_traits@D@std@@V?$allocator@D@2@@std@@@2@V?$allocator@U?$pair@$$CBV?$basic_string@DU?$char_traits@D@std@@V?$allocator@D@2@@std@@PAVMaterial@@@std@@@2@$0A@@std@@@std@@IAE?AV?$_Tree_iterator@V?$_Tree_val@U?$_Tree_simple_types@U?$pair@$$CBV?$basic_string@DU?$char_traits@D@std@@V?$allocator@D@2@@std@@PAVMaterial@@@std@@@std@@@std@@@1@_NPAU?$_Tree_node@U?$pair@$$CBV?$basic_string@DU?$char_traits@D@std@@V?$allocator@D@2@@std@@PAVMaterial@@@std@@PAX@1@AAU?$pair@$$CBV?$basic_string@DU?$char_traits@D@std@@V?$allocator@D@2@@std@@PAVMaterial@@@1@1@Z 0040aeb0 f i read.obj
 0001:0000a080       ??$_Insert_hint@AAU?$pair@$$CBV?$basic_string@DU?$char_traits@D@std@@V?$allocator@D@2@@std@@PAVMaterial@@@std@@PAU?$_Tree_node@U?$pair@$$CBV?$basic_string@DU?$char_traits@D@std@@V?$allocator@D@2@@std@@PAVMaterial@@@std@@PAX@2@@?$_Tree@V?$_Tmap_traits@V?$basic_string@DU?$char_traits@D@std@@V?$allocator@D@2@@std@@PAVMaterial@@U?$less@V?$basic_string@DU?$char_traits@D@std@@V?$allocator@D@2@@std@@@2@V?$allocator@U?$pair@$$CBV?$basic_string@DU?$char_traits@D@std@@V?$allocator@D@2@@std@@PAVMaterial@@@std@@@2@$0A@@std@@@std@@IAE?AV?$_Tree_iterator@V?$_Tree_val@U?$_Tree_simple_types@U?$pair@$$CBV?$basic_string@DU?$char_traits@D@std@@V?$allocator@D@2@@std@@PAVMaterial@@@std@@@std@@@std@@@1@V?$_Tree_const_iterator@V?$_Tree_val@U?$_Tree_simple_types@U?$pair@$$CBV?$basic_string@DU?$char_traits@D@std@@V?$allocator@D@2@@std@@PAVMaterial@@@std@@@std@@@std@@@1@AAU?$pair@$$CBV?$basic_string@DU?$char_traits@D@std@@V?$allocator@D@2@@std@@PAVMaterial@@@1@PAU?$_Tree_node@U?$pair@$$CBV?$basic_string@DU?$char_traits@D@std@@V?$allocator@D@2@@std@@PAVMaterial@@@std@@PAX@1@@Z 0040b080 f i read.obj
 0001:0000a2e0       ??$_Insert_nohint@AAU?$pair@$$CBV?$basic_string@DU?$char_traits@D@std@@V?$allocator@D@2@@std@@PAVMaterial@@@std@@PAU?$_Tree_node@U?$pair@$$CBV?$basic_string@DU?$char_traits@D@std@@V?$allocator@D@2@@std@@PAVMaterial@@@std@@PAX@2@@?$_Tree@V?$_Tmap_traits@V?$basic_string@DU?$char_traits@D@std@@V?$allocator@D@2@@std@@PAVMaterial@@U?$less@V?$basic_string@DU?$char_traits@D@std@@V?$allocator@D@2@@std@@@2@V?$allocator@U?$pair@$$CBV?$basic_string@DU?$char_traits@D@std@@V?$allocator@D@2@@std@@PAVMaterial@@@std@@@2@$0A@@std@@@std@@IAE?AU?$pair@V?$_Tree_iterator@V?$_Tree_val@U?$_Tree_simple_types@U?$pair@$$CBV?$basic_string@DU?$char_traits@D@std@@V?$allocator@D@2@@std@@PAVMaterial@@@std@@@std@@@std@@@std@@_N@1@_NAAU?$pair@$$CBV?$basic_string@DU?$char_traits@D@std@@V?$allocator@D@2@@std@@PAVMaterial@@@1@PAU?$_Tree_node@U?$pair@$$CBV?$basic_string@DU?$char_traits@D@std@@V?$allocator@D@2@@std@@PAVMaterial@@@std@@PAX@1@@Z 0040b2e0 f i read.obj
 0001:0000a550       ??$_Lbound@V?$basic_string@DU?$char_traits@D@std@@V?$allocator@D@2@@std@@@?$_Tree@V?$_Tmap_traits@V?$basic_string@DU?$char_traits@D@std@@V?$allocator@D@2@@std@@PAVMaterial@@U?$less@V?$basic_string@DU?$char_traits@D@std@@V?$allocator@D@2@@std@@@2@V?$allocator@U?$pair@$$CBV?$basic_string@DU?$char_traits@D@std@@V?$allocator@D@2@@std@@PAVMaterial@@@std@@@2@$0A@@std@@@std@@IBEPAU?$_Tree_node@U?$pair@$$CBV?$basic_string@DU?$char_traits@D@std@@V?$allocator@D@2@@std@@PAVMaterial@@@std@@PAX@1@ABV?$basic_string@DU?$char_traits@D@std@@V?$allocator@D@2@@1@@Z 0040b550 f i read.obj
 0001:0000a630       ??$_Try_emplace@ABV?$basic_string@DU?$char_traits@D@std@@V?$allocator@D@2@@std@@$$V@?$map@V?$basic_string@DU?$char_traits@D@std@@V?$allocator@D@2@@std@@PAVMaterial@@U?$less@V?$basic_string@DU?$char_traits@D@std@@V?$allocator@D@2@@std@@@2@V?$allocator@U?$pair@$$CBV?$basic_string@DU?$char_traits@D@std@@V?$allocator@D@2@@std@@PAVMaterial@@@std@@@2@@std@@QAE?AU?$pair@V?$_Tree_iterator@V?$_Tree_val@U?$_Tree_simple_types@U?$pair@$$CBV?$basic_string@DU?$char_traits@D@std@@V?$allocator@D@2@@std@@PAVMaterial@@@std@@@std@@@std@@@std@@_N@1@ABV?$basic_string@DU?$char_traits@D@std@@V?$allocator@D@2@@1@@Z 0040b630 f i read.obj
 0001:0000a6e0       ??$endl@DU?$char_traits@D@std@@@std@@YAAAV?$basic_ostream@DU?$char_traits@D@std@@@0@AAV10@@Z 0040b6e0 f i read.obj
 0001:0000a710       ??$ends@DU?$char_traits@D@std@@@std@@YAAAV?$basic_ostream@DU?$char_traits@D@std@@@0@AAV10@@Z 0040b710 f i read.obj
 0001:0000a730       ??$use_facet@V?$codecvt@DDU_Mbstatet@@@std@@@std@@YAABV?$codecvt@DDU_Mbstatet@@@0@ABVlocale@0@@Z 0040b730 f i read.obj
 0001:0000a830       ??0?$basic_ifstream@DU?$char_traits@D@std@@@std@@QAE@PBDHH@Z 0040b830 f i read.obj
 0001:0000a940       ??0?$basic_string@DU?$char_traits@D@std@@V?$allocator@D@2@@std@@QAE@ABV01@@Z 0040b940 f i read.obj
 0001:0000a970       ??0?$fpos@U_Mbstatet@@@std@@QAE@U_Mbstatet@@_J@Z 0040b970 f i read.obj
 0001:0000a9a0       ??0Scene@@QAE@XZ           0040b9a0 f i read.obj
 0001:0000ab50       ??0SpotLight@@QAE@PAVScene@@ABVvec3f@@1H1@Z 0040bb50 f i read.obj
 0001:0000abe0       ??0TransformNode@@IAE@PAV0@ABVmat4f@@@Z 0040bbe0 f i read.obj
 0001:0000afe0       ??0bad_cast@std@@QAE@ABV01@@Z 0040bfe0 f i read.obj
 0001:0000b020       ??0exception@std@@QAE@ABV01@@Z 0040c020 f i read.obj
 0001:0000b050       ??0mat4f@@QAE@ABVvec4f@@000@Z 0040c050 f i read.obj
 0001:0000b120       ??0ostrstream@std@@QAE@XZ  0040c120 f i read.obj
 0001:0000b210       ??0vec4f@@QAE@XZ           0040c210 f i read.obj
 0001:0000b220       ??1?$basic_filebuf@DU?$char_traits@D@std@@@std@@UAE@XZ 0040c220 f i read.obj
 0001:0000b2a0       ??1?$basic_ifstream@DU?$char_traits@D@std@@@std@@UAE@XZ 0040c2a0 f i read.obj
 0001:0000b350       ??1?$list@PAVGeometry@@V?$allocator@PAVGeometry@@@std@@@std@@QAE@XZ 0040c350 f i read.obj
 0001:0000b3a0       ??1?$list@PAVLight@@V?$allocator@PAVLight@@@std@@@std@@QAE@XZ 0040c3a0 f i read.obj
 0001:0000b3f0       ??1?$list@PAVTransformNode@@V?$allocator@PAVTransformNode@@@std@@@std@@QAE@XZ 0040c3f0 f i read.obj
 0001:0000b440       ??1?$map@V?$basic_string@DU?$char_traits@D@std@@V?$allocator@D@2@@std@@PAVMaterial@@U?$less@V?$basic_string@DU?$char_traits@D@std@@V?$allocator@D@2@@std@@@2@V?$allocator@U?$pair@$$CBV?$basic_string@DU?$char_traits@D@std@@V?$allocator@D@2@@std@@PAVMaterial@@@std@@@2@@std@@QAE@XZ 0040c440 f i read.obj
 0001:0000b4a0       ??1MaterialSceneObject@@UAE@XZ 0040c4a0 f i read.obj
 0001:0000b4d0       ??1SceneElement@@UAE@XZ    0040c4d0 f i read.obj
 0001:0000b4e0       ??1TransformNode@@QAE@XZ   0040c4e0 f i read.obj
 0001:0000b570       ??1TransformRoot@@QAE@XZ   0040c570 f i read.obj
 0001:0000b580       ??1bad_cast@std@@UAE@XZ    0040c580 f i read.obj
 0001:0000b5a0       ??1exception@std@@UAE@XZ   0040c5a0 f i read.obj
 0001:0000b5c0       ??1locale@std@@QAE@XZ      0040c5c0 f i read.obj
 0001:0000b610       ??1ostrstream@std@@UAE@XZ  0040c610 f i read.obj
 0001:0000b6b0       ??1strstreambuf@std@@UAE@XZ 0040c6b0 f i read.obj
 0001:0000b720       ??4?$basic_string@DU?$char_traits@D@std@@V?$allocator@D@2@@std@@QAEAAV01@$$QAV01@@Z 0040c720 f i read.obj
 0001:0000b7a0       ??6@YAAAV?$basic_ostream@DU?$char_traits@D@std@@@std@@AAV01@ABVException@@@Z 0040c7a0 f i read.obj
 0001:0000b820       ??D@YA?AVmat4f@@ABV0@0@Z   0040c820 f i read.obj
 0001:0000bcd0       ??E?$_Tree_unchecked_const_iterator@V?$_Tree_val@U?$_Tree_simple_types@U?$pair@$$CBV?$basic_string@DU?$char_traits@D@std@@V?$allocator@D@2@@std@@PAVMaterial@@@std@@@std@@@std@@U_Iterator_base0@2@@std@@QAEAAV01@XZ 0040ccd0 f i read.obj
 0001:0000bd20       ??F?$_Tree_unchecked_const_iterator@V?$_Tree_val@U?$_Tree_simple_types@U?$pair@$$CBV?$basic_string@DU?$char_traits@D@std@@V?$allocator@D@2@@std@@PAVMaterial@@@std@@@std@@@std@@U_Iterator_base0@2@@std@@QAEAAV01@XZ 0040cd20 f i read.obj
 0001:0000bd80       ??_D?$basic_ifstream@DU?$char_traits@D@std@@@std@@QAEXXZ 0040cd80 f i read.obj
 0001:0000bda0       ??_Dostrstream@std@@QAEXXZ 0040cda0 f i read.obj
 0001:0000bdb4       ??_E?$basic_ifstream@DU?$char_traits@D@std@@@std@@$4PPPPPPPM@A@AEPAXI@Z 0040cdb4 f i read.obj
 0001:0000bdbc       ??_Eostrstream@std@@$4PPPPPPPM@A@AEPAXI@Z 0040cdbc f i read.obj
 0001:0000bdd0       ??_G?$basic_filebuf@DU?$char_traits@D@std@@@std@@UAEPAXI@Z 0040cdd0 f i read.obj
 0001:0000bdd0       ??_E?$basic_filebuf@DU?$char_traits@D@std@@@std@@UAEPAXI@Z 0040cdd0 f i read.obj
 0001:0000be70       ??_G?$basic_ifstream@DU?$char_traits@D@std@@@std@@UAEPAXI@Z 0040ce70 f i read.obj
 0001:0000be70       ??_E?$basic_ifstream@DU?$char_traits@D@std@@@std@@UAEPAXI@Z 0040ce70 f i read.obj
 0001:0000beb0       ??_EBox@@UAEPAXI@Z         0040ceb0 f i read.obj
 0001:0000beb0       ??_GBox@@UAEPAXI@Z         0040ceb0 f i read.obj
 0001:0000bef0       ??_GCone@@UAEPAXI@Z        0040cef0 f i read.obj
 0001:0000bef0       ??_ECone@@UAEPAXI@Z        0040cef0 f i read.obj
 0001:0000bf40       ??_ECylinder@@UAEPAXI@Z    0040cf40 f i read.obj
 0001:0000bf40       ??_GCylinder@@UAEPAXI@Z    0040cf40 f i read.obj
 0001:0000bf80       ??_EDirectionalLight@@UAEPAXI@Z 0040cf80 f i read.obj
 0001:0000bf80       ??_GDirectionalLight@@UAEPAXI@Z 0040cf80 f i read.obj
 0001:0000bfb0       ??_EGeometry@@UAEPAXI@Z    0040cfb0 f i read.obj
 0001:0000bfb0       ??_GGeometry@@UAEPAXI@Z    0040cfb0 f i read.obj
 0001:0000bfe0       ??_GLight@@UAEPAXI@Z       0040cfe0 f i read.obj
 0001:0000bfe0       ??_ELight@@UAEPAXI@Z       0040cfe0 f i read.obj
 0001:0000c010       ??_EMaterialSceneObject@@UAEPAXI@Z 0040d010 f i read.obj
 0001:0000c010       ??_GMaterialSceneObject@@UAEPAXI@Z 0040d010 f i read.obj
 0001:0000c050       ??_GPointLight@@UAEPAXI@Z  0040d050 f i read.obj
 0001:0000c050       ??_EPointLight@@UAEPAXI@Z  0040d050 f i read.obj
 0001:0000c080       ??_EScene@@UAEPAXI@Z       0040d080 f i read.obj
 0001:0000c080       ??_GScene@@UAEPAXI@Z       0040d080 f i read.obj
 0001:0000c0b0       ??_GSceneElement@@UAEPAXI@Z 0040d0b0 f i read.obj
 0001:0000c0b0       ??_ESceneElement@@UAEPAXI@Z 0040d0b0 f i read.obj
 0001:0000c0e0       ??_ESceneObject@@UAEPAXI@Z 0040d0e0 f i read.obj
 0001:0000c0e0       ??_GSceneObject@@UAEPAXI@Z 0040d0e0 f i read.obj
 0001:0000c110       ??_ESphere@@UAEPAXI@Z      0040d110 f i read.obj
 0001:0000c110       ??_GSphere@@UAEPAXI@Z      0040d110 f i read.obj
 0001:0000c150       ??_GSpotLight@@UAEPAXI@Z   0040d150 f i read.obj
 0001:0000c150       ??_ESpotLight@@UAEPAXI@Z   0040d150 f i read.obj
 0001:0000c180       ??_ESquare@@UAEPAXI@Z      0040d180 f i read.obj
 0001:0000c180       ??_GSquare@@UAEPAXI@Z      0040d180 f i read.obj
 0001:0000c1c0       ??_GTrimesh@@UAEPAXI@Z     0040d1c0 f i read.obj
 0001:0000c1c0       ??_ETrimesh@@UAEPAXI@Z     0040d1c0 f i read.obj
 0001:0000c1f0       ??_Ebad_cast@std@@UAEPAXI@Z 0040d1f0 f i read.obj
 0001:0000c1f0       ??_Gbad_cast@std@@UAEPAXI@Z 0040d1f0 f i read.obj
 0001:0000c230       ??_Gexception@std@@UAEPAXI@Z 0040d230 f i read.obj
 0001:0000c230       ??_Eexception@std@@UAEPAXI@Z 0040d230 f i read.obj
 0001:0000c270       ??_Gostrstream@std@@UAEPAXI@Z 0040d270 f i read.obj
 0001:0000c270       ??_Eostrstream@std@@UAEPAXI@Z 0040d270 f i read.obj
 0001:0000c2b0       ??_Gstrstreambuf@std@@UAEPAXI@Z 0040d2b0 f i read.obj
 0001:0000c2b0       ??_Estrstreambuf@std@@UAEPAXI@Z 0040d2b0 f i read.obj
 0001:0000c340       ?ComputeBoundingBox@Geometry@@UAEXXZ 0040d340 f i read.obj
 0001:0000c980       ?ComputeLocalBoundingBox@Box@@UAE?AVBoundingBox@@XZ 0040d980 f i read.obj
 0001:0000c9c0       ?ComputeLocalBoundingBox@Cone@@UAE?AVBoundingBox@@XZ 0040d9c0 f i read.obj
 0001:0000ca20       ?ComputeLocalBoundingBox@Cylinder@@UAE?AVBoundingBox@@XZ 0040da20 f i read.obj
 0001:0000ca60       ?ComputeLocalBoundingBox@Geometry@@UAE?AVBoundingBox@@XZ 0040da60 f i read.obj
 0001:0000ca90       ?ComputeLocalBoundingBox@Sphere@@UAE?AVBoundingBox@@XZ 0040da90 f i read.obj
 0001:0000cad0       ?ComputeLocalBoundingBox@Square@@UAE?AVBoundingBox@@XZ 0040dad0 f i read.obj
 0001:0000cb20       ?_Buyheadnode@?$_Tree_comp_alloc@V?$_Tmap_traits@V?$basic_string@DU?$char_traits@D@std@@V?$allocator@D@2@@std@@PAVMaterial@@U?$less@V?$basic_string@DU?$char_traits@D@std@@V?$allocator@D@2@@std@@@2@V?$allocator@U?$pair@$$CBV?$basic_string@DU?$char_traits@D@std@@V?$allocator@D@2@@std@@PAVMaterial@@@std@@@2@$0A@@std@@@std@@QAEPAU?$_Tree_node@U?$pair@$$CBV?$basic_string@DU?$char_traits@D@std@@V?$allocator@D@2@@std@@PAVMaterial@@@std@@PAX@2@XZ 0040db20 f i read.obj
 0001:0000cb50       ?_Buynode0@?$_List_alloc@U?$_List_base_types@PAVGeometry@@V?$allocator@PAVGeometry@@@std@@@std@@@std@@QAEPAU?$_List_node@PAVGeometry@@PAX@2@PAU32@0@Z 0040db50 f i read.obj
 0001:0000cb90       ?_Buynode0@?$_List_alloc@U?$_List_base_types@PAVLight@@V?$allocator@PAVLight@@@std@@@std@@@std@@QAEPAU?$_List_node@PAVLight@@PAX@2@PAU32@0@Z 0040db90 f i read.obj
 0001:0000cbd0       ?_Buynode0@?$_List_alloc@U?$_List_base_types@PAVTransformNode@@V?$allocator@PAVTransformNode@@@std@@@std@@@std@@QAEPAU?$_List_node@PAVTransformNode@@PAX@2@PAU32@0@Z 0040dbd0 f i read.obj
 0001:0000cc10       ?_Buynode0@?$_Tree_comp_alloc@V?$_Tmap_traits@V?$basic_string@DU?$char_traits@D@std@@V?$allocator@D@2@@std@@PAVMaterial@@U?$less@V?$basic_string@DU?$char_traits@D@std@@V?$allocator@D@2@@std@@@2@V?$allocator@U?$pair@$$CBV?$basic_string@DU?$char_traits@D@std@@V?$allocator@D@2@@std@@PAVMaterial@@@std@@@2@$0A@@std@@@std@@QAEPAU?$_Tree_node@U?$pair@$$CBV?$basic_string@DU?$char_traits@D@std@@V?$allocator@D@2@@std@@PAVMaterial@@@std@@PAX@2@XZ 0040dc10 f i read.obj
 0001:0000cc50       ?_Destroy_if_not_nil@?$_Tree@V?$_Tmap_traits@V?$basic_string@DU?$char_traits@D@std@@V?$allocator@D@2@@std@@PAVMaterial@@U?$less@V?$basic_string@DU?$char_traits@D@std@@V?$allocator@D@2@@std@@@2@V?$allocator@U?$pair@$$CBV?$basic_string@DU?$char_traits@D@std@@V?$allocator@D@2@@std@@PAVMaterial@@@std@@@2@$0A@@std@@@std@@IAEXPAU?$_Tree_node@U?$pair@$$CBV?$basic_string@DU?$char_traits@D@std@@V?$allocator@D@2@@std@@PAVMaterial@@@std@@PAX@2@@Z 0040dc50 f i read.obj
 0001:0000cca0       ?_Endwrite@?$basic_filebuf@DU?$char_traits@D@std@@@std@@IAE_NXZ 0040dca0 f i read.obj
 0001:0000ce10       ?_Erase@?$_Tree@V?$_Tmap_traits@V?$basic_string@DU?$char_traits@D@std@@V?$allocator@D@2@@std@@PAVMaterial@@U?$less@V?$basic_string@DU?$char_traits@D@std@@V?$allocator@D@2@@std@@@2@V?$allocator@U?$pair@$$CBV?$basic_string@DU?$char_traits@D@std@@V?$allocator@D@2@@std@@PAVMaterial@@@std@@@2@$0A@@std@@@std@@IAEXPAU?$_Tree_node@U?$pair@$$CBV?$basic_string@DU?$char_traits@D@std@@V?$allocator@D@2@@std@@PAVMaterial@@@std@@PAX@2@@Z 0040de10 f i read.obj
 0001:0000cec0       ?_Init@?$basic_filebuf@DU?$char_traits@D@std@@@std@@IAEXPAU_iobuf@@W4_Initfl@12@@Z 0040dec0 f i read.obj
 0001:0000cf50       ?_Lock@?$basic_filebuf@DU?$char_traits@D@std@@@std@@UAEXXZ 0040df50 f i read.obj
 0001:0000cf60       ?_Lrotate@?$_Tree@V?$_Tmap_traits@V?$basic_string@DU?$char_traits@D@std@@V?$allocator@D@2@@std@@PAVMaterial@@U?$less@V?$basic_string@DU?$char_traits@D@std@@V?$allocator@D@2@@std@@@2@V?$allocator@U?$pair@$$CBV?$basic_string@DU?$char_traits@D@std@@V?$allocator@D@2@@std@@PAVMaterial@@@std@@@2@$0A@@std@@@std@@IAEXPAU?$_Tree_node@U?$pair@$$CBV?$basic_string@DU?$char_traits@D@std@@V?$allocator@D@2@@std@@PAVMaterial@@@std@@PAX@2@@Z 0040df60 f i read.obj
 0001:0000cfc0       ?_Reset_back@?$basic_filebuf@DU?$char_traits@D@std@@@std@@AAEXXZ 0040dfc0 f i read.obj
 0001:0000cff0       ?_Rrotate@?$_Tree@V?$_Tmap_traits@V?$basic_string@DU?$char_traits@D@std@@V?$allocator@D@2@@std@@PAVMaterial@@U?$less@V?$basic_string@DU?$char_traits@D@std@@V?$allocator@D@2@@std@@@2@V?$allocator@U?$pair@$$CBV?$basic_string@DU?$char_traits@D@std@@V?$allocator@D@2@@std@@PAVMaterial@@@std@@@2@$0A@@std@@@std@@IAEXPAU?$_Tree_node@U?$pair@$$CBV?$basic_string@DU?$char_traits@D@std@@V?$allocator@D@2@@std@@PAVMaterial@@@std@@PAX@2@@Z 0040dff0 f i read.obj
 0001:0000d050       ?_Set_back@?$basic_filebuf@DU?$char_traits@D@std@@@std@@AAEXXZ 0040e050 f i read.obj
 0001:0000d090       ?_Unlock@?$basic_filebuf@DU?$char_traits@D@std@@@std@@UAEXXZ 0040e090 f i read.obj
 0001:0000d0a0       ?add@Scene@@QAEXPAVGeometry@@@Z 0040e0a0 f i read.obj
 0001:0000d100       ?add@Scene@@QAEXPAVLight@@@Z 0040e100 f i read.obj
 0001:0000d150       ?append@?$basic_string@DU?$char_traits@D@std@@V?$allocator@D@2@@std@@QAEAAV12@PBDI@Z 0040e150 f i read.obj
 0001:0000d270       ?close@?$basic_filebuf@DU?$char_traits@D@std@@@std@@QAEPAV12@XZ 0040e270 f i read.obj
 0001:0000d2e0       ?createChild@TransformNode@@QAEPAV1@ABVmat4f@@@Z 0040e2e0 f i read.obj
 0001:0000d3a0       ?erase@?$_Tree@V?$_Tmap_traits@V?$basic_string@DU?$char_traits@D@std@@V?$allocator@D@2@@std@@PAVMaterial@@U?$less@V?$basic_string@DU?$char_traits@D@std@@V?$allocator@D@2@@std@@@2@V?$allocator@U?$pair@$$CBV?$basic_string@DU?$char_traits@D@std@@V?$allocator@D@2@@std@@PAVMaterial@@@std@@@2@$0A@@std@@@std@@QAE?AV?$_Tree_iterator@V?$_Tree_val@U?$_Tree_simple_types@U?$pair@$$CBV?$basic_string@DU?$char_traits@D@std@@V?$allocator@D@2@@std@@PAVMaterial@@@std@@@std@@@std@@@2@V?$_Tree_const_iterator@V?$_Tree_val@U?$_Tree_simple_types@U?$pair@$$CBV?$basic_string@DU?$char_traits@D@std@@V?$allocator@D@2@@std@@PAVMaterial@@@std@@@std@@@std@@@2@0@Z 0040e3a0 f i read.obj
 0001:0000d490       ?erase@?$_Tree@V?$_Tmap_traits@V?$basic_string@DU?$char_traits@D@std@@V?$allocator@D@2@@std@@PAVMaterial@@U?$less@V?$basic_string@DU?$char_traits@D@std@@V?$allocator@D@2@@std@@@2@V?$allocator@U?$pair@$$CBV?$basic_string@DU?$char_traits@D@std@@V?$allocator@D@2@@std@@PAVMaterial@@@std@@@2@$0A@@std@@@std@@QAE?AV?$_Tree_iterator@V?$_Tree_val@U?$_Tree_simple_types@U?$pair@$$CBV?$basic_string@DU?$char_traits@D@std@@V?$allocator@D@2@@std@@PAVMaterial@@@std@@@std@@@std@@@2@V?$_Tree_const_iterator@V?$_Tree_val@U?$_Tree_simple_types@U?$pair@$$CBV?$basic_string@DU?$char_traits@D@std@@V?$allocator@D@2@@std@@PAVMaterial@@@std@@@std@@@std@@@2@@Z 0040e490 f i read.obj
 0001:0000d780       ?find@?$_Tree@V?$_Tmap_traits@V?$basic_string@DU?$char_traits@D@std@@V?$allocator@D@2@@std@@PAVMaterial@@U?$less@V?$basic_string@DU?$char_traits@D@std@@V?$allocator@D@2@@std@@@2@V?$allocator@U?$pair@$$CBV?$basic_string@DU?$char_traits@D@std@@V?$allocator@D@2@@std@@PAVMaterial@@@std@@@2@$0A@@std@@@std@@QBE?AV?$_Tree_const_iterator@V?$_Tree_val@U?$_Tree_simple_types@U?$pair@$$CBV?$basic_string@DU?$char_traits@D@std@@V?$allocator@D@2@@std@@PAVMaterial@@@std@@@std@@@std@@@2@ABV?$basic_string@DU?$char_traits@D@std@@V?$allocator@D@2@@2@@Z 0040e780 f i read.obj
 0001:0000d810       ?find@?$_Tree@V?$_Tmap_traits@V?$basic_string@DU?$char_traits@D@std@@V?$allocator@D@2@@std@@PAVObj@@U?$less@V?$basic_string@DU?$char_traits@D@std@@V?$allocator@D@2@@std@@@2@V?$allocator@U?$pair@$$CBV?$basic_string@DU?$char_traits@D@std@@V?$allocator@D@2@@std@@PAVObj@@@std@@@2@$0A@@std@@@std@@QBE?AV?$_Tree_const_iterator@V?$_Tree_val@U?$_Tree_simple_types@U?$pair@$$CBV?$basic_string@DU?$char_traits@D@std@@V?$allocator@D@2@@std@@PAVObj@@@std@@@std@@@std@@@2@ABV?$basic_string@DU?$char_traits@D@std@@V?$allocator@D@2@@2@@Z 0040e810 f i read.obj
 0001:0000dce0       ?getMaterial@MaterialSceneObject@@UBEABVMaterial@@XZ 0040ece0 f i read.obj
 0001:0000dcf0       ?getMsg@Exception@@QBE?AV?$basic_string@DU?$char_traits@D@std@@V?$allocator@D@2@@std@@XZ 0040ecf0 f i read.obj
 0001:0000dd30       ?getOrder@MaterialSceneObject@@UBEHXZ 0040ed30 f i read.obj
 0001:0000dd40       ?giveOrder@Scene@@QAEXPAVSceneObject@@@Z 0040ed40 f i read.obj
 0001:0000dd60       ?hasBoundingBoxCapability@Box@@UBE_NXZ 0040ed60 f i read.obj
 0001:0000dd70       ?hasBoundingBoxCapability@Cone@@UBE_NXZ 0040ed70 f i read.obj
 0001:0000dd80       ?hasBoundingBoxCapability@Cylinder@@UBE_NXZ 0040ed80 f i read.obj
 0001:0000dd90       ?hasBoundingBoxCapability@Sphere@@UBE_NXZ 0040ed90 f i read.obj
 0001:0000dda0       ?hasBoundingBoxCapability@Square@@UBE_NXZ 0040eda0 f i read.obj
 0001:0000ddb0       ?hasInterior@MaterialSceneObject@@UBE_NXZ 0040edb0 f i read.obj
 0001:0000ddc0       ?imbue@?$basic_filebuf@DU?$char_traits@D@std@@@std@@MAEXABVlocale@2@@Z 0040edc0 f i read.obj
 0001:0000dec0       ?open@?$basic_filebuf@DU?$char_traits@D@std@@@std@@QAEPAV12@PBDHH@Z 0040eec0 f i read.obj
 0001:0000dfa0       ?overflow@?$basic_filebuf@DU?$char_traits@D@std@@@std@@MAEHH@Z 0040efa0 f i read.obj
 0001:0000e1b0       ?overflow@strstreambuf@std@@MAEHH@Z 0040f1b0 f i read.obj
 0001:0000e360       ?pbackfail@?$basic_filebuf@DU?$char_traits@D@std@@@std@@MAEHH@Z 0040f360 f i read.obj
 0001:0000e3f0       ?pbackfail@strstreambuf@std@@MAEHH@Z 0040f3f0 f i read.obj
 0001:000114f0       ?readScene@@YAPAVScene@@AAV?$basic_istream@DU?$char_traits@D@std@@@std@@@Z 004124f0 f   read.obj
 0001:00011790       ?readScene@@YAPAVScene@@ABV?$basic_string@DU?$char_traits@D@std@@V?$allocator@D@2@@std@@@Z 00412790 f   read.obj
 0001:000118c0       ?rotate@mat4f@@SA?AV1@ABVvec3f@@N@Z 004128c0 f i read.obj
 0001:00011ac0       ?seekoff@?$basic_filebuf@DU?$char_traits@D@std@@@std@@MAE?AV?$fpos@U_Mbstatet@@@2@_JHH@Z 00412ac0 f i read.obj
 0001:00011bc0       ?seekoff@strstreambuf@std@@MAE?AV?$fpos@U_Mbstatet@@@2@_JHH@Z 00412bc0 f i read.obj
 0001:00011d20       ?seekpos@?$basic_filebuf@DU?$char_traits@D@std@@@std@@MAE?AV?$fpos@U_Mbstatet@@@2@V32@H@Z 00412d20 f i read.obj
 0001:00011e00       ?seekpos@strstreambuf@std@@MAE?AV?$fpos@U_Mbstatet@@@2@V32@H@Z 00412e00 f i read.obj
 0001:00011ef0       ?setMaterial@MaterialSceneObject@@UAEXPAVMaterial@@@Z 00412ef0 f i read.obj
 0001:00011f00       ?setOrder@MaterialSceneObject@@UAEXH@Z 00412f00 f i read.obj
 0001:00011f10       ?setbuf@?$basic_filebuf@DU?$char_traits@D@std@@@std@@MAEPAV?$basic_streambuf@DU?$char_traits@D@std@@@2@PAD_J@Z 00412f10 f i read.obj
 0001:00011f60       ?str@ostrstream@std@@QAEPADXZ 00412f60 f i read.obj
 0001:00011fa0       ?sync@?$basic_filebuf@DU?$char_traits@D@std@@@std@@MAEHXZ 00412fa0 f i read.obj
 0001:00012040       ?uflow@?$basic_filebuf@DU?$char_traits@D@std@@@std@@MAEHXZ 00413040 f i read.obj
 0001:00012240       ?underflow@?$basic_filebuf@DU?$char_traits@D@std@@@std@@MAEHXZ 00413240 f i read.obj
 0001:00012280       ?underflow@strstreambuf@std@@MAEHXZ 00413280 f i read.obj
 0001:00012450       ?what@exception@std@@UBEPBDXZ 00413450 f i read.obj
 0001:00012500       ?inverse@mat3f@@QBE?AV1@XZ 00413500 f   vecmath.obj
 0001:00012900       ?inverse@mat4f@@QBE?AV1@XZ 00413900 f   vecmath.obj
 0001:00012d60       ??0Camera@@QAE@XZ          00413d60 f   camera.obj
 0001:00012e00       ?getnx@Camera@@QAENXZ      00413e00 f   camera.obj
 0001:00012e10       ?getny@Camera@@QAENXZ      00413e10 f   camera.obj
 0001:00012e20       ?rayThrough@Camera@@QAEXNNAAVray@@@Z 00413e20 f   camera.obj
 0001:00012f50       ?setAspectRatio@Camera@@QAEXN@Z 00413f50 f   camera.obj
 0001:000130f0       ?setEye@Camera@@QAEXABVvec3f@@@Z 004140f0 f   camera.obj
 0001:00013120       ?setFOV@Camera@@QAEXN@Z    00414120 f   camera.obj
 0001:000132e0       ?setLook@Camera@@QAEXABVvec3f@@0@Z 004142e0 f   camera.obj
 0001:00013520       ?setLook@Camera@@QAEXNNNN@Z 00414520 f   camera.obj
 0001:000137c0       ?update@Camera@@AAEXXZ     004147c0 f   camera.obj
 0001:00013950       ?distanceAttenuation@DirectionalLight@@UBENABVvec3f@@@Z 00414950 f   light.obj
 0001:00013960       ?distanceAttenuation@PointLight@@UBENABVvec3f@@@Z 00414960 f   light.obj
 0001:00013a20       ?distanceAttenuation@SpotLight@@UBENABVvec3f@@@Z 00414a20 f   light.obj
 0001:00013ae0       ?getColor@DirectionalLight@@UBE?AVvec3f@@ABV2@@Z 00414ae0 f   light.obj
 0001:00013b00       ?getColor@PointLight@@UBE?AVvec3f@@ABV2@@Z 00414b00 f   light.obj
 0001:00013b20       ?getColor@SpotLight@@UBE?AVvec3f@@ABV2@@Z 00414b20 f   light.obj
 0001:00013b40       ?getDirection@DirectionalLight@@UBE?AVvec3f@@ABV2@@Z 00414b40 f   light.obj
 0001:00013b70       ?getDirection@PointLight@@UBE?AVvec3f@@ABV2@@Z 00414b70 f   light.obj
 0001:00013c00       ?getDirection@SpotLight@@UBE?AVvec3f@@ABV2@@Z 00414c00 f   light.obj
 0001:00013c90       ?shadowAttenuation@DirectionalLight@@UBE?AVvec3f@@ABV2@@Z 00414c90 f   light.obj
 0001:00013ee0       ?shadowAttenuation@PointLight@@UBE?AVvec3f@@ABV2@@Z 00414ee0 f   light.obj
 0001:00014220       ?shadowAttenuation@SpotLight@@UBE?AVvec3f@@ABV2@@Z 00415220 f   light.obj
 0001:000146d0       ?shade@Material@@UBE?AVvec3f@@PAVScene@@ABVray@@ABVisect@@@Z 004156d0 f   material.obj
 0001:00014ca0       ?getMaterial@isect@@QBEABVMaterial@@XZ 00415ca0 f   ray.obj
 0001:00014cb0       ??0Material@@QAE@ABV0@@Z   00415cb0 f i scene.obj
 0001:00014db0       ??1Scene@@UAE@XZ           00415db0 f   scene.obj
 0001:00014f90       ??4BoundingBox@@QAEXABV0@@Z 00415f90 f   scene.obj
 0001:00014fe0       ??4Material@@QAEAAV0@ABV0@@Z 00415fe0 f i scene.obj
 0001:000150e0       ??4isect@@QAEAAV0@ABV0@@Z  004160e0 f i scene.obj
 0001:00015180       ?hasBoundingBoxCapability@Geometry@@UBE_NXZ 00416180 f   scene.obj
 0001:00015190       ?initScene@Scene@@QAEXXZ   00416190 f   scene.obj
 0001:00015360       ?intersect@BoundingBox@@QBE_NABVray@@AAN1@Z 00416360 f   scene.obj
 0001:00015470       ?intersect@Geometry@@UBE_NABVray@@AAVisect@@@Z 00416470 f   scene.obj
 0001:000157c0       ?intersect@Scene@@QBE_NABVray@@AAVisect@@@Z 004167c0 f   scene.obj
 0001:00015b50       ?intersectLocal@Geometry@@UBE_NABVray@@AAVisect@@@Z 00416b50 f   scene.obj
 0001:00015b60       ?intersects@BoundingBox@@QBE_NABV1@@Z 00416b60 f   scene.obj
 0001:00015bf0       ?intersects@BoundingBox@@QBE_NABVvec3f@@@Z 00416bf0 f   scene.obj
 0001:00015c70       ?intersectLocal@Box@@UBE_NABVray@@AAVisect@@@Z 00416c70 f   Box.obj
 0001:00015f20       ?intersectQuadrilaterals@@YANNNNNABVray@@@Z 00416f20 f   Box.obj
 0001:00015f90       ?intersectionParallel@@YA_NNNNNABVray@@@Z 00416f90 f   Box.obj
 0001:00015fe0       ?intersectBody@Cone@@QBE_NABVray@@AAVisect@@@Z 00416fe0 f   Cone.obj
 0001:00016330       ?intersectCaps@Cone@@QBE_NABVray@@AAVisect@@@Z 00417330 f   Cone.obj
 0001:000164d0       ?intersectLocal@Cone@@UBE_NABVray@@AAVisect@@@Z 004174d0 f   Cone.obj
 0001:000165a0       ?intersectBody@Cylinder@@QBE_NABVray@@AAVisect@@@Z 004175a0 f   Cylinder.obj
 0001:00016880       ?intersectCaps@Cylinder@@QBE_NABVray@@AAVisect@@@Z 00417880 f   Cylinder.obj
 0001:000169e0       ?intersectLocal@Cylinder@@UBE_NABVray@@AAVisect@@@Z 004179e0 f   Cylinder.obj
 0001:00016ab0       ?intersectLocal@Sphere@@UBE_NABVray@@AAVisect@@@Z 00417ab0 f   Sphere.obj
 0001:00016ca0       ?intersectLocal@Square@@UBE_NABVray@@AAVisect@@@Z 00417ca0 f   Square.obj
 0001:00016d70       ??$_Uninitialized_default_fill_n1@PAVvec3f@@IV?$allocator@Vvec3f@@@std@@@std@@YAXPAVvec3f@@IAAU?$_Wrap_alloc@V?$allocator@Vvec3f@@@std@@@0@U?$integral_constant@_N$0A@@0@@Z 00417d70 f i trimesh.obj
 0001:00016da0       ??$_Uninitialized_move_al_unchecked1@PAVvec3f@@PAV1@V?$allocator@Vvec3f@@@std@@@std@@YAPAVvec3f@@PAV1@00AAU?$_Wrap_alloc@V?$allocator@Vvec3f@@@std@@@0@U_General_ptr_iterator_tag@0@U_Any_tag@0@@Z 00417da0 f i trimesh.obj
 0001:00016de0       ??1Trimesh@@UAE@XZ         00417de0 f   trimesh.obj
 0001:00017040       ??D@YA?AVMaterial@@NV0@@Z  00418040 f i trimesh.obj
 0001:000171e0       ??YMaterial@@QAEAAV0@ABV0@@Z 004181e0 f i trimesh.obj
 0001:00017350       ??_GTrimeshFace@@UAEPAXI@Z 00418350 f i trimesh.obj
 0001:00017350       ??_ETrimeshFace@@UAEPAXI@Z 00418350 f i trimesh.obj
 0001:00017390       ?ComputeLocalBoundingBox@TrimeshFace@@UAE?AVBoundingBox@@XZ 00418390 f i trimesh.obj
 0001:000174b0       ?_Reallocate@?$vector@PAVMaterial@@V?$allocator@PAVMaterial@@@std@@@std@@IAEXI@Z 004184b0 f i trimesh.obj
 0001:00017510       ?_Reallocate@?$vector@PAVTrimeshFace@@V?$allocator@PAVTrimeshFace@@@std@@@std@@IAEXI@Z 00418510 f i trimesh.obj
 0001:00017570       ?_Reallocate@?$vector@Vvec3f@@V?$allocator@Vvec3f@@@std@@@std@@IAEXI@Z 00418570 f i trimesh.obj
 0001:00017650       ?_Reserve@?$vector@PAVMaterial@@V?$allocator@PAVMaterial@@@std@@@std@@IAEXI@Z 00418650 f i trimesh.obj
 0001:000176c0       ?_Reserve@?$vector@PAVTrimeshFace@@V?$allocator@PAVTrimeshFace@@@std@@@std@@IAEXI@Z 004186c0 f i trimesh.obj
 0001:00017730       ?_Reserve@?$vector@Vvec3f@@V?$allocator@Vvec3f@@@std@@@std@@IAEXI@Z 00418730 f i trimesh.obj
 0001:000177d0       ?_Tidy@?$vector@Vvec3f@@V?$allocator@Vvec3f@@@std@@@std@@IAEXXZ 004187d0 f i trimesh.obj
 0001:00017820       ?addFace@Trimesh@@QAE_NHHH@Z 00418820 f   trimesh.obj
 0001:00017940       ?addMaterial@Trimesh@@QAEXPAVMaterial@@@Z 00418940 f   trimesh.obj
 0001:00017960       ?addNormal@Trimesh@@QAEXABVvec3f@@@Z 00418960 f   trimesh.obj
 0001:00017970       ?addVertex@Trimesh@@QAEXABVvec3f@@@Z 00418970 f   trimesh.obj
 0001:00017980       ?allocate@?$allocator@PAVMaterial@@@std@@QAEPAPAVMaterial@@I@Z 00418980 f i trimesh.obj
 0001:000179f0       ?allocate@?$allocator@PAVTrimeshFace@@@std@@QAEPAPAVTrimeshFace@@I@Z 004189f0 f i trimesh.obj
 0001:00017a60       ?allocate@?$allocator@Vvec3f@@@std@@QAEPAVvec3f@@I@Z 00418a60 f i trimesh.obj
 0001:00017ad0       ?doubleCheck@Trimesh@@QAEPADXZ 00418ad0 f   trimesh.obj
 0001:00017b70       ?generateNormals@Trimesh@@QAEXXZ 00418b70 f   trimesh.obj
 0001:00017e00       ?hasBoundingBoxCapability@TrimeshFace@@UBE_NXZ 00418e00 f i trimesh.obj
 0001:00017e10       ?intersectLocal@TrimeshFace@@UBE_NABVray@@AAVisect@@@Z 00418e10 f   trimesh.obj
 0001:00018550       ?push_back@?$vector@PAVMaterial@@V?$allocator@PAVMaterial@@@std@@@std@@QAEXABQAVMaterial@@@Z 00419550 f i trimesh.obj
 0001:000185c0       ?push_back@?$vector@PAVTrimeshFace@@V?$allocator@PAVTrimeshFace@@@std@@@std@@QAEXABQAVTrimeshFace@@@Z 004195c0 f i trimesh.obj
 0001:00018630       ?push_back@?$vector@Vvec3f@@V?$allocator@Vvec3f@@@std@@@std@@QAEXABVvec3f@@@Z 00419630 f i trimesh.obj
 0001:000186e0       ?resize@?$vector@Vvec3f@@V?$allocator@Vvec3f@@@std@@@std@@QAEXI@Z 004196e0 f i trimesh.obj
 0001:000187e0       ?visual@Fl@@SAHH@Z         004197e0 f   fltk:Fl_visual.obj
 0001:00018840       ?option@Fl@@SA_NW4Fl_Option@1@@Z 00419840 f   fltk:Fl.obj
 0001:00018ad0       ?option@Fl@@SAXW4Fl_Option@1@_N@Z 00419ad0 f   fltk:Fl.obj
 0001:00018b10       ?version@Fl@@SANXZ         00419b10 f   fltk:Fl.obj
 0001:00018b20       ?scrollbar_size@Fl@@SAHXZ  00419b20 f   fltk:Fl.obj
 0001:00018b30       ?scrollbar_size@Fl@@SAXH@Z 00419b30 f   fltk:Fl.obj
 0001:00018b40       ?wait@Fl@@SAHXZ            00419b40 f   fltk:Fl.obj
 0001:00018b90       ?wait@Fl@@SANN@Z           00419b90 f   fltk:Fl.obj
 0001:00018bc0       ?check@Fl@@SAHXZ           00419bc0 f   fltk:Fl.obj
 0001:00018c00       ?ready@Fl@@SAHXZ           00419c00 f   fltk:Fl.obj
 0001:00018c10       ?run@Fl@@SAHXZ             00419c10 f   fltk:Fl.obj
 0001:00018c40       ?add_timeout@Fl@@SAXNP6AXPAX@Z0@Z 00419c40 f   fltk:Fl.obj
 0001:00018c70       ?repeat_timeout@Fl@@SAXNP6AXPAX@Z0@Z 00419c70 f   fltk:Fl.obj
 0001:00018e20       ?has_timeout@Fl@@SAHP6AXPAX@Z0@Z 00419e20 f   fltk:Fl.obj
 0001:00018e80       ?remove_timeout@Fl@@SAXP6AXPAX@Z0@Z 00419e80 f   fltk:Fl.obj
 0001:00018ef0       ?add_check@Fl@@SAXP6AXPAX@Z0@Z 00419ef0 f   fltk:Fl.obj
 0001:00018f70       ?has_check@Fl@@SAHP6AXPAX@Z0@Z 00419f70 f   fltk:Fl.obj
 0001:00018fc0       ?remove_check@Fl@@SAXP6AXPAX@Z0@Z 00419fc0 f   fltk:Fl.obj
 0001:00019040       ?add_fd@Fl@@SAXHHP6AXHPAX@Z0@Z 0041a040 f   fltk:Fl.obj
 0001:00019310       ?add_fd@Fl@@SAXHP6AXHPAX@Z0@Z 0041a310 f   fltk:Fl.obj
 0001:00019330       ?remove_fd@Fl@@SAXHH@Z     0041a330 f   fltk:Fl.obj
 0001:00019630       ?remove_fd@Fl@@SAXH@Z      0041a630 f   fltk:Fl.obj
 0001:00019650       ?redraw@Fl@@SAXXZ          0041a650 f   fltk:Fl.obj
 0001:00019680       ?flush@Fl@@SAXXZ           0041a680 f   fltk:Fl.obj
 0001:00019750       ?first_window@Fl@@SAPAVFl_Window@@XZ 0041a750 f   fltk:Fl.obj
 0001:00019780       ?first_window@Fl@@SAXPAVFl_Window@@@Z 0041a780 f   fltk:Fl.obj
 0001:000197d0       ?next_window@Fl@@SAPAVFl_Window@@PBV2@@Z 0041a7d0 f   fltk:Fl.obj
 0001:00019810       ?get_mouse@Fl@@SAXAAH0@Z   0041a810 f   fltk:Fl.obj
 0001:00019840       ?event_inside@Fl@@SAHHHHH@Z 0041a840 f   fltk:Fl.obj
 0001:00019890       ?event_inside@Fl@@SAHPBVFl_Widget@@@Z 0041a890 f   fltk:Fl.obj
 0001:00019910       ?enable_im@Fl@@SAXXZ       0041a910 f   fltk:Fl.obj
 0001:00019950       ?disable_im@Fl@@SAXXZ      0041a950 f   fltk:Fl.obj
 0001:00019990       ?handle@Fl@@SAHHPAVFl_Window@@@Z 0041a990 f   fltk:Fl.obj
 0001:000199d0       ?handle_@Fl@@SAHHPAVFl_Window@@@Z 0041a9d0 f   fltk:Fl.obj
 0001:0001a0b0       ?belowmouse@Fl@@SAXPAVFl_Widget@@@Z 0041b0b0 f   fltk:Fl.obj
 0001:0001a150       ?pushed@Fl@@SAXPAVFl_Widget@@@Z 0041b150 f   fltk:Fl.obj
 0001:0001a160       ?focus@Fl@@SAXPAVFl_Widget@@@Z 0041b160 f   fltk:Fl.obj
 0001:0001a260       ?add_handler@Fl@@SAXP6AHH@Z@Z 0041b260 f   fltk:Fl.obj
 0001:0001a2a0       ?remove_handler@Fl@@SAXP6AHH@Z@Z 0041b2a0 f   fltk:Fl.obj
 0001:0001a320       ?add_system_handler@Fl@@SAXP6AHPAX0@Z0@Z 0041b320 f   fltk:Fl.obj
 0001:0001a370       ?remove_system_handler@Fl@@SAXP6AHPAX0@Z@Z 0041b370 f   fltk:Fl.obj
 0001:0001a3f0       ?event_dispatch@Fl@@SAXP6AHHPAVFl_Window@@@Z@Z 0041b3f0 f   fltk:Fl.obj
 0001:0001a400       ?event_dispatch@Fl@@SAP6AHHPAVFl_Window@@@ZXZ 0041b400 f   fltk:Fl.obj
 0001:0001a410       ?copy@Fl@@SAXPBDHH0@Z      0041b410 f   fltk:Fl.obj
 0001:0001a540       ?copy@Fl@@SAXPBDHH@Z       0041b540 f   fltk:Fl.obj
 0001:0001a560       ?paste@Fl@@SAXAAVFl_Widget@@HPBD@Z 0041b560 f   fltk:Fl.obj
 0001:0001b250       ?paste@Fl@@SAXAAVFl_Widget@@H@Z 0041c250 f   fltk:Fl.obj
 0001:0001b270       ?add_clipboard_notify@Fl@@SAXP6AXHPAX@Z0@Z 0041c270 f   fltk:Fl.obj
 0001:0001b2d0       ?remove_clipboard_notify@Fl@@SAXP6AXHPAX@Z@Z 0041c2d0 f   fltk:Fl.obj
 0001:0001b340       ?clipboard_contains@Fl@@SAHPBD@Z 0041c340 f   fltk:Fl.obj
 0001:0001b3f0       ?selection_owner@Fl@@SAXPAVFl_Widget@@@Z 0041c3f0 f   fltk:Fl.obj
 0001:0001b400       ?selection@Fl@@SAXAAVFl_Widget@@PBDH@Z 0041c400 f   fltk:Fl.obj
 0001:0001b420       ?paste@Fl@@SAXAAVFl_Widget@@@Z 0041c420 f   fltk:Fl.obj
 0001:0001b440       ?x@Fl@@SAHXZ               0041c440 f   fltk:Fl.obj
 0001:0001b480       ?y@Fl@@SAHXZ               0041c480 f   fltk:Fl.obj
 0001:0001b4c0       ?w@Fl@@SAHXZ               0041c4c0 f   fltk:Fl.obj
 0001:0001b500       ?h@Fl@@SAHXZ               0041c500 f   fltk:Fl.obj
 0001:0001b540       ?thread_message@Fl@@SAPAXXZ 0041c540 f   fltk:Fl.obj
 0001:0001b560       ?delete_widget@Fl@@SAXPAVFl_Widget@@@Z 0041c560 f   fltk:Fl.obj
 0001:0001b660       ?do_widget_deletion@Fl@@SAXXZ 0041c660 f   fltk:Fl.obj
 0001:0001b6e0       ?watch_widget_pointer@Fl@@SAXAAPAVFl_Widget@@@Z 0041c6e0 f   fltk:Fl.obj
 0001:0001b780       ?release_widget_pointer@Fl@@SAXAAPAVFl_Widget@@@Z 0041c780 f   fltk:Fl.obj
 0001:0001b800       ?clear_widget_pointer@Fl@@SAXPBVFl_Widget@@@Z 0041c800 f   fltk:Fl.obj
 0001:0001b870       ??0Fl_Widget_Tracker@@QAE@PAVFl_Widget@@@Z 0041c870 f   fltk:Fl.obj
 0001:0001b8a0       ??1Fl_Widget_Tracker@@QAE@XZ 0041c8a0 f   fltk:Fl.obj
 0001:0001b8f0       ?redraw@Fl_Widget@@QAEXXZ  0041c8f0 f   fltk:Fl.obj
 0001:0001b910       ?redraw_label@Fl_Widget@@QAEXXZ 0041c910 f   fltk:Fl.obj
 0001:0001bf10       ?damage@Fl_Widget@@QAEXE@Z 0041cf10 f   fltk:Fl.obj
 0001:0001bfd0       ?damage@Fl_Widget@@QAEXEHHHH@Z 0041cfd0 f   fltk:Fl.obj
 0001:0001c1c0       ?size_range_@Fl_Window@@AAEXXZ 0041d1c0 f   fltk:Fl.obj
 0001:0001c1e0       ?fullscreen_x@Fl_Window@@AAEXXZ 0041d1e0 f   fltk:Fl.obj
 0001:0001c250       ?fullscreen_off_x@Fl_Window@@AAEXHHHH@Z 0041d250 f   fltk:Fl.obj
 0001:0001c430       ?flush@Fl_Window@@MAEXXZ   0041d430 f   fltk:Fl.obj
 0001:0001c4a0       ?handle@Fl_Window@@UAEHH@Z 0041d4a0 f   fltk:Fl.obj
 0001:0001c610       ?resize@Fl_Window@@UAEXHHHH@Z 0041d610 f   fltk:Fl.obj
 0001:0001c8f0       ?label@Fl_Window@@QAEXPBD0@Z 0041d8f0 f   fltk:Fl.obj
 0001:0001c9e0       ?default_icons@Fl_Window@@SAXPAUHICON__@@0@Z 0041d9e0 f   fltk:Fl.obj
 0001:0001ca00       ?icons@Fl_Window@@QAEXPAUHICON__@@0@Z 0041da00 f   fltk:Fl.obj
 0001:0001ca60       ?show@Fl_Window@@UAEXXZ    0041da60 f   fltk:Fl.obj
 0001:0001cb20       ?hide@Fl_Window@@UAEXXZ    0041db20 f   fltk:Fl.obj
 0001:0001cf80       ?make_current@Fl_Window@@QAEXXZ 0041df80 f   fltk:Fl.obj
 0001:0001cfe0       ?decorated_w@Fl_Window@@QAEHXZ 0041dfe0 f   fltk:Fl.obj
 0001:0001d0b0       ?decorated_h@Fl_Window@@QAEHXZ 0041e0b0 f   fltk:Fl.obj
 0001:0001d180       ?XRectangleRegion@@YAPAUHRGN__@@HHHH@Z 0041e180 f   fltk:Fl.obj
 0001:0001d230       ?fake_X_wm@Fl_X@@SAHPBVFl_Window@@AAH1111@Z 0041e230 f   fltk:Fl.obj
 0001:0001d960       ?make_fullscreen@Fl_X@@QAEXHHHH@Z 0041e960 f   fltk:Fl.obj
 0001:0001dac0       ?set_minmax@Fl_X@@QAEXPAUtagMINMAXINFO@@@Z 0041eac0 f   fltk:Fl.obj
 0001:0001dbb0       ?set_default_icons@Fl_X@@SAXQAPBVFl_RGB_Image@@H@Z 0041ebb0 f   fltk:Fl.obj
 0001:0001dc70       ?set_default_icons@Fl_X@@SAXPAUHICON__@@0@Z 0041ec70 f   fltk:Fl.obj
 0001:0001dce0       ?set_icons@Fl_X@@QAEXXZ    0041ece0 f   fltk:Fl.obj
 0001:0001de80       ?set_cursor@Fl_X@@QAEHW4Fl_Cursor@@@Z 0041ee80 f   fltk:Fl.obj
 0001:0001e010       ?set_cursor@Fl_X@@QAEHPBVFl_RGB_Image@@HH@Z 0041f010 f   fltk:Fl.obj
 0001:0001e090       ?make@Fl_X@@SAPAV1@PAVFl_Window@@@Z 0041f090 f   fltk:Fl.obj
 0001:0001ed30       ?fl_release_dc@@YAXPAUHWND__@@PAUHDC__@@@Z 0041fd30 f   fltk:Fl.obj
 0001:0001edd0       ?fl_save_dc@@YAXPAUHWND__@@PAUHDC__@@@Z 0041fdd0 f   fltk:Fl.obj
 0001:0001ee40       ?fl_open_display@@YAXXZ    0041fe40 f   fltk:Fl.obj
 0001:0001ee70       ?fl_find@@YAPAVFl_Window@@PAUHWND__@@@Z 0041fe70 f   fltk:Fl.obj
 0001:0001eef0       ?fl_GetDC@@YAPAUHDC__@@PAUHWND__@@@Z 0041fef0 f   fltk:Fl.obj
 0001:0001ef90       ?fl_free_fonts@@YAXXZ      0041ff90 f   fltk:Fl.obj
 0001:0001f050       ?fl_cleanup_dc_list@@YAXXZ 00420050 f   fltk:Fl.obj
 0001:0001f120       ?fl_clipboard_notify_change@@YAXXZ 00420120 f   fltk:Fl.obj
 0001:0001f1a0       ?fl_clipboard_notify_empty@@YA_NXZ 004201a0 f   fltk:Fl.obj
 0001:0001f1d0       ?fl_trigger_clipboard_notify@@YAXH@Z 004201d0 f   fltk:Fl.obj
 0001:0001f210       ?fl_ready@@YAHXZ           00420210 f   fltk:Fl.obj
 0001:0001f2f0       ?fl_wait@@YAHN@Z           004202f0 f   fltk:Fl.obj
 0001:0001f700       ?fl_send_system_handlers@@YAHPAX@Z 00420700 f   fltk:Fl.obj
 0001:0001f760       ?fl_fix_focus@@YAXXZ       00420760 f   fltk:Fl.obj
 0001:0001f940       ?fl_throw_focus@@YAXPAVFl_Widget@@@Z 00420940 f   fltk:Fl.obj
 0001:0001fb10       ?fl_clipboard_notify_retarget@@YAXPAUHWND__@@@Z 00420b10 f   fltk:Fl.obj
 0001:0001fb70       ?fl_update_clipboard@@YAXXZ 00420b70 f   fltk:Fl.obj
 0001:0001fc80       ?fl_set_status@@YAXHHHH@Z  00420c80 f   fltk:Fl.obj
[...]
 0003:00002e14       ?s_imm_module@@3PAUHINSTANCE__@@A 0048ee14     fltk:Fl.obj
 0003:00002e18       ?flImmAssociateContextEx@@3P6GHPAUHWND__@@PAUHIMC__@@K@ZA 0048ee18     fltk:Fl.obj
 0003:00002e1d       ?dnd_flag@@3DA             0048ee1d     fltk:Fl.obj
 0003:00002e20       ?flImmGetContext@@3P6GPAUHIMC__@@PAUHWND__@@@ZA 0048ee20     fltk:Fl.obj
 0003:00002e28       ?flImmSetCompositionWindow@@3P6GHPAUHIMC__@@PAUtagCOMPOSITIONFORM@@@ZA 0048ee28     fltk:Fl.obj
 0003:00002e2c       ?flImmReleaseContext@@3P6GHPAUHWND__@@PAUHIMC__@@@ZA 0048ee2c     fltk:Fl.obj
 0003:00002e30       ?sys_handlers@@3PAUsystem_handler_link@@A 0048ee30     fltk:Fl.obj
 0003:00002e34       ?track_mouse_win@@3PAVFl_Window@@A 0048ee34     fltk:Fl.obj
 0003:00002e38       ?maxfd@@3HA                0048ee38     fltk:Fl.obj
 0003:00002e3c       ?nfds@@3HA                 0048ee3c     fltk:Fl.obj
 0003:00002e40       ?fd_array_size@@3HA        0048ee40     fltk:Fl.obj
 0003:00002e6c       ?fd@@3PAUFD@@A             0048ee6c     fltk:Fl.obj
 0003:00002ecc       ?default_big_icon@@3PAUHICON__@@A 0048eecc     fltk:Fl.obj
 0003:00002ed0       ?default_small_icon@@3PAUHICON__@@A 0048eed0     fltk:Fl.obj
 0003:00002ed4       ?win_DC_list@@3PAUWin_DC_List@@A 0048eed4     fltk:Fl.obj
 0003:00002ee0       ?num_dwidgets@@3HA         0048eee0     fltk:Fl.obj
 0003:00002ee4       ?alloc_dwidgets@@3HA       0048eee4     fltk:Fl.obj
 0003:00002ee8       ?dwidgets@@3PAPAVFl_Widget@@A 0048eee8     fltk:Fl.obj
 0003:00002eec       ?widget_watch@@3PAPAPAVFl_Widget@@A 0048eeec     fltk:Fl.obj
 0003:00002ef0       ?num_widget_watch@@3HA     0048eef0     fltk:Fl.obj
 0003:00002ef4       ?max_widget_watch@@3HA     0048eef4     fltk:Fl.obj
 0003:00002f00       ?win32_at_exit@@3VFl_Win32_At_Exit@@A 0048ef00     fltk:Fl.obj
 0003:00002f04       ?fl_gdi_display@@3VFl_Display_Device@@A 0048ef04     fltk:Fl.obj
 0003:00002f10       ?fl_gdi_driver@@3VFl_GDI_Graphics_Driver@@A 0048ef10     fltk:Fl.obj
 0003:000035f8       ?first_check@@3PAUCheck@@A 0048f5f8     fltk:Fl.obj
 0003:000035fc       ?next_check@@3PAUCheck@@A  0048f5fc     fltk:Fl.obj
 0003:00003600       ?free_check@@3PAUCheck@@A  0048f600     fltk:Fl.obj
 0003:00003604       ?thread_message_@@3PAXA    0048f604     fltk:Fl.obj
 0003:00003608       ?fdsets@@3PAUfd_set@@A     0048f608     fltk:Fl.obj
 0003:00003914       ?win32_timers@@3PAUWin32Timer@@A 0048f914     fltk:Fl.obj
 0003:00003918       ?win32_timer_alloc@@3HA    0048f918     fltk:Fl.obj
 0003:0000391c       ?win32_timer_used@@3HA     0048f91c     fltk:Fl.obj
 0003:00003920       ?s_TimerWnd@@3PAUHWND__@@A 0048f920     fltk:Fl.obj
 0003:00003924       ?resize_bug_fix@@3PAVFl_Window@@A 0048f924     fltk:Fl.obj
 0003:00003928       ?in_idle@?1??fl_wait@@YAHN@Z@4DA 0048f928     fltk:Fl.obj
 0003:00003929       ?beenHereDoneThat@?1??fl_open_display@@YAXXZ@4DA 0048f929     fltk:Fl.obj
 0003:0000392c       ?px@?1??mouse_event@@YAHPAVFl_Window@@HHIJ@Z@4HA 0048f92c     fltk:Fl.obj
 0003:00003930       ?py@?1??mouse_event@@YAHPAVFl_Window@@HHIJ@Z@4HA 0048f930     fltk:Fl.obj
 0003:00003934       ?pmx@?1??mouse_event@@YAHPAVFl_Window@@HHIJ@Z@4HA 0048f934     fltk:Fl.obj
 0003:00003938       ?pmy@?1??mouse_event@@YAHPAVFl_Window@@HHIJ@Z@4HA 0048f938     fltk:Fl.obj
 0003:00003940       ?vklut@?1??ms2fltk@@YAHIH@Z@4PAGA 0048f940     fltk:Fl.obj
 0003:00003b40       ?extendedlut@?1??ms2fltk@@YAHIH@Z@4PAGA 0048fb40     fltk:Fl.obj
 0003:00003d40       ?buffer@?DH@??WndProc@@YGJPAUHWND__@@IIJ@Z@4PADA 0048fd40     fltk:Fl.obj
 0003:00004140       ?delta@?GG@??WndProc@@YGJPAUHWND__@@IIJ@Z@4HA 00490140     fltk:Fl.obj
 0003:00004144       ?delta@?GJ@??WndProc@@YGJPAUHWND__@@IIJ@Z@4HA 00490144     fltk:Fl.obj
 0003:00004148       ?class_name_list@?1??make@Fl_X@@SAPAV2@PAVFl_Window@@@Z@4VNameList@@A 00490148     fltk:Fl.obj
 0003:00004154       ?$TSS0@?1??make@Fl_X@@SAPAV2@PAVFl_Window@@@Z@4HA 00490154     fltk:Fl.obj
 0003:00004158       ?first_class_name@?1??make@Fl_X@@SAPAV2@PAVFl_Window@@@Z@4PBDB 00490158     fltk:Fl.obj
 0003:0000415c       ?avoidRecursion@@3DA       0049015c     fltk:fl_ask.obj
 0003:00004164       ?message_form@@3PAVFl_Window@@A 00490164     fltk:fl_ask.obj
 0003:00004168       ?message@@3PAVFl_Box@@A    00490168     fltk:fl_ask.obj
 0003:0000416c       ?icon@@3PAVFl_Box@@A       0049016c     fltk:fl_ask.obj
 0003:00004170       ?button@@3PAPAVFl_Button@@A 00490170     fltk:fl_ask.obj
 0003:0000417c       ?input@@3PAVFl_Input@@A    0049017c     fltk:fl_ask.obj
 0003:00004180       ?ret_val@@3HA              00490180     fltk:fl_ask.obj
 0003:00004184       ?message_title_default@@3PBDB 00490184     fltk:fl_ask.obj
 0003:00004198       ?fc@@3PAVFl_File_Chooser@@A 00490198     fltk:fl_file_dir.obj
 0003:0000419c       ?current_callback@@3P6AXPBD@ZA 0049019c     fltk:fl_file_dir.obj
 0003:000041a0       ?current_label@@3PBDB      004901a0     fltk:fl_file_dir.obj
 0003:000041a8       ?retname@?1??fl_file_chooser@@YAPADPBD00H@Z@4PADA 004901a8     fltk:fl_file_dir.obj
 0003:000049a8       ?retname@?1??fl_dir_chooser@@YAPADPBD0H@Z@4PADA 004909a8     fltk:fl_file_dir.obj
 0003:000051a8       ?fl_gmi@@3P6GHPAUHMONITOR__@@PAUtagMONITORINFO@@@ZA 004911a8     fltk:screen_xywh.obj
 0003:000051b0       ?screens@@3PAUtagRECT@@A   004911b0     fltk:screen_xywh.obj
 0003:000052b0       ?work_area@@3PAUtagRECT@@A 004912b0     fltk:screen_xywh.obj
 0003:000053b0       ?dpi@@3PAY01MA             004913b0     fltk:screen_xywh.obj
 0003:00005460       ?main_thread@@3KA          00491460     fltk:Fl_lock.obj
 0003:00005468       ?measure@@3PAP6AXPBUFl_Label@@AAH1@ZA 00491468     fltk:fl_labeltype.obj
 0003:000054a8       ?obj_queue@@3PAPAVFl_Widget@@A 004914a8     fltk:Fl_Widget.obj
 0003:000054f8       ?obj_head@@3HA             004914f8     fltk:Fl_Widget.obj
 0003:000054fc       ?obj_tail@@3HA             004914fc     fltk:Fl_Widget.obj
 0003:0000550c       ?window@@3PAVFl_TooltipBox@@A 0049150c     fltk:Fl_Tooltip.obj
 0003:00005514       ?tip@@3PBDB                00491514     fltk:Fl_Tooltip.obj
 0003:00005518       ?Y@@3HA                    00491518     fltk:Fl_Tooltip.obj
 0003:0000551c       ?H@@3HA                    0049151c     fltk:Fl_Tooltip.obj
 0003:00005520       ?recent_tooltip@@3DA       00491520     fltk:Fl_Tooltip.obj
 0003:00005521       ?recursion@@3DA            00491521     fltk:Fl_Tooltip.obj
 0003:00005522       ?beenhere@?1??set_enter_exit_once_@Fl_Tooltip@@CAXXZ@4DA 00491522     fltk:Fl_Tooltip.obj
 0003:00006130       ?tmppen@@3PAXA             00492130     fltk:fl_color.obj
 0003:00006134       ?savepen@@3PAUHPEN__@@A    00492134     fltk:fl_color.obj
 0003:00006138       ?xmap@?1??color@Fl_GDI_Graphics_Driver@@UAEXEEE@Z@4UFl_XMap@@A 00492138     fltk:fl_color.obj
 0003:00006148       ?brushes@?1??fl_brush_action@@YAPAUHBRUSH__@@H@Z@4PAUFl_Brush@?1??1@YAPAU2@H@Z@A 00492148     fltk:fl_color.obj
 0003:00006208       ?beenhere@?1??fl_select_palette@@YAPAUHPALETTE__@@XZ@4DA 00492208     fltk:fl_color.obj
 0003:0000620c       ?fl_alpha_blend@@3P6GHPAUHDC__@@HHHH0HHHHUFL_BLENDFUNCTION@@@ZA 0049220c     fltk:Fl_Double_Window.obj
 0003:00006210       ?been_here@?1??fl_can_do_alpha_blending@@YADXZ@4DA 00492210     fltk:Fl_Double_Window.obj
 0003:00006211       ?can_do@?1??fl_can_do_alpha_blending@@YADXZ@4DA 00492211     fltk:Fl_Double_Window.obj
 0003:000062c4       ?hMod@?1??newUUID@Fl_Preferences@@SAPBDXZ@4PAUHINSTANCE__@@A 004922c4     fltk:Fl_Preferences.obj
 0003:000062d4       ?fl_angle_@@3HA            004922d4     fltk:fl_font.obj
 0003:000062d8       ?wstr@@3PAGA               004922d8     fltk:fl_font.obj
 0003:000062dc       ?wstr_len@@3HA             004922dc     fltk:fl_font.obj
 0003:000062e0       ?fl_GetGlyphIndices@@3P6GKPAUHDC__@@PB_WHPAGK@ZA 004922e0     fltk:fl_font.obj
 0003:000062e4       ?have_loaded_GetGlyphIndices@@3HA 004922e4     fltk:fl_font.obj
 0003:000062e8       ?ext_buff@?1??text_extents@Fl_GDI_Graphics_Driver@@UAEXPBDHAAH111@Z@4PAGA 004922e8     fltk:fl_font.obj
 0003:000062ec       ?w_buff@?1??text_extents@Fl_GDI_Graphics_Driver@@UAEXPBDHAAH111@Z@4PAGA 004922ec     fltk:fl_font.obj
 0003:000062f0       ?wc_len@?1??text_extents@Fl_GDI_Graphics_Driver@@UAEXPBDHAAH111@Z@4IA 004922f0     fltk:fl_font.obj
 0003:00006300       ?hMod@?1??draw@Fl_GDI_Printer_Graphics_Driver@@UAEXPAVFl_Pixmap@@HHHHHH@Z@4PAUHINSTANCE__@@A 00492300     fltk:Fl_Pixmap.obj
 0003:00006304       ?fl_TransparentBlt@?1??draw@Fl_GDI_Printer_Graphics_Driver@@UAEXPAVFl_Pixmap@@HHHHHH@Z@4P6GHPAUHDC__@@HHHH1HHHHI@ZA 00492304     fltk:Fl_Pixmap.obj
 0003:00006308       ?fl_TransparentBlt@?1??draw@Fl_GDI_Printer_Graphics_Driver@@UAEXPAVFl_Bitmap@@HHHHHH@Z@4P6GHPAUHDC__@@HHHH1HHHHI@ZA 00492308     fltk:Fl_Bitmap.obj
 0003:0000630c       ?hMod@?1??draw@Fl_GDI_Printer_Graphics_Driver@@UAEXPAVFl_Bitmap@@HHHHHH@Z@4PAUHINSTANCE__@@A 0049230c     fltk:Fl_Bitmap.obj
 0003:00006310       ?ri@?1??dither@@YAXPAEPBEHH@Z@4HA 00492310     fltk:fl_draw_image.obj
 0003:00006314       ?gi@?1??dither@@YAXPAEPBEHH@Z@4HA 00492314     fltk:fl_draw_image.obj
 0003:00006318       ?bi@?1??dither@@YAXPAEPBEHH@Z@4HA 00492318     fltk:fl_draw_image.obj
 0003:0000631c       ?dir@?1??dither@@YAXPAEPBEHH@Z@4HA 0049231c     fltk:fl_draw_image.obj
 0003:00006320       ?ri@?1??monodither@@YAXPAEPBEHH@Z@4HA 00492320     fltk:fl_draw_image.obj
 0003:00006324       ?dir@?1??monodither@@YAXPAEPBEHH@Z@4HA 00492324     fltk:fl_draw_image.obj
 0003:00006328       ?bmibuffer@?1??innards@@YAXPBEHHHHHHHP6AXPAXHHHPAE@Z1@Z@4PAIA 00492328     fltk:fl_draw_image.obj
 0003:00006758       ?buffer@?1??innards@@YAXPBEHHHHHHHP6AXPAXHHHPAE@Z1@Z@4PAIA 00492758     fltk:fl_draw_image.obj
 0003:0000675c       ?buffer_size@?1??innards@@YAXPBEHHHHHHHP6AXPAXHHHPAE@Z1@Z@4JA 0049275c     fltk:fl_draw_image.obj
 0003:00006760       ?line_buffer@?1??innards@@YAXPBEHHHHHHHP6AXPAXHHHPAE@Z1@Z@4PAIA 00492760     fltk:fl_draw_image.obj
 0003:00006764       ?line_buf_size@?CH@??innards@@YAXPBEHHHHHHHP6AXPAXHHHPAE@Z1@Z@4HA 00492764     fltk:fl_draw_image.obj
 0003:00006770       ?fl_bg_set@@3DA            00492770     fltk:Fl_get_system_colors.obj
 0003:00006771       ?fl_bg2_set@@3DA           00492771     fltk:Fl_get_system_colors.obj
 0003:00006772       ?fl_fg_set@@3DA            00492772     fltk:Fl_get_system_colors.obj
 0003:00006780       ?tile@@3VFl_Pixmap@@A      00492780     fltk:Fl_get_system_colors.obj
 0003:000067a8       ?e@?1??scheme@Fl@@SAHPBD@Z@4PADA 004927a8     fltk:Fl_get_system_colors.obj
 0003:00006be0       ?mbwbuf@@3PA_WA            00492be0     fltk:fl_utf8.obj
 0003:00006be8       ?buf@@3PADA                00492be8     fltk:fl_utf8.obj
 0003:00006bec       ?buf_len@@3HA              00492bec     fltk:fl_utf8.obj
 0003:00006bf0       ?wbufa@@3PAGA              00492bf0     fltk:fl_utf8.obj
 0003:00006bf4       ?wbuf@@3PA_WA              00492bf4     fltk:fl_utf8.obj
 0003:00006bf8       ?wbuf1@@3PA_WA             00492bf8     fltk:fl_utf8.obj
 0003:00006bfc       ?table@?1??Toupper@@YAHH@Z@4PAGA 00492bfc     fltk:fl_utf8.obj
 0003:00006c00       ?buf@?1??fl_utf2mbcs@@9@4PADA 00492c00     fltk:fl_utf8.obj
 0003:00006c04       ?buf@?1??fl_getenv@@9@4PADA 00492c04     fltk:fl_utf8.obj
 0003:00006c08       ?wbuf@?1??fl_getcwd@@9@4PA_WA 00492c08     fltk:fl_utf8.obj
 0003:00006c0c       ?buf@?1??fl_shortcut_label@@YAPBDIPAPBD@Z@4PADA 00492c0c     fltk:fl_shortcut.obj
 0003:00006c44       ?l_secret@@3HA             00492c44     fltk:Fl_Input_.obj
 0003:00006c48       ?undobuffer@@3PADA         00492c48     fltk:Fl_Input_.obj
 0003:00006c4c       ?undobufferlength@@3HA     00492c4c     fltk:Fl_Input_.obj
 0003:00006c50       ?undowidget@@3PAVFl_Input_@@A 00492c50     fltk:Fl_Input_.obj
 0003:00006c54       ?undoat@@3HA               00492c54     fltk:Fl_Input_.obj
 0003:00006c58       ?undocut@@3HA              00492c58     fltk:Fl_Input_.obj
 0003:00006c5c       ?undoinsert@@3HA           00492c5c     fltk:Fl_Input_.obj
 0003:00006c60       ?yankcut@@3HA              00492c60     fltk:Fl_Input_.obj
 0003:00006c64       ?legal_fp_chars@@3PBDB     00492c64     fltk:Fl_Input.obj
 0003:00006c68       ?dnd_save_position@?1??handle@Fl_Input@@UAEHH@Z@4HA 00492c68     fltk:Fl_Input.obj
 0003:00006c6c       ?dnd_save_mark@?1??handle@Fl_Input@@UAEHH@Z@4HA 00492c6c     fltk:Fl_Input.obj
 0003:00006c70       ?newpos@?1??handle@Fl_Input@@UAEHH@Z@4HA 00492c70     fltk:Fl_Input.obj
 0003:00006c74       ?dnd_save_focus@?1??handle@Fl_Input@@UAEHH@Z@4PAVFl_Widget@@A 00492c74     fltk:Fl_Input.obj
 0003:00006c7c       ?underline_at@@3PADA       00492c7c     fltk:fl_draw.obj
 0003:00006c80       ?local_buf@?1??expand_text_@@YAPBDPBDAAPADHNAAHAANHH@Z@4PADA 00492c80     fltk:fl_draw.obj
 0003:00006c84       ?$TSS0@?1??expand_text_@@YAPBDPBDAAPADHNAAHAANHH@Z@4HA 00492c84     fltk:fl_draw.obj
 0003:00006c8c       ?pressed_menu_button_@@3PAVFl_Menu_Button@@A 00492c8c     fltk:Fl_Menu_Button.obj
 0003:00006c90       ?p@@3PAUmenustate@@A       00492c90     fltk:Fl_Menu.obj
 0003:00006c94       ?button@@3PBVFl_Menu_@@B   00492c94     fltk:Fl_Menu.obj
 0003:00006c98       ?dummy@?1??popup@Fl_Menu_Item@@QBEPBU2@HHPBDPBU2@PBVFl_Menu_@@@Z@4U2@A 00492c98     fltk:Fl_Menu.obj
 0003:00006cbc       ?local_array@@3PAUFl_Menu_Item@@A 00492cbc     fltk:Fl_Menu_add.obj
 0003:00006cc0       ?local_array_alloc@@3HA    00492cc0     fltk:Fl_Menu_add.obj
 0003:00006cc4       ?local_array_size@@3HA     00492cc4     fltk:Fl_Menu_add.obj
 0003:00006cc8       ?offcenter@?9??handle@Fl_Slider@@IAEHHHHHH@Z@4HA 00492cc8     fltk:Fl_Slider.obj
 0003:00006ccc       ?image_new@@3VFl_Bitmap@@A 00492ccc     fltk:Fl_File_Chooser.obj
 0003:00006d00       ?pathname@?1??value@Fl_File_Chooser@@QAEPBDH@Z@4PADA 00492d00     fltk:Fl_File_Chooser2.obj
 0003:00007508       ?ncolors@@3HA              00493508     fltk:fl_draw_pixmap.obj
 0003:0000750c       ?chars_per_pixel@@3HA      0049350c     fltk:fl_draw_pixmap.obj
 0003:00007510       ?color_count@@3HA          00493510     fltk:fl_draw_pixmap.obj
 0003:00007514       ?used_colors@@3PAUUsedColor@@A 00493514     fltk:fl_draw_pixmap.obj
 0003:00007518       ?table@?1??XUtf8Toupper@@9@9 00493518     fltk:case.obj
 0003:00007520       ?symbols@@3PAUSYMBOL@@A    00493520     fltk:fl_symbols.obj
 0003:00007f04       ?beenhere@?1??fl_init_symbols@@YAXXZ@4DA 00493f04     fltk:fl_symbols.obj
 0003:00007f08       ?cursor@?1??set_cursor@@YAXPAVFl_Tile@@W4Fl_Cursor@@@Z@4W43@A 00493f08     fltk:Fl_Tile.obj
 0003:00007f0c       ?sdrag@?1??handle@Fl_Tile@@UAEHH@Z@4HA 00493f0c     fltk:Fl_Tile.obj
 0003:00007f10       ?sdx@?1??handle@Fl_Tile@@UAEHH@Z@4HA 00493f10     fltk:Fl_Tile.obj
 0003:00007f14       ?sdy@?1??handle@Fl_Tile@@UAEHH@Z@4HA 00493f14     fltk:Fl_Tile.obj
 0003:00007f18       ?sx@?1??handle@Fl_Tile@@UAEHH@Z@4HA 00493f18     fltk:Fl_Tile.obj
 0003:00007f1c       ?sy@?1??handle@Fl_Tile@@UAEHH@Z@4HA 00493f1c     fltk:Fl_Tile.obj
 0003:00007f20       ?change@?1??handle@Fl_Browser_@@UAEHH@Z@4DA 00493f20     fltk:Fl_Browser_.obj
 0003:00007f21       ?whichway@?1??handle@Fl_Browser_@@UAEHH@Z@4DA 00493f21     fltk:Fl_Browser_.obj
 0003:00007f24       ?py@?1??handle@Fl_Browser_@@UAEHH@Z@4HA 00493f24     fltk:Fl_Browser_.obj
 0003:00007f28       ?inButtonBar@?1??handle@Fl_File_Input@@UAEHH@Z@4DA 00493f28     fltk:Fl_File_Input.obj
 0003:00007f48       ?SWAP_TYPE@@3DA            00493f48     fltkgl:Fl_Gl_Window.obj
 0003:00007f50       ?ortho_context@?DG@??flush@Fl_Gl_Window@@UAEXXZ@4PAUHGLRC__@@A 00493f50     fltkgl:Fl_Gl_Window.obj
 0003:00007f54       ?ortho_window@?DG@??flush@Fl_Gl_Window@@UAEXXZ@4PAV2@A 00493f54     fltkgl:Fl_Gl_Window.obj
 0003:00007f58       ?context_list@@3PAPAUHGLRC__@@A 00493f58     fltkgl:Fl_Gl_Choice.obj
 0003:00007f5c       ?nContext@@3HA             00493f5c     fltkgl:Fl_Gl_Choice.obj
 0003:00007f60       ?NContext@@3HA             00493f60     fltkgl:Fl_Gl_Choice.obj
 0003:00007f64       ?first@@3PAVFl_Gl_Choice@@A 00493f64     fltkgl:Fl_Gl_Choice.obj
 0003:00007f68       ?cached_context@@3PAUHGLRC__@@A 00493f68     fltkgl:Fl_Gl_Choice.obj
 0003:00007f6c       ?cached_window@@3PAVFl_Window@@A 00493f6c     fltkgl:Fl_Gl_Choice.obj
 0003:00007f74       ?Gl_Device_Plugin@@3VFl_Gl_Device_Plugin@@A 00493f74     fltkgl:Fl_Gl_Device_Plugin.obj
 0003:00007f7c       ?gl_fontsize@@3PAVFl_Font_Descriptor@@A 00493f7c     fltkgl:gl_draw.obj
 0003:00007f80       ?buf@?1??gl_draw@@YAXPBDH@Z@4PA_WA 00493f80     fltkgl:gl_draw.obj
 0003:00007f84       ?l@?1??gl_draw@@YAXPBDH@Z@4HA 00493f84     fltkgl:gl_draw.obj
 0003:00007f88       _GS_ExceptionRecord        00493f88     MSVCRT:gs_report.obj
 0003:00007fd8       _GS_ContextRecord          00493fd8     MSVCRT:gs_report.obj
 0003:000082ac       ?module_local_atexit_table@@3U_onexit_table_t@@A 004942ac     MSVCRT:utility.obj
 0003:000082b8       ?module_local_at_quick_exit_table@@3U_onexit_table_t@@A 004942b8     MSVCRT:utility.obj
 0003:000082c4       ?is_initialized_as_dll@@3_NA 004942c4     MSVCRT:utility.obj
 0003:000082c8       ?_Tss_mutex@@3U_RTL_CRITICAL_SECTION@@A 004942c8     MSVCRT:thread_safe_statics.obj
 0003:000082e0       ?_Tss_cv@@3U_RTL_CONDITION_VARIABLE@@A 004942e0     MSVCRT:thread_safe_statics.obj
 0003:000082e4       ?_Tss_event@@3PAXA         004942e4     MSVCRT:thread_safe_statics.obj
 0003:000082e8       ?encoded_sleep_condition_variable_cs@@3P6GHPAU_RTL_CONDITION_VARIABLE@@PAU_RTL_CRITICAL_SECTION@@K@ZA 004942e8     MSVCRT:thread_safe_statics.obj
 0003:000082ec       ?encoded_wake_all_condition_variable@@3P6GXPAU_RTL_CONDITION_VARIABLE@@@ZA 004942ec     MSVCRT:thread_safe_statics.obj
 0003:0000830c       ?_Fac_head@std@@3PAU_Fac_node@1@A 0049430c     msvcprt:locale0_implib.obj
 0003:00008310       ?_Fac_tidy_reg@std@@3U_Fac_tidy_reg_t@1@B 00494310     msvcprt:locale0_implib.obj
 0003:00008314       ?mbwbuf@?1??mbcs2utf@@9@9  00494314     fltk:fl_call_main.obj
 0004:00000000       __guard_fids__             00495000     MSVCRT:std_type_info_static.obj
 0004:00000004       __guard_fids__             00495004     MSVCRT:exe_winmain.obj
 0004:00000008       __guard_fids__             00495008     MSVCRT:exe_winmain.obj
 0004:0000000c       __guard_fids__             0049500c     MSVCRT:exe_winmain.obj
 0004:00000010       __guard_fids_?pre_c_initialization@@YAHXZ 00495010     MSVCRT:exe_winmain.obj
 0004:00000018       __guard_fids__             00495018     MSVCRT:thread_safe_statics.obj
 0004:0000001c       __guard_fids_?__scrt_initialize_thread_safe_statics@@YAHXZ 0049501c     MSVCRT:thread_safe_statics.obj
 0004:00000020       __guard_fids__             00495020     MSVCRT:throw_bad_alloc.obj
 0004:00000028       __guard_fids__             00495028     MSVCRT:throw_bad_alloc.obj
 0004:00000030       __guard_fids__             00495030     MSVCRT:throw_bad_alloc.obj
 0004:00000034       __guard_fids__             00495034     MSVCRT:throw_bad_alloc.obj
 0004:00000038       __guard_fids__             00495038     MSVCRT:throw_bad_alloc.obj
 0004:0000003c       __guard_fids__             0049503c     MSVCRT:throw_bad_alloc.obj
 0004:00000040       __guard_fids___except_handler4 00495040     MSVCRT:_chandler4gs_.obj
 0004:00000044       __guard_fids____scrt_set_unhandled_exception_filter 00495044     MSVCRT:utility_desktop.obj
 0004:00000048       __guard_fids__             00495048     MSVCRT:guard_support.obj
 0004:0000004c       __guard_fids___guard_icall_checks_enforced 0049504c     MSVCRT:guard_support.obj
 0004:00000050       __guard_fids_??__E_Fac_tidy_reg@std@@YAXXZ 00495050     msvcprt:locale0_implib.obj
 0004:00000054       __guard_fids__             00495054     msvcprt:locale0_implib.obj
 0006:00000060       $R000000                   00497060     * linker generated manifest res *
