 ray

 Timestamp is 58df5352 (Sat Apr  1 15:14:26 2017)

 Preferred load address is 00400000

 Start         Length     Name                   Class
 0001:00000000 000001e0H .text$di                CODE
 0001:000001e0 00075d80H .text$mn                CODE
 0001:00075f60 00002540H .text$x                 CODE
 0001:000784a0 000000d9H .text$yd                CODE
 0002:00000000 000006b8H .idata$5                DATA
 0002:000006b8 00000004H .00cfg                  DATA
 0002:000006bc 00000004H .CRT$XCA                DATA
 0002:000006c0 00000004H .CRT$XCAA               DATA
 0002:000006c4 00000004H .CRT$XCL                DATA
 0002:000006c8 0000002cH .CRT$XCU                DATA
 0002:000006f4 00000004H .CRT$XCZ                DATA
 0002:000006f8 00000004H .CRT$XIA                DATA
 0002:000006fc 00000004H .CRT$XIAA               DATA
 0002:00000700 00000004H .CRT$XIAC               DATA
 0002:00000704 00000004H .CRT$XIC                DATA
 0002:00000708 00000004H .CRT$XIZ                DATA
 0002:0000070c 00000004H .CRT$XLA                DATA
 0002:00000710 00000004H .CRT$XLZ                DATA
 0002:00000714 00000004H .CRT$XPA                DATA
 0002:00000718 00000004H .CRT$XPZ                DATA
 0002:0000071c 00000004H .CRT$XTA                DATA
 0002:00000720 00000010H .CRT$XTZ                DATA
 0002:00000730 00007d84H .rdata                  DATA
 0002:000084b4 00000018H .rdata$T                DATA
 0002:000084cc 000024a8H .rdata$r                DATA
 0002:0000a974 000003d4H .rdata$zzzdbg           DATA
 0002:0000ad48 00000004H .rtc$IAA                DATA
 0002:0000ad4c 00000004H .rtc$IZZ                DATA
 0002:0000ad50 00000004H .rtc$TAA                DATA
 0002:0000ad54 00000004H .rtc$TZZ                DATA
 0002:0000ad58 00002684H .xdata$x                DATA
 0002:0000d3dc 00000000H .edata                  DATA
 0002:0000d3dc 000001b8H .idata$2                DATA
 0002:0000d594 00000014H .idata$3                DATA
 0002:0000d5a8 000006b8H .idata$4                DATA
 0002:0000dc60 00002472H .idata$6                DATA
 0003:00000000 00001e88H .data                   DATA
 0003:00001e88 00000e68H .data$r                 DATA
 0003:00002cf0 000055e0H .bss                    DATA
 0004:00000000 00000058H .gfids$y                DATA
 0005:00000000 00000004H .tls                    DATA
 0005:00000004 00000004H .tls$                   DATA
 0005:00000008 00000001H .tls$ZZZ                DATA
 0006:00000000 00000060H .rsrc$01                DATA
 0006:00000060 00000180H .rsrc$02                DATA

  Address         Publics by Value              Rva+Base       Lib:Object

 0000:00000000       ___guard_iat_count         00000000     <absolute>
 0000:00000000       ___guard_fids_count        00000000     <absolute>
 0000:00000000       ___guard_fids_table        00000000     <absolute>
 0000:00000000       ___safe_se_handler_count   00000000     <absolute>
 0000:00000000       ___guard_iat_table         00000000     <absolute>
 0000:00000000       ___guard_longjmp_table     00000000     <absolute>
 0000:00000000       ___safe_se_handler_table   00000000     <absolute>
 0000:00000000       ___guard_longjmp_count     00000000     <absolute>
 0000:00000000       ___dynamic_value_reloc_table 00000000     <absolute>
 0000:0000002c       __tls_array                0000002c     <absolute>
 0000:00000100       ___guard_flags             00000100     <absolute>
 0000:00000000       ___ImageBase               00400000     <linker-defined>
 0001:000001e0       ?GetOption@@YAHHPAPADPAD0@Z 004011e0 f   getopt.obj
 0001:000002c0       ?getopt@@YAHHPAPADPAD@Z    004012c0 f   getopt.obj
 0001:00000300       ??$__vcrt_va_start_verify_argument_type@QBD@@YAXXZ 00401300 f i main.obj
 0001:00000310       ??_H@YGXPAXIIP6EPAX0@Z@Z   00401310 f i main.obj
 0001:00000340       ?processArgs@@YA_NHPAPAD@Z 00401340 f   main.obj
 0001:00000430       ?usage@@YAXXZ              00401430 f   main.obj
 0001:00000450       ___local_stdio_printf_options 00401450 f i main.obj
 0001:00000460       _fprintf                   00401460 f i main.obj
 0001:00000490       _main                      00401490 f   main.obj
 0001:000006d0       ??$?0HVMaterial@@X$0A@@?$pair@$$CBHVMaterial@@@std@@QAE@$$QAU?$pair@HVMaterial@@@1@@Z 004016d0 f i RayTracer.obj
 0001:000007e0       ??$_Buynode@U?$pair@HVMaterial@@@std@@@?$_Tree_comp_alloc@V?$_Tmap_traits@HVMaterial@@U?$less@H@std@@V?$allocator@U?$pair@$$CBHVMaterial@@@std@@@3@$0A@@std@@@std@@QAEPAU?$_Tree_node@U?$pair@$$CBHVMaterial@@@std@@PAX@1@$$QAU?$pair@HVMaterial@@@1@@Z 004017e0 f i RayTracer.obj
 0001:00000810       ??$_Distance1@V?$_Tree_iterator@V?$_Tree_val@U?$_Tree_simple_types@U?$pair@$$CBHVMaterial@@@std@@@std@@@std@@@std@@@std@@YAHV?$_Tree_iterator@V?$_Tree_val@U?$_Tree_simple_types@U?$pair@$$CBHVMaterial@@@std@@@std@@@std@@@0@0Uinput_iterator_tag@0@@Z 00401810 f i RayTracer.obj
 0001:00000880       ??$_Eqrange@H@?$_Tree@V?$_Tmap_traits@HVMaterial@@U?$less@H@std@@V?$allocator@U?$pair@$$CBHVMaterial@@@std@@@3@$0A@@std@@@std@@IBE?AU?$pair@V?$_Tree_const_iterator@V?$_Tree_val@U?$_Tree_simple_types@U?$pair@$$CBHVMaterial@@@std@@@std@@@std@@@std@@V12@@1@ABH@Z 00401880 f i RayTracer.obj
 0001:00000900       ??$_Insert_at@AAU?$pair@$$CBHVMaterial@@@std@@PAU?$_Tree_node@U?$pair@$$CBHVMaterial@@@std@@PAX@2@@?$_Tree@V?$_Tmap_traits@HVMaterial@@U?$less@H@std@@V?$allocator@U?$pair@$$CBHVMaterial@@@std@@@3@$0A@@std@@@std@@IAE?AV?$_Tree_iterator@V?$_Tree_val@U?$_Tree_simple_types@U?$pair@$$CBHVMaterial@@@std@@@std@@@std@@@1@_NPAU?$_Tree_node@U?$pair@$$CBHVMaterial@@@std@@PAX@1@AAU?$pair@$$CBHVMaterial@@@1@1@Z 00401900 f i RayTracer.obj
 0001:00000aa0       ??$_Insert_nohint@AAU?$pair@$$CBHVMaterial@@@std@@PAU?$_Tree_node@U?$pair@$$CBHVMaterial@@@std@@PAX@2@@?$_Tree@V?$_Tmap_traits@HVMaterial@@U?$less@H@std@@V?$allocator@U?$pair@$$CBHVMaterial@@@std@@@3@$0A@@std@@@std@@IAE?AU?$pair@V?$_Tree_iterator@V?$_Tree_val@U?$_Tree_simple_types@U?$pair@$$CBHVMaterial@@@std@@@std@@@std@@@std@@_N@1@_NAAU?$pair@$$CBHVMaterial@@@1@PAU?$_Tree_node@U?$pair@$$CBHVMaterial@@@std@@PAX@1@@Z 00401aa0 f i RayTracer.obj
 0001:00000bd0       ??$insert@U?$pair@HVMaterial@@@std@@X@?$map@HVMaterial@@U?$less@H@std@@V?$allocator@U?$pair@$$CBHVMaterial@@@std@@@3@@std@@QAE?AU?$pair@V?$_Tree_iterator@V?$_Tree_val@U?$_Tree_simple_types@U?$pair@$$CBHVMaterial@@@std@@@std@@@std@@@std@@_N@1@$$QAU?$pair@HVMaterial@@@1@@Z 00401bd0 f i RayTracer.obj
 0001:00000c00       ??$make_pair@HABVMaterial@@@std@@YA?AU?$pair@HVMaterial@@@0@$$QAHABVMaterial@@@Z 00401c00 f i RayTracer.obj
 0001:00000d10       ??0RayTracer@@QAE@XZ       00401d10 f   RayTracer.obj
 0001:00000d60       ??0vec3f@@QAE@XZ           00401d60 f i RayTracer.obj
 0001:00000d70       ??1?$basic_string@DU?$char_traits@D@std@@V?$allocator@D@2@@std@@QAE@XZ 00401d70 f i RayTracer.obj
 0001:00000db0       ??1ParseError@@QAE@XZ      00401db0 f i RayTracer.obj
 0001:00000df0       ??1RayTracer@@QAE@XZ       00401df0 f   RayTracer.obj
 0001:00000e40       ??1isect@@QAE@XZ           00401e40 f i RayTracer.obj
 0001:00000e60       ??C?$reverse_iterator@V?$_Tree_iterator@V?$_Tree_val@U?$_Tree_simple_types@U?$pair@$$CBHVMaterial@@@std@@@std@@@std@@@std@@@std@@QBEPAU?$pair@$$CBHVMaterial@@@1@XZ 00401e60 f i RayTracer.obj
 0001:00000e80       ??E?$_Tree_unchecked_const_iterator@V?$_Tree_val@U?$_Tree_simple_types@U?$pair@$$CBHVMaterial@@@std@@@std@@@std@@U_Iterator_base0@2@@std@@QAEAAV01@XZ 00401e80 f i RayTracer.obj
 0001:00000ed0       ??F?$_Tree_unchecked_const_iterator@V?$_Tree_val@U?$_Tree_simple_types@U?$pair@$$CBHVMaterial@@@std@@@std@@@std@@U_Iterator_base0@2@@std@@QAEAAV01@XZ 00401ed0 f i RayTracer.obj
 0001:00000f30       ?_Buyheadnode@?$_Tree_comp_alloc@V?$_Tmap_traits@HVMaterial@@U?$less@H@std@@V?$allocator@U?$pair@$$CBHVMaterial@@@std@@@3@$0A@@std@@@std@@QAEPAU?$_Tree_node@U?$pair@$$CBHVMaterial@@@std@@PAX@2@XZ 00401f30 f i RayTracer.obj
 0001:00000f70       ?_Buynode0@?$_Tree_comp_alloc@V?$_Tmap_traits@HVMaterial@@U?$less@H@std@@V?$allocator@U?$pair@$$CBHVMaterial@@@std@@@3@$0A@@std@@@std@@QAEPAU?$_Tree_node@U?$pair@$$CBHVMaterial@@@std@@PAX@2@XZ 00401f70 f i RayTracer.obj
 0001:00000fb0       ?_Copy@?$basic_string@DU?$char_traits@D@std@@V?$allocator@D@2@@std@@QAEXII@Z 00401fb0 f i RayTracer.obj
 0001:00001160       ?_Deallocate@std@@YAXPAXII@Z 00402160 f i RayTracer.obj
 0001:000011d0       ?_Erase@?$_Tree@V?$_Tmap_traits@HVMaterial@@U?$less@H@std@@V?$allocator@U?$pair@$$CBHVMaterial@@@std@@@3@$0A@@std@@@std@@IAEXPAU?$_Tree_node@U?$pair@$$CBHVMaterial@@@std@@PAX@2@@Z 004021d0 f i RayTracer.obj
 0001:00001210       ?_Lrotate@?$_Tree@V?$_Tmap_traits@HVMaterial@@U?$less@H@std@@V?$allocator@U?$pair@$$CBHVMaterial@@@std@@@3@$0A@@std@@@std@@IAEXPAU?$_Tree_node@U?$pair@$$CBHVMaterial@@@std@@PAX@2@@Z 00402210 f i RayTracer.obj
 0001:00001270       ?_Rrotate@?$_Tree@V?$_Tmap_traits@HVMaterial@@U?$less@H@std@@V?$allocator@U?$pair@$$CBHVMaterial@@@std@@@3@$0A@@std@@@std@@IAEXPAU?$_Tree_node@U?$pair@$$CBHVMaterial@@@std@@PAX@2@@Z 00402270 f i RayTracer.obj
 0001:000012d0       ?allocate@?$_Wrap_alloc@V?$allocator@D@std@@@std@@QAEPADI@Z 004022d0 f i RayTracer.obj
 0001:00001330       ?aspectRatio@RayTracer@@QAENXZ 00402330 f   RayTracer.obj
 0001:00001370       ?assign@?$basic_string@DU?$char_traits@D@std@@V?$allocator@D@2@@std@@QAEAAV12@ABV12@II@Z 00402370 f i RayTracer.obj
 0001:00001490       ?assign@?$basic_string@DU?$char_traits@D@std@@V?$allocator@D@2@@std@@QAEAAV12@PBDI@Z 00402490 f i RayTracer.obj
 0001:00001590       ?clear@?$_Tree@V?$_Tmap_traits@HVMaterial@@U?$less@H@std@@V?$allocator@U?$pair@$$CBHVMaterial@@@std@@@3@$0A@@std@@@std@@QAEXXZ 00402590 f i RayTracer.obj
 0001:00001610       ?erase@?$_Tree@V?$_Tmap_traits@HVMaterial@@U?$less@H@std@@V?$allocator@U?$pair@$$CBHVMaterial@@@std@@@3@$0A@@std@@@std@@QAE?AV?$_Tree_iterator@V?$_Tree_val@U?$_Tree_simple_types@U?$pair@$$CBHVMaterial@@@std@@@std@@@std@@@2@V?$_Tree_const_iterator@V?$_Tree_val@U?$_Tree_simple_types@U?$pair@$$CBHVMaterial@@@std@@@std@@@std@@@2@0@Z 00402610 f i RayTracer.obj
 0001:000016b0       ?erase@?$_Tree@V?$_Tmap_traits@HVMaterial@@U?$less@H@std@@V?$allocator@U?$pair@$$CBHVMaterial@@@std@@@3@$0A@@std@@@std@@QAE?AV?$_Tree_iterator@V?$_Tree_val@U?$_Tree_simple_types@U?$pair@$$CBHVMaterial@@@std@@@std@@@std@@@2@V?$_Tree_const_iterator@V?$_Tree_val@U?$_Tree_simple_types@U?$pair@$$CBHVMaterial@@@std@@@std@@@std@@@2@@Z 004026b0 f i RayTracer.obj
 0001:00001930       ?erase@?$_Tree@V?$_Tmap_traits@HVMaterial@@U?$less@H@std@@V?$allocator@U?$pair@$$CBHVMaterial@@@std@@@3@$0A@@std@@@std@@QAEIABH@Z 00402930 f i RayTracer.obj
 0001:00001980       ?erase@?$basic_string@DU?$char_traits@D@std@@V?$allocator@D@2@@std@@QAEAAV12@II@Z 00402980 f i RayTracer.obj
 0001:00001a20       ?getBuffer@RayTracer@@QAEXAAPAEAAH1@Z 00402a20 f   RayTracer.obj
 0001:00001a40       ?getFresnelCoeff@RayTracer@@QAENAAVisect@@ABVray@@@Z 00402a40 f   RayTracer.obj
 0001:00001f70       ?loadScene@RayTracer@@QAE_NPAD@Z 00402f70 f   RayTracer.obj
 0001:000020c0       ?sceneLoaded@RayTracer@@QAE_NXZ 004030c0 f   RayTracer.obj
 0001:000020d0       ?trace@RayTracer@@QAE?AVvec3f@@PAVScene@@NN@Z 004030d0 f   RayTracer.obj
 0001:000021c0       ?traceLines@RayTracer@@QAEXHH@Z 004031c0 f   RayTracer.obj
 0001:00002670       ?tracePixel@RayTracer@@QAEXHH@Z 00403670 f   RayTracer.obj
 0001:00002a70       ?traceRay@RayTracer@@QAE?AVvec3f@@PAVScene@@ABVray@@ABV2@H@Z 00403a70 f   RayTracer.obj
 0001:000035e0       ?traceSetup@RayTracer@@QAEXHH@Z 004045e0 f   RayTracer.obj
 0001:00003640       ??0TraceGLWindow@@QAE@HHHHPBD@Z 00404640 f   TraceGLWindow.obj
 0001:000036c0       ??_EFl_Gl_Window@@UAEPAXI@Z 004046c0 f i TraceGLWindow.obj
 0001:000036c0       ??_GFl_Gl_Window@@UAEPAXI@Z 004046c0 f i TraceGLWindow.obj
 0001:000036f0       ??_ETraceGLWindow@@UAEPAXI@Z 004046f0 f i TraceGLWindow.obj
 0001:000036f0       ??_GTraceGLWindow@@UAEPAXI@Z 004046f0 f i TraceGLWindow.obj
 0001:00003720       ?as_gl_window@Fl_Gl_Window@@UAEPAV1@XZ 00404720 f i TraceGLWindow.obj
 0001:00003730       ?as_group@Fl_Group@@UAEPAV1@XZ 00404730 f i TraceGLWindow.obj
 0001:00003740       ?as_window@Fl_Window@@UAEPAV1@XZ 00404740 f i TraceGLWindow.obj
 0001:00003750       ?draw@TraceGLWindow@@UAEXXZ 00404750 f   TraceGLWindow.obj
 0001:00003830       ?handle@TraceGLWindow@@UAEHH@Z 00404830 f   TraceGLWindow.obj
 0001:00003840       ?refresh@TraceGLWindow@@QAEXXZ 00404840 f   TraceGLWindow.obj
 0001:00003850       ?resizeWindow@TraceGLWindow@@QAEXHH@Z 00404850 f   TraceGLWindow.obj
 0001:00003880       ?saveImage@TraceGLWindow@@QAEXPAD@Z 00404880 f   TraceGLWindow.obj
 0001:000038d0       ?setRayTracer@TraceGLWindow@@QAEXPAVRayTracer@@@Z 004048d0 f   TraceGLWindow.obj
 0001:000038e0       ?cb_load_scene@TraceUI@@CAXPAVFl_Menu_@@PAX@Z 004048e0 f   TraceUI.obj
 0001:00003980       ?cb_save_image@TraceUI@@CAXPAVFl_Menu_@@PAX@Z 00404980 f   TraceUI.obj
 0001:000039c0       ?cb_exit@TraceUI@@CAXPAVFl_Menu_@@PAX@Z 004049c0 f   TraceUI.obj
 0001:000039f0       ?cb_about@TraceUI@@CAXPAVFl_Menu_@@PAX@Z 004049f0 f   TraceUI.obj
 0001:00003a00       ??0TraceUI@@QAE@XZ         00404a00 f   TraceUI.obj
 0001:00004360       ?cb_ambientLightSlides@TraceUI@@CAXPAVFl_Widget@@PAX@Z 00405360 f   TraceUI.obj
 0001:00004380       ?cb_antialiasingSlides@TraceUI@@CAXPAVFl_Widget@@PAX@Z 00405380 f   TraceUI.obj
 0001:000043a0       ?cb_attenuationConstantSlides@TraceUI@@CAXPAVFl_Widget@@PAX@Z 004053a0 f   TraceUI.obj
 0001:000043c0       ?cb_attenuationLinearSlides@TraceUI@@CAXPAVFl_Widget@@PAX@Z 004053c0 f   TraceUI.obj
 0001:000043e0       ?cb_attenuationQuadraticSlides@TraceUI@@CAXPAVFl_Widget@@PAX@Z 004053e0 f   TraceUI.obj
 0001:00004400       ?cb_depthSlides@TraceUI@@CAXPAVFl_Widget@@PAX@Z 00405400 f   TraceUI.obj
 0001:00004420       ?cb_distanceSlides@TraceUI@@CAXPAVFl_Widget@@PAX@Z 00405420 f   TraceUI.obj
 0001:00004440       ?cb_exit2@TraceUI@@CAXPAVFl_Widget@@PAX@Z 00405440 f   TraceUI.obj
 0001:00004470       ?cb_fresnelSwitch@TraceUI@@CAXPAVFl_Widget@@PAX@Z 00405470 f   TraceUI.obj
 0001:00004490       ?cb_intensitySlides@TraceUI@@CAXPAVFl_Widget@@PAX@Z 00405490 f   TraceUI.obj
 0001:000044b0       ?cb_jitteringSwitch@TraceUI@@CAXPAVFl_Widget@@PAX@Z 004054b0 f   TraceUI.obj
 0001:000044d0       ?cb_render@TraceUI@@CAXPAVFl_Widget@@PAX@Z 004054d0 f   TraceUI.obj
 0001:000046e0       ?cb_sizeSlides@TraceUI@@CAXPAVFl_Widget@@PAX@Z 004056e0 f   TraceUI.obj
 0001:00004730       ?cb_stop@TraceUI@@CAXPAVFl_Widget@@PAX@Z 00405730 f   TraceUI.obj
 0001:00004740       ?getAmbientLight@TraceUI@@QAENXZ 00405740 f   TraceUI.obj
 0001:00004750       ?getAntialiasingSize@TraceUI@@QAEHXZ 00405750 f   TraceUI.obj
 0001:00004760       ?getAttenuationConstant@TraceUI@@QAENXZ 00405760 f   TraceUI.obj
 0001:00004770       ?getAttenuationLinear@TraceUI@@QAENXZ 00405770 f   TraceUI.obj
 0001:00004780       ?getAttenuationQuadratic@TraceUI@@QAENXZ 00405780 f   TraceUI.obj
 0001:00004790       ?getDepth@TraceUI@@QAEHXZ  00405790 f   TraceUI.obj
 0001:000047a0       ?getDistance@TraceUI@@QAENXZ 004057a0 f   TraceUI.obj
 0001:000047b0       ?getIntensity@TraceUI@@QAEHXZ 004057b0 f   TraceUI.obj
 0001:000047c0       ?getSize@TraceUI@@QAEHXZ   004057c0 f   TraceUI.obj
 0001:000047d0       ?isEnableFresnel@TraceUI@@QAE_NXZ 004057d0 f   TraceUI.obj
 0001:000047e0       ?isEnableJittering@TraceUI@@QAE_NXZ 004057e0 f   TraceUI.obj
 0001:000047f0       ?setRayTracer@TraceUI@@QAEXPAVRayTracer@@@Z 004057f0 f   TraceUI.obj
 0001:00004810       ?show@TraceUI@@QAEXXZ      00405810 f   TraceUI.obj
 0001:00004820       ?whoami@TraceUI@@CAPAV1@PAVFl_Menu_@@@Z 00405820 f   TraceUI.obj
 0001:00004830       _sprintf                   00405830 f i TraceUI.obj
 0001:00004870       ?readBMP@@YAPAEPADAAH1@Z   00405870 f   bitmap.obj
 0001:000049e0       ?writeBMP@@YAXPADHHPAE@Z   004059e0 f   bitmap.obj
 0001:00004b70       ??$?0U?$_Wrap_alloc@V?$allocator@U?$_Tree_node@U?$pair@$$CBV?$basic_string@DU?$char_traits@D@std@@V?$allocator@D@2@@std@@PAVObj@@@std@@PAX@std@@@std@@@std@@@?$_Tree@V?$_Tmap_traits@V?$basic_string@DU?$char_traits@D@std@@V?$allocator@D@2@@std@@PAVObj@@U?$less@V?$basic_string@DU?$char_traits@D@std@@V?$allocator@D@2@@std@@@2@V?$allocator@U?$pair@$$CBV?$basic_string@DU?$char_traits@D@std@@V?$allocator@D@2@@std@@PAVObj@@@std@@@2@$0A@@std@@@std@@QAE@ABV01@$$QAU?$_Wrap_alloc@V?$allocator@U?$_Tree_node@U?$pair@$$CBV?$basic_string@DU?$char_traits@D@std@@V?$allocator@D@2@@std@@PAVObj@@@std@@PAX@std@@@std@@@1@@Z 00405b70 f i parse.obj
 0001:00004c00       ??$?6DU?$char_traits@D@std@@V?$allocator@D@1@@std@@YAAAV?$basic_ostream@DU?$char_traits@D@std@@@0@AAV10@ABV?$basic_string@DU?$char_traits@D@std@@V?$allocator@D@2@@0@@Z 00405c00 f i parse.obj
 0001:00004e00       ??$?6U?$char_traits@D@std@@@std@@YAAAV?$basic_ostream@DU?$char_traits@D@std@@@0@AAV10@D@Z 00405e00 f i parse.obj
 0001:00005010       ??$?6U?$char_traits@D@std@@@std@@YAAAV?$basic_ostream@DU?$char_traits@D@std@@@0@AAV10@PBD@Z 00406010 f i parse.obj
 0001:00005250       ??$?8DU?$char_traits@D@std@@V?$allocator@D@1@@std@@YA_NABV?$basic_string@DU?$char_traits@D@std@@V?$allocator@D@2@@0@PBD@Z 00406250 f i parse.obj
 0001:000052c0       ??$?HDU?$char_traits@D@std@@V?$allocator@D@1@@std@@YA?AV?$basic_string@DU?$char_traits@D@std@@V?$allocator@D@2@@0@$$QAV10@0@Z 004062c0 f i parse.obj
 0001:00005330       ??$?HDU?$char_traits@D@std@@V?$allocator@D@1@@std@@YA?AV?$basic_string@DU?$char_traits@D@std@@V?$allocator@D@2@@0@$$QAV10@ABV10@@Z 00406330 f i parse.obj
 0001:00005370       ??$_Buynode@AAU?$pair@$$CBV?$basic_string@DU?$char_traits@D@std@@V?$allocator@D@2@@std@@PAVObj@@@std@@@?$_Tree_comp_alloc@V?$_Tmap_traits@V?$basic_string@DU?$char_traits@D@std@@V?$allocator@D@2@@std@@PAVObj@@U?$less@V?$basic_string@DU?$char_traits@D@std@@V?$allocator@D@2@@std@@@2@V?$allocator@U?$pair@$$CBV?$basic_string@DU?$char_traits@D@std@@V?$allocator@D@2@@std@@PAVObj@@@std@@@2@$0A@@std@@@std@@QAEPAU?$_Tree_node@U?$pair@$$CBV?$basic_string@DU?$char_traits@D@std@@V?$allocator@D@2@@std@@PAVObj@@@std@@PAX@1@AAU?$pair@$$CBV?$basic_string@DU?$char_traits@D@std@@V?$allocator@D@2@@std@@PAVObj@@@1@@Z 00406370 f i parse.obj
 0001:00005430       ??$_Buynode@ABUpiecewise_construct_t@std@@V?$tuple@ABV?$basic_string@DU?$char_traits@D@std@@V?$allocator@D@2@@std@@@2@V?$tuple@$$V@2@@?$_Tree_comp_alloc@V?$_Tmap_traits@V?$basic_string@DU?$char_traits@D@std@@V?$allocator@D@2@@std@@PAVObj@@U?$less@V?$basic_string@DU?$char_traits@D@std@@V?$allocator@D@2@@std@@@2@V?$allocator@U?$pair@$$CBV?$basic_string@DU?$char_traits@D@std@@V?$allocator@D@2@@std@@PAVObj@@@std@@@2@$0A@@std@@@std@@QAEPAU?$_Tree_node@U?$pair@$$CBV?$basic_string@DU?$char_traits@D@std@@V?$allocator@D@2@@std@@PAVObj@@@std@@PAX@1@ABUpiecewise_construct_t@1@$$QAV?$tuple@ABV?$basic_string@DU?$char_traits@D@std@@V?$allocator@D@2@@std@@@1@$$QAV?$tuple@$$V@1@@Z 00406430 f i parse.obj
 0001:000054f0       ??$_Copy@U_Copy_tag@?$_Tree@V?$_Tmap_traits@V?$basic_string@DU?$char_traits@D@std@@V?$allocator@D@2@@std@@PAVObj@@U?$less@V?$basic_string@DU?$char_traits@D@std@@V?$allocator@D@2@@std@@@2@V?$allocator@U?$pair@$$CBV?$basic_string@DU?$char_traits@D@std@@V?$allocator@D@2@@std@@PAVObj@@@std@@@2@$0A@@std@@@std@@@?$_Tree@V?$_Tmap_traits@V?$basic_string@DU?$char_traits@D@std@@V?$allocator@D@2@@std@@PAVObj@@U?$less@V?$basic_string@DU?$char_traits@D@std@@V?$allocator@D@2@@std@@@2@V?$allocator@U?$pair@$$CBV?$basic_string@DU?$char_traits@D@std@@V?$allocator@D@2@@std@@PAVObj@@@std@@@2@$0A@@std@@@std@@IAEXABV01@U_Copy_tag@01@@Z 004064f0 f i parse.obj
 0001:00005570       ??$_Copy_nodes@U_Copy_tag@?$_Tree@V?$_Tmap_traits@V?$basic_string@DU?$char_traits@D@std@@V?$allocator@D@2@@std@@PAVObj@@U?$less@V?$basic_string@DU?$char_traits@D@std@@V?$allocator@D@2@@std@@@2@V?$allocator@U?$pair@$$CBV?$basic_string@DU?$char_traits@D@std@@V?$allocator@D@2@@std@@PAVObj@@@std@@@2@$0A@@std@@@std@@@?$_Tree@V?$_Tmap_traits@V?$basic_string@DU?$char_traits@D@std@@V?$allocator@D@2@@std@@PAVObj@@U?$less@V?$basic_string@DU?$char_traits@D@std@@V?$allocator@D@2@@std@@@2@V?$allocator@U?$pair@$$CBV?$basic_string@DU?$char_traits@D@std@@V?$allocator@D@2@@std@@PAVObj@@@std@@@2@$0A@@std@@@std@@IAEPAU?$_Tree_node@U?$pair@$$CBV?$basic_string@DU?$char_traits@D@std@@V?$allocator@D@2@@std@@PAVObj@@@std@@PAX@1@PAU21@0U_Copy_tag@01@@Z 00406570 f i parse.obj
 0001:00005630       ??$_Insert_at@AAU?$pair@$$CBV?$basic_string@DU?$char_traits@D@std@@V?$allocator@D@2@@std@@PAVObj@@@std@@PAU?$_Tree_node@U?$pair@$$CBV?$basic_string@DU?$char_traits@D@std@@V?$allocator@D@2@@std@@PAVObj@@@std@@PAX@2@@?$_Tree@V?$_Tmap_traits@V?$basic_string@DU?$char_traits@D@std@@V?$allocator@D@2@@std@@PAVObj@@U?$less@V?$basic_string@DU?$char_traits@D@std@@V?$allocator@D@2@@std@@@2@V?$allocator@U?$pair@$$CBV?$basic_string@DU?$char_traits@D@std@@V?$allocator@D@2@@std@@PAVObj@@@std@@@2@$0A@@std@@@std@@IAE?AV?$_Tree_iterator@V?$_Tree_val@U?$_Tree_simple_types@U?$pair@$$CBV?$basic_string@DU?$char_traits@D@std@@V?$allocator@D@2@@std@@PAVObj@@@std@@@std@@@std@@@1@_NPAU?$_Tree_node@U?$pair@$$CBV?$basic_string@DU?$char_traits@D@std@@V?$allocator@D@2@@std@@PAVObj@@@std@@PAX@1@AAU?$pair@$$CBV?$basic_string@DU?$char_traits@D@std@@V?$allocator@D@2@@std@@PAVObj@@@1@1@Z 00406630 f i parse.obj
 0001:00005800       ??$_Insert_hint@AAU?$pair@$$CBV?$basic_string@DU?$char_traits@D@std@@V?$allocator@D@2@@std@@PAVObj@@@std@@PAU?$_Tree_node@U?$pair@$$CBV?$basic_string@DU?$char_traits@D@std@@V?$allocator@D@2@@std@@PAVObj@@@std@@PAX@2@@?$_Tree@V?$_Tmap_traits@V?$basic_string@DU?$char_traits@D@std@@V?$allocator@D@2@@std@@PAVObj@@U?$less@V?$basic_string@DU?$char_traits@D@std@@V?$allocator@D@2@@std@@@2@V?$allocator@U?$pair@$$CBV?$basic_string@DU?$char_traits@D@std@@V?$allocator@D@2@@std@@PAVObj@@@std@@@2@$0A@@std@@@std@@IAE?AV?$_Tree_iterator@V?$_Tree_val@U?$_Tree_simple_types@U?$pair@$$CBV?$basic_string@DU?$char_traits@D@std@@V?$allocator@D@2@@std@@PAVObj@@@std@@@std@@@std@@@1@V?$_Tree_const_iterator@V?$_Tree_val@U?$_Tree_simple_types@U?$pair@$$CBV?$basic_string@DU?$char_traits@D@std@@V?$allocator@D@2@@std@@PAVObj@@@std@@@std@@@std@@@1@AAU?$pair@$$CBV?$basic_string@DU?$char_traits@D@std@@V?$allocator@D@2@@std@@PAVObj@@@1@PAU?$_Tree_node@U?$pair@$$CBV?$basic_string@DU?$char_traits@D@std@@V?$allocator@D@2@@std@@PAVObj@@@std@@PAX@1@@Z 00406800 f i parse.obj
 0001:00005a60       ??$_Insert_nohint@AAU?$pair@$$CBV?$basic_string@DU?$char_traits@D@std@@V?$allocator@D@2@@std@@PAVObj@@@std@@PAU?$_Tree_node@U?$pair@$$CBV?$basic_string@DU?$char_traits@D@std@@V?$allocator@D@2@@std@@PAVObj@@@std@@PAX@2@@?$_Tree@V?$_Tmap_traits@V?$basic_string@DU?$char_traits@D@std@@V?$allocator@D@2@@std@@PAVObj@@U?$less@V?$basic_string@DU?$char_traits@D@std@@V?$allocator@D@2@@std@@@2@V?$allocator@U?$pair@$$CBV?$basic_string@DU?$char_traits@D@std@@V?$allocator@D@2@@std@@PAVObj@@@std@@@2@$0A@@std@@@std@@IAE?AU?$pair@V?$_Tree_iterator@V?$_Tree_val@U?$_Tree_simple_types@U?$pair@$$CBV?$basic_string@DU?$char_traits@D@std@@V?$allocator@D@2@@std@@PAVObj@@@std@@@std@@@std@@@std@@_N@1@_NAAU?$pair@$$CBV?$basic_string@DU?$char_traits@D@std@@V?$allocator@D@2@@std@@PAVObj@@@1@PAU?$_Tree_node@U?$pair@$$CBV?$basic_string@DU?$char_traits@D@std@@V?$allocator@D@2@@std@@PAVObj@@@std@@PAX@1@@Z 00406a60 f i parse.obj
 0001:00005cd0       ??$_Lbound@V?$basic_string@DU?$char_traits@D@std@@V?$allocator@D@2@@std@@@?$_Tree@V?$_Tmap_traits@V?$basic_string@DU?$char_traits@D@std@@V?$allocator@D@2@@std@@PAVObj@@U?$less@V?$basic_string@DU?$char_traits@D@std@@V?$allocator@D@2@@std@@@2@V?$allocator@U?$pair@$$CBV?$basic_string@DU?$char_traits@D@std@@V?$allocator@D@2@@std@@PAVObj@@@std@@@2@$0A@@std@@@std@@IBEPAU?$_Tree_node@U?$pair@$$CBV?$basic_string@DU?$char_traits@D@std@@V?$allocator@D@2@@std@@PAVObj@@@std@@PAX@1@ABV?$basic_string@DU?$char_traits@D@std@@V?$allocator@D@2@@1@@Z 00406cd0 f i parse.obj
 0001:00005db0       ??$_Try_emplace@ABV?$basic_string@DU?$char_traits@D@std@@V?$allocator@D@2@@std@@$$V@?$map@V?$basic_string@DU?$char_traits@D@std@@V?$allocator@D@2@@std@@PAVObj@@U?$less@V?$basic_string@DU?$char_traits@D@std@@V?$allocator@D@2@@std@@@2@V?$allocator@U?$pair@$$CBV?$basic_string@DU?$char_traits@D@std@@V?$allocator@D@2@@std@@PAVObj@@@std@@@2@@std@@QAE?AU?$pair@V?$_Tree_iterator@V?$_Tree_val@U?$_Tree_simple_types@U?$pair@$$CBV?$basic_string@DU?$char_traits@D@std@@V?$allocator@D@2@@std@@PAVObj@@@std@@@std@@@std@@@std@@_N@1@ABV?$basic_string@DU?$char_traits@D@std@@V?$allocator@D@2@@1@@Z 00406db0 f i parse.obj
 0001:00005e60       ??0?$basic_string@DU?$char_traits@D@std@@V?$allocator@D@2@@std@@QAE@PBD@Z 00406e60 f i parse.obj
 0001:00005ec0       ??0?$vector@PAVObj@@V?$allocator@PAVObj@@@std@@@std@@QAE@ABV01@@Z 00406ec0 f i parse.obj
 0001:00005f50       ??0Exception@@QAE@ABV0@@Z  00406f50 f i parse.obj
 0001:00005f80       ??0IdObj@@QAE@ABV?$basic_string@DU?$char_traits@D@std@@V?$allocator@D@2@@std@@@Z 00406f80 f i parse.obj
 0001:00005ff0       ??0NamedObj@@QAE@ABV?$basic_string@DU?$char_traits@D@std@@V?$allocator@D@2@@std@@PAVObj@@@Z 00406ff0 f i parse.obj
 0001:00006060       ??0ObjTypeMismatch@@QAE@ABV0@@Z 00407060 f i parse.obj
 0001:00006090       ??0ObjTypeMismatch@@QAE@V?$basic_string@DU?$char_traits@D@std@@V?$allocator@D@2@@std@@0@Z 00407090 f i parse.obj
 0001:00006340       ??0ParseError@@QAE@ABV0@@Z 00407340 f i parse.obj
 0001:00006370       ??1?$_Tree_comp_alloc@V?$_Tmap_traits@V?$basic_string@DU?$char_traits@D@std@@V?$allocator@D@2@@std@@PAVObj@@U?$less@V?$basic_string@DU?$char_traits@D@std@@V?$allocator@D@2@@std@@@2@V?$allocator@U?$pair@$$CBV?$basic_string@DU?$char_traits@D@std@@V?$allocator@D@2@@std@@PAVObj@@@std@@@2@$0A@@std@@@std@@QAE@XZ 00407370 f i parse.obj
 0001:00006380       ??1?$map@V?$basic_string@DU?$char_traits@D@std@@V?$allocator@D@2@@std@@PAVObj@@U?$less@V?$basic_string@DU?$char_traits@D@std@@V?$allocator@D@2@@std@@@2@V?$allocator@U?$pair@$$CBV?$basic_string@DU?$char_traits@D@std@@V?$allocator@D@2@@std@@PAVObj@@@std@@@2@@std@@QAE@XZ 00407380 f i parse.obj
 0001:000063e0       ??1?$vector@PAVObj@@V?$allocator@PAVObj@@@std@@@std@@QAE@XZ 004073e0 f i parse.obj
 0001:00006420       ??1BooleanObj@@UAE@XZ      00407420 f i parse.obj
 0001:00006430       ??1DictObj@@UAE@XZ         00407430 f i parse.obj
 0001:00006500       ??1IdObj@@UAE@XZ           00407500 f i parse.obj
 0001:00006550       ??1NamedObj@@UAE@XZ        00407550 f i parse.obj
 0001:000065b0       ??1Obj@@UAE@XZ             004075b0 f i parse.obj
 0001:000065c0       ??1ObjTypeMismatch@@QAE@XZ 004075c0 f i parse.obj
 0001:00006600       ??1ScalarObj@@UAE@XZ       00407600 f i parse.obj
 0001:00006610       ??1StringObj@@UAE@XZ       00407610 f i parse.obj
 0001:00006660       ??1TupleObj@@UAE@XZ        00407660 f i parse.obj
 0001:00006710       ??1_Sentry_base@?$basic_ostream@DU?$char_traits@D@std@@@std@@QAE@XZ 00407710 f i parse.obj
 0001:00006760       ??1sentry@?$basic_ostream@DU?$char_traits@D@std@@@std@@QAE@XZ 00407760 f i parse.obj
 0001:000067d0       ??3@YAXPAX0@Z              004077d0 f i parse.obj
 0001:000067e0       ??E?$_Tree_unchecked_const_iterator@V?$_Tree_val@U?$_Tree_simple_types@U?$pair@$$CBV?$basic_string@DU?$char_traits@D@std@@V?$allocator@D@2@@std@@PAVObj@@@std@@@std@@@std@@U_Iterator_base0@2@@std@@QAEAAV01@XZ 004077e0 f i parse.obj
 0001:00006830       ??F?$_Tree_unchecked_const_iterator@V?$_Tree_val@U?$_Tree_simple_types@U?$pair@$$CBV?$basic_string@DU?$char_traits@D@std@@V?$allocator@D@2@@std@@PAVObj@@@std@@@std@@@std@@U_Iterator_base0@2@@std@@QAEAAV01@XZ 00407830 f i parse.obj
 0001:00006890       ??R?$less@V?$basic_string@DU?$char_traits@D@std@@V?$allocator@D@2@@std@@@std@@QBE_NABV?$basic_string@DU?$char_traits@D@std@@V?$allocator@D@2@@1@0@Z 00407890 f i parse.obj
 0001:000068f0       ??_GBooleanObj@@UAEPAXI@Z  004078f0 f i parse.obj
 0001:000068f0       ??_EBooleanObj@@UAEPAXI@Z  004078f0 f i parse.obj
 0001:00006920       ??_EDictObj@@UAEPAXI@Z     00407920 f i parse.obj
 0001:00006920       ??_GDictObj@@UAEPAXI@Z     00407920 f i parse.obj
 0001:00006950       ??_GIdObj@@UAEPAXI@Z       00407950 f i parse.obj
 0001:00006950       ??_EIdObj@@UAEPAXI@Z       00407950 f i parse.obj
 0001:000069b0       ??_ENamedObj@@UAEPAXI@Z    004079b0 f i parse.obj
 0001:000069b0       ??_GNamedObj@@UAEPAXI@Z    004079b0 f i parse.obj
 0001:000069e0       ??_GObj@@UAEPAXI@Z         004079e0 f i parse.obj
 0001:000069e0       ??_EObj@@UAEPAXI@Z         004079e0 f i parse.obj
 0001:00006a10       ??_EScalarObj@@UAEPAXI@Z   00407a10 f i parse.obj
 0001:00006a10       ??_GScalarObj@@UAEPAXI@Z   00407a10 f i parse.obj
 0001:00006a40       ??_GStringObj@@UAEPAXI@Z   00407a40 f i parse.obj
 0001:00006a40       ??_EStringObj@@UAEPAXI@Z   00407a40 f i parse.obj
 0001:00006aa0       ??_GTupleObj@@UAEPAXI@Z    00407aa0 f i parse.obj
 0001:00006aa0       ??_ETupleObj@@UAEPAXI@Z    00407aa0 f i parse.obj
 0001:00006ad0       ?_Assign_rv@?$basic_string@DU?$char_traits@D@std@@V?$allocator@D@2@@std@@QAEX$$QAV12@@Z 00407ad0 f i parse.obj
 0001:00006b40       ?_Buyheadnode@?$_Tree_comp_alloc@V?$_Tmap_traits@V?$basic_string@DU?$char_traits@D@std@@V?$allocator@D@2@@std@@PAVObj@@U?$less@V?$basic_string@DU?$char_traits@D@std@@V?$allocator@D@2@@std@@@2@V?$allocator@U?$pair@$$CBV?$basic_string@DU?$char_traits@D@std@@V?$allocator@D@2@@std@@PAVObj@@@std@@@2@$0A@@std@@@std@@QAEPAU?$_Tree_node@U?$pair@$$CBV?$basic_string@DU?$char_traits@D@std@@V?$allocator@D@2@@std@@PAVObj@@@std@@PAX@2@XZ 00407b40 f i parse.obj
 0001:00006b70       ?_Buynode0@?$_Tree_comp_alloc@V?$_Tmap_traits@V?$basic_string@DU?$char_traits@D@std@@V?$allocator@D@2@@std@@PAVObj@@U?$less@V?$basic_string@DU?$char_traits@D@std@@V?$allocator@D@2@@std@@@2@V?$allocator@U?$pair@$$CBV?$basic_string@DU?$char_traits@D@std@@V?$allocator@D@2@@std@@PAVObj@@@std@@@2@$0A@@std@@@std@@QAEPAU?$_Tree_node@U?$pair@$$CBV?$basic_string@DU?$char_traits@D@std@@V?$allocator@D@2@@std@@PAVObj@@@std@@PAX@2@XZ 00407b70 f i parse.obj
 0001:00006bb0       ?_Chassign@?$basic_string@DU?$char_traits@D@std@@V?$allocator@D@2@@std@@QAEXIID@Z 00407bb0 f i parse.obj
 0001:00006c00       ?_Destroy_if_not_nil@?$_Tree@V?$_Tmap_traits@V?$basic_string@DU?$char_traits@D@std@@V?$allocator@D@2@@std@@PAVObj@@U?$less@V?$basic_string@DU?$char_traits@D@std@@V?$allocator@D@2@@std@@@2@V?$allocator@U?$pair@$$CBV?$basic_string@DU?$char_traits@D@std@@V?$allocator@D@2@@std@@PAVObj@@@std@@@2@$0A@@std@@@std@@IAEXPAU?$_Tree_node@U?$pair@$$CBV?$basic_string@DU?$char_traits@D@std@@V?$allocator@D@2@@std@@PAVObj@@@std@@PAX@2@@Z 00407c00 f i parse.obj
 0001:00006c50       ?_Erase@?$_Tree@V?$_Tmap_traits@V?$basic_string@DU?$char_traits@D@std@@V?$allocator@D@2@@std@@PAVObj@@U?$less@V?$basic_string@DU?$char_traits@D@std@@V?$allocator@D@2@@std@@@2@V?$allocator@U?$pair@$$CBV?$basic_string@DU?$char_traits@D@std@@V?$allocator@D@2@@std@@PAVObj@@@std@@@2@$0A@@std@@@std@@IAEXPAU?$_Tree_node@U?$pair@$$CBV?$basic_string@DU?$char_traits@D@std@@V?$allocator@D@2@@std@@PAVObj@@@std@@PAX@2@@Z 00407c50 f i parse.obj
 0001:00006d00       ?_Lrotate@?$_Tree@V?$_Tmap_traits@V?$basic_string@DU?$char_traits@D@std@@V?$allocator@D@2@@std@@PAVObj@@U?$less@V?$basic_string@DU?$char_traits@D@std@@V?$allocator@D@2@@std@@@2@V?$allocator@U?$pair@$$CBV?$basic_string@DU?$char_traits@D@std@@V?$allocator@D@2@@std@@PAVObj@@@std@@@2@$0A@@std@@@std@@IAEXPAU?$_Tree_node@U?$pair@$$CBV?$basic_string@DU?$char_traits@D@std@@V?$allocator@D@2@@std@@PAVObj@@@std@@PAX@2@@Z 00407d00 f i parse.obj
 0001:00006d60       ?_Reallocate@?$vector@PAVObj@@V?$allocator@PAVObj@@@std@@@std@@IAEXI@Z 00407d60 f i parse.obj
 0001:00006dc0       ?_Reserve@?$vector@PAVObj@@V?$allocator@PAVObj@@@std@@@std@@IAEXI@Z 00407dc0 f i parse.obj
 0001:00006e30       ?_Rrotate@?$_Tree@V?$_Tmap_traits@V?$basic_string@DU?$char_traits@D@std@@V?$allocator@D@2@@std@@PAVObj@@U?$less@V?$basic_string@DU?$char_traits@D@std@@V?$allocator@D@2@@std@@@2@V?$allocator@U?$pair@$$CBV?$basic_string@DU?$char_traits@D@std@@V?$allocator@D@2@@std@@PAVObj@@@std@@@2@$0A@@std@@@std@@IAEXPAU?$_Tree_node@U?$pair@$$CBV?$basic_string@DU?$char_traits@D@std@@V?$allocator@D@2@@std@@PAVObj@@@std@@PAX@2@@Z 00407e30 f i parse.obj
 0001:00006e90       ?allocate@?$allocator@PAVObj@@@std@@QAEPAPAVObj@@I@Z 00407e90 f i parse.obj
 0001:00006f00       ?append@?$basic_string@DU?$char_traits@D@std@@V?$allocator@D@2@@std@@QAEAAV12@ABV12@II@Z 00407f00 f i parse.obj
 0001:00006ff0       ?append@?$basic_string@DU?$char_traits@D@std@@V?$allocator@D@2@@std@@QAEAAV12@ID@Z 00407ff0 f i parse.obj
 0001:000070a0       ?compare@?$char_traits@D@std@@SAHPBD0I@Z 004080a0 f i parse.obj
 0001:00007350       ?erase@?$_Tree@V?$_Tmap_traits@V?$basic_string@DU?$char_traits@D@std@@V?$allocator@D@2@@std@@PAVObj@@U?$less@V?$basic_string@DU?$char_traits@D@std@@V?$allocator@D@2@@std@@@2@V?$allocator@U?$pair@$$CBV?$basic_string@DU?$char_traits@D@std@@V?$allocator@D@2@@std@@PAVObj@@@std@@@2@$0A@@std@@@std@@QAE?AV?$_Tree_iterator@V?$_Tree_val@U?$_Tree_simple_types@U?$pair@$$CBV?$basic_string@DU?$char_traits@D@std@@V?$allocator@D@2@@std@@PAVObj@@@std@@@std@@@std@@@2@V?$_Tree_const_iterator@V?$_Tree_val@U?$_Tree_simple_types@U?$pair@$$CBV?$basic_string@DU?$char_traits@D@std@@V?$allocator@D@2@@std@@PAVObj@@@std@@@std@@@std@@@2@0@Z 00408350 f i parse.obj
 0001:00007440       ?erase@?$_Tree@V?$_Tmap_traits@V?$basic_string@DU?$char_traits@D@std@@V?$allocator@D@2@@std@@PAVObj@@U?$less@V?$basic_string@DU?$char_traits@D@std@@V?$allocator@D@2@@std@@@2@V?$allocator@U?$pair@$$CBV?$basic_string@DU?$char_traits@D@std@@V?$allocator@D@2@@std@@PAVObj@@@std@@@2@$0A@@std@@@std@@QAE?AV?$_Tree_iterator@V?$_Tree_val@U?$_Tree_simple_types@U?$pair@$$CBV?$basic_string@DU?$char_traits@D@std@@V?$allocator@D@2@@std@@PAVObj@@@std@@@std@@@std@@@2@V?$_Tree_const_iterator@V?$_Tree_val@U?$_Tree_simple_types@U?$pair@$$CBV?$basic_string@DU?$char_traits@D@std@@V?$allocator@D@2@@std@@PAVObj@@@std@@@std@@@std@@@2@@Z 00408440 f i parse.obj
 0001:00007730       ?getBoolean@BooleanObj@@UBE_NXZ 00408730 f i parse.obj
 0001:00007740       ?getBoolean@Obj@@UBE_NXZ   00408740 f i parse.obj
 0001:000077d0       ?getChild@NamedObj@@UBEPAVObj@@XZ 004087d0 f i parse.obj
 0001:000077e0       ?getChild@Obj@@UBEPAV1@XZ  004087e0 f i parse.obj
 0001:00007870       ?getDict@DictObj@@UBEABV?$map@V?$basic_string@DU?$char_traits@D@std@@V?$allocator@D@2@@std@@PAVObj@@U?$less@V?$basic_string@DU?$char_traits@D@std@@V?$allocator@D@2@@std@@@2@V?$allocator@U?$pair@$$CBV?$basic_string@DU?$char_traits@D@std@@V?$allocator@D@2@@std@@PAVObj@@@std@@@2@@std@@XZ 00408870 f i parse.obj
 0001:00007880       ?getDict@Obj@@UBEABV?$map@V?$basic_string@DU?$char_traits@D@std@@V?$allocator@D@2@@std@@PAVObj@@U?$less@V?$basic_string@DU?$char_traits@D@std@@V?$allocator@D@2@@std@@@2@V?$allocator@U?$pair@$$CBV?$basic_string@DU?$char_traits@D@std@@V?$allocator@D@2@@std@@PAVObj@@@std@@@2@@std@@XZ 00408880 f i parse.obj
 0001:00007910       ?getID@IdObj@@UBE?AV?$basic_string@DU?$char_traits@D@std@@V?$allocator@D@2@@std@@XZ 00408910 f i parse.obj
 0001:00007950       ?getID@Obj@@UBE?AV?$basic_string@DU?$char_traits@D@std@@V?$allocator@D@2@@std@@XZ 00408950 f i parse.obj
 0001:000079e0       ?getName@NamedObj@@UBE?AV?$basic_string@DU?$char_traits@D@std@@V?$allocator@D@2@@std@@XZ 004089e0 f i parse.obj
 0001:00007a20       ?getName@Obj@@UBE?AV?$basic_string@DU?$char_traits@D@std@@V?$allocator@D@2@@std@@XZ 00408a20 f i parse.obj
 0001:00007ab0       ?getScalar@Obj@@UBENXZ     00408ab0 f i parse.obj
 0001:00007b40       ?getScalar@ScalarObj@@UBENXZ 00408b40 f i parse.obj
 0001:00007b50       ?getString@Obj@@UBE?AV?$basic_string@DU?$char_traits@D@std@@V?$allocator@D@2@@std@@XZ 00408b50 f i parse.obj
 0001:00007be0       ?getString@StringObj@@UBE?AV?$basic_string@DU?$char_traits@D@std@@V?$allocator@D@2@@std@@XZ 00408be0 f i parse.obj
 0001:00007c20       ?getTuple@Obj@@UBEABV?$vector@PAVObj@@V?$allocator@PAVObj@@@std@@@std@@XZ 00408c20 f i parse.obj
 0001:00007cb0       ?getTuple@TupleObj@@UBEABV?$vector@PAVObj@@V?$allocator@PAVObj@@@std@@@std@@XZ 00408cb0 f i parse.obj
 0001:00007cc0       ?getTypeName@BooleanObj@@UBE?AV?$basic_string@DU?$char_traits@D@std@@V?$allocator@D@2@@std@@XZ 00408cc0 f i parse.obj
 0001:00007d00       ?getTypeName@DictObj@@UBE?AV?$basic_string@DU?$char_traits@D@std@@V?$allocator@D@2@@std@@XZ 00408d00 f i parse.obj
 0001:00007d40       ?getTypeName@IdObj@@UBE?AV?$basic_string@DU?$char_traits@D@std@@V?$allocator@D@2@@std@@XZ 00408d40 f i parse.obj
 0001:00007d80       ?getTypeName@NamedObj@@UBE?AV?$basic_string@DU?$char_traits@D@std@@V?$allocator@D@2@@std@@XZ 00408d80 f i parse.obj
 0001:00007dc0       ?getTypeName@Obj@@UBE?AV?$basic_string@DU?$char_traits@D@std@@V?$allocator@D@2@@std@@XZ 00408dc0 f i parse.obj
 0001:00007e00       ?getTypeName@ScalarObj@@UBE?AV?$basic_string@DU?$char_traits@D@std@@V?$allocator@D@2@@std@@XZ 00408e00 f i parse.obj
 0001:00007e40       ?getTypeName@StringObj@@UBE?AV?$basic_string@DU?$char_traits@D@std@@V?$allocator@D@2@@std@@XZ 00408e40 f i parse.obj
 0001:00007e80       ?getTypeName@TupleObj@@UBE?AV?$basic_string@DU?$char_traits@D@std@@V?$allocator@D@2@@std@@XZ 00408e80 f i parse.obj
 0001:00007ec0       ?insert@?$basic_string@DU?$char_traits@D@std@@V?$allocator@D@2@@std@@QAEAAV12@IABV12@II@Z 00408ec0 f i parse.obj
 0001:00008050       ?printOn@BooleanObj@@UBEXAAV?$basic_ostream@DU?$char_traits@D@std@@@std@@@Z 00409050 f i parse.obj
 0001:00008080       ?printOn@DictObj@@UBEXAAV?$basic_ostream@DU?$char_traits@D@std@@@std@@@Z 00409080 f i parse.obj
 0001:00008150       ?printOn@IdObj@@UBEXAAV?$basic_ostream@DU?$char_traits@D@std@@@std@@@Z 00409150 f i parse.obj
 0001:00008170       ?printOn@NamedObj@@UBEXAAV?$basic_ostream@DU?$char_traits@D@std@@@std@@@Z 00409170 f i parse.obj
 0001:000081a0       ?printOn@Obj@@UBEXAAV?$basic_ostream@DU?$char_traits@D@std@@@std@@@Z 004091a0 f i parse.obj
 0001:000081b0       ?printOn@ScalarObj@@UBEXAAV?$basic_ostream@DU?$char_traits@D@std@@@std@@@Z 004091b0 f i parse.obj
 0001:000081d0       ?printOn@StringObj@@UBEXAAV?$basic_ostream@DU?$char_traits@D@std@@@std@@@Z 004091d0 f i parse.obj
 0001:00008200       ?printOn@TupleObj@@UBEXAAV?$basic_ostream@DU?$char_traits@D@std@@@std@@@Z 00409200 f i parse.obj
 0001:000085c0       ?readFile@@YAPAVObj@@AAV?$basic_istream@DU?$char_traits@D@std@@@std@@@Z 004095c0 f   parse.obj
 0001:00008e40       ??$?HDU?$char_traits@D@std@@V?$allocator@D@1@@std@@YA?AV?$basic_string@DU?$char_traits@D@std@@V?$allocator@D@2@@0@$$QAV10@PBD@Z 00409e40 f i read.obj
 0001:00008ea0       ??$_Buynode@ABQAVGeometry@@@?$_List_buy@PAVGeometry@@V?$allocator@PAVGeometry@@@std@@@std@@QAEPAU?$_List_node@PAVGeometry@@PAX@1@PAU21@0ABQAVGeometry@@@Z 00409ea0 f i read.obj
 0001:00008ec0       ??$_Buynode@ABQAVLight@@@?$_List_buy@PAVLight@@V?$allocator@PAVLight@@@std@@@std@@QAEPAU?$_List_node@PAVLight@@PAX@1@PAU21@0ABQAVLight@@@Z 00409ec0 f i read.obj
 0001:00008ee0       ??$_Buynode@ABQAVTransformNode@@@?$_List_buy@PAVTransformNode@@V?$allocator@PAVTransformNode@@@std@@@std@@QAEPAU?$_List_node@PAVTransformNode@@PAX@1@PAU21@0ABQAVTransformNode@@@Z 00409ee0 f i read.obj
 0001:00008f00       ??$_Buynode@ABUpiecewise_construct_t@std@@V?$tuple@ABV?$basic_string@DU?$char_traits@D@std@@V?$allocator@D@2@@std@@@2@V?$tuple@$$V@2@@?$_Tree_comp_alloc@V?$_Tmap_traits@V?$basic_string@DU?$char_traits@D@std@@V?$allocator@D@2@@std@@PAVMaterial@@U?$less@V?$basic_string@DU?$char_traits@D@std@@V?$allocator@D@2@@std@@@2@V?$allocator@U?$pair@$$CBV?$basic_string@DU?$char_traits@D@std@@V?$allocator@D@2@@std@@PAVMaterial@@@std@@@2@$0A@@std@@@std@@QAEPAU?$_Tree_node@U?$pair@$$CBV?$basic_string@DU?$char_traits@D@std@@V?$allocator@D@2@@std@@PAVMaterial@@@std@@PAX@1@ABUpiecewise_construct_t@1@$$QAV?$tuple@ABV?$basic_string@DU?$char_traits@D@std@@V?$allocator@D@2@@std@@@1@$$QAV?$tuple@$$V@1@@Z 00409f00 f i read.obj
 0001:00008fc0       ??$_Insert_at@AAU?$pair@$$CBV?$basic_string@DU?$char_traits@D@std@@V?$allocator@D@2@@std@@PAVMaterial@@@std@@PAU?$_Tree_node@U?$pair@$$CBV?$basic_string@DU?$char_traits@D@std@@V?$allocator@D@2@@std@@PAVMaterial@@@std@@PAX@2@@?$_Tree@V?$_Tmap_traits@V?$basic_string@DU?$char_traits@D@std@@V?$allocator@D@2@@std@@PAVMaterial@@U?$less@V?$basic_string@DU?$char_traits@D@std@@V?$allocator@D@2@@std@@@2@V?$allocator@U?$pair@$$CBV?$basic_string@DU?$char_traits@D@std@@V?$allocator@D@2@@std@@PAVMaterial@@@std@@@2@$0A@@std@@@std@@IAE?AV?$_Tree_iterator@V?$_Tree_val@U?$_Tree_simple_types@U?$pair@$$CBV?$basic_string@DU?$char_traits@D@std@@V?$allocator@D@2@@std@@PAVMaterial@@@std@@@std@@@std@@@1@_NPAU?$_Tree_node@U?$pair@$$CBV?$basic_string@DU?$char_traits@D@std@@V?$allocator@D@2@@std@@PAVMaterial@@@std@@PAX@1@AAU?$pair@$$CBV?$basic_string@DU?$char_traits@D@std@@V?$allocator@D@2@@std@@PAVMaterial@@@1@1@Z 00409fc0 f i read.obj
 0001:00009190       ??$_Insert_hint@AAU?$pair@$$CBV?$basic_string@DU?$char_traits@D@std@@V?$allocator@D@2@@std@@PAVMaterial@@@std@@PAU?$_Tree_node@U?$pair@$$CBV?$basic_string@DU?$char_traits@D@std@@V?$allocator@D@2@@std@@PAVMaterial@@@std@@PAX@2@@?$_Tree@V?$_Tmap_traits@V?$basic_string@DU?$char_traits@D@std@@V?$allocator@D@2@@std@@PAVMaterial@@U?$less@V?$basic_string@DU?$char_traits@D@std@@V?$allocator@D@2@@std@@@2@V?$allocator@U?$pair@$$CBV?$basic_string@DU?$char_traits@D@std@@V?$allocator@D@2@@std@@PAVMaterial@@@std@@@2@$0A@@std@@@std@@IAE?AV?$_Tree_iterator@V?$_Tree_val@U?$_Tree_simple_types@U?$pair@$$CBV?$basic_string@DU?$char_traits@D@std@@V?$allocator@D@2@@std@@PAVMaterial@@@std@@@std@@@std@@@1@V?$_Tree_const_iterator@V?$_Tree_val@U?$_Tree_simple_types@U?$pair@$$CBV?$basic_string@DU?$char_traits@D@std@@V?$allocator@D@2@@std@@PAVMaterial@@@std@@@std@@@std@@@1@AAU?$pair@$$CBV?$basic_string@DU?$char_traits@D@std@@V?$allocator@D@2@@std@@PAVMaterial@@@1@PAU?$_Tree_node@U?$pair@$$CBV?$basic_string@DU?$char_traits@D@std@@V?$allocator@D@2@@std@@PAVMaterial@@@std@@PAX@1@@Z 0040a190 f i read.obj
 0001:000093f0       ??$_Insert_nohint@AAU?$pair@$$CBV?$basic_string@DU?$char_traits@D@std@@V?$allocator@D@2@@std@@PAVMaterial@@@std@@PAU?$_Tree_node@U?$pair@$$CBV?$basic_string@DU?$char_traits@D@std@@V?$allocator@D@2@@std@@PAVMaterial@@@std@@PAX@2@@?$_Tree@V?$_Tmap_traits@V?$basic_string@DU?$char_traits@D@std@@V?$allocator@D@2@@std@@PAVMaterial@@U?$less@V?$basic_string@DU?$char_traits@D@std@@V?$allocator@D@2@@std@@@2@V?$allocator@U?$pair@$$CBV?$basic_string@DU?$char_traits@D@std@@V?$allocator@D@2@@std@@PAVMaterial@@@std@@@2@$0A@@std@@@std@@IAE?AU?$pair@V?$_Tree_iterator@V?$_Tree_val@U?$_Tree_simple_types@U?$pair@$$CBV?$basic_string@DU?$char_traits@D@std@@V?$allocator@D@2@@std@@PAVMaterial@@@std@@@std@@@std@@@std@@_N@1@_NAAU?$pair@$$CBV?$basic_string@DU?$char_traits@D@std@@V?$allocator@D@2@@std@@PAVMaterial@@@1@PAU?$_Tree_node@U?$pair@$$CBV?$basic_string@DU?$char_traits@D@std@@V?$allocator@D@2@@std@@PAVMaterial@@@std@@PAX@1@@Z 0040a3f0 f i read.obj
 0001:00009660       ??$_Lbound@V?$basic_string@DU?$char_traits@D@std@@V?$allocator@D@2@@std@@@?$_Tree@V?$_Tmap_traits@V?$basic_string@DU?$char_traits@D@std@@V?$allocator@D@2@@std@@PAVMaterial@@U?$less@V?$basic_string@DU?$char_traits@D@std@@V?$allocator@D@2@@std@@@2@V?$allocator@U?$pair@$$CBV?$basic_string@DU?$char_traits@D@std@@V?$allocator@D@2@@std@@PAVMaterial@@@std@@@2@$0A@@std@@@std@@IBEPAU?$_Tree_node@U?$pair@$$CBV?$basic_string@DU?$char_traits@D@std@@V?$allocator@D@2@@std@@PAVMaterial@@@std@@PAX@1@ABV?$basic_string@DU?$char_traits@D@std@@V?$allocator@D@2@@1@@Z 0040a660 f i read.obj
 0001:00009740       ??$_Try_emplace@ABV?$basic_string@DU?$char_traits@D@std@@V?$allocator@D@2@@std@@$$V@?$map@V?$basic_string@DU?$char_traits@D@std@@V?$allocator@D@2@@std@@PAVMaterial@@U?$less@V?$basic_string@DU?$char_traits@D@std@@V?$allocator@D@2@@std@@@2@V?$allocator@U?$pair@$$CBV?$basic_string@DU?$char_traits@D@std@@V?$allocator@D@2@@std@@PAVMaterial@@@std@@@2@@std@@QAE?AU?$pair@V?$_Tree_iterator@V?$_Tree_val@U?$_Tree_simple_types@U?$pair@$$CBV?$basic_string@DU?$char_traits@D@std@@V?$allocator@D@2@@std@@PAVMaterial@@@std@@@std@@@std@@@std@@_N@1@ABV?$basic_string@DU?$char_traits@D@std@@V?$allocator@D@2@@1@@Z 0040a740 f i read.obj
 0001:000097f0       ??$endl@DU?$char_traits@D@std@@@std@@YAAAV?$basic_ostream@DU?$char_traits@D@std@@@0@AAV10@@Z 0040a7f0 f i read.obj
 0001:00009820       ??$ends@DU?$char_traits@D@std@@@std@@YAAAV?$basic_ostream@DU?$char_traits@D@std@@@0@AAV10@@Z 0040a820 f i read.obj
 0001:00009840       ??$use_facet@V?$codecvt@DDU_Mbstatet@@@std@@@std@@YAABV?$codecvt@DDU_Mbstatet@@@0@ABVlocale@0@@Z 0040a840 f i read.obj
 0001:00009940       ??0?$basic_ifstream@DU?$char_traits@D@std@@@std@@QAE@PBDHH@Z 0040a940 f i read.obj
 0001:00009a50       ??0?$basic_string@DU?$char_traits@D@std@@V?$allocator@D@2@@std@@QAE@ABV01@@Z 0040aa50 f i read.obj
 0001:00009a80       ??0?$fpos@U_Mbstatet@@@std@@QAE@U_Mbstatet@@_J@Z 0040aa80 f i read.obj
 0001:00009ab0       ??0Scene@@QAE@XZ           0040aab0 f i read.obj
 0001:00009c60       ??0TransformNode@@IAE@PAV0@ABVmat4f@@@Z 0040ac60 f i read.obj
 0001:0000a060       ??0bad_cast@std@@QAE@ABV01@@Z 0040b060 f i read.obj
 0001:0000a0a0       ??0exception@std@@QAE@ABV01@@Z 0040b0a0 f i read.obj
 0001:0000a0d0       ??0mat4f@@QAE@ABVvec4f@@000@Z 0040b0d0 f i read.obj
 0001:0000a1a0       ??0ostrstream@std@@QAE@XZ  0040b1a0 f i read.obj
 0001:0000a290       ??0vec4f@@QAE@XZ           0040b290 f i read.obj
 0001:0000a2a0       ??1?$basic_filebuf@DU?$char_traits@D@std@@@std@@UAE@XZ 0040b2a0 f i read.obj
 0001:0000a320       ??1?$basic_ifstream@DU?$char_traits@D@std@@@std@@UAE@XZ 0040b320 f i read.obj
 0001:0000a3d0       ??1?$list@PAVGeometry@@V?$allocator@PAVGeometry@@@std@@@std@@QAE@XZ 0040b3d0 f i read.obj
 0001:0000a420       ??1?$list@PAVLight@@V?$allocator@PAVLight@@@std@@@std@@QAE@XZ 0040b420 f i read.obj
 0001:0000a470       ??1?$list@PAVTransformNode@@V?$allocator@PAVTransformNode@@@std@@@std@@QAE@XZ 0040b470 f i read.obj
 0001:0000a4c0       ??1?$map@V?$basic_string@DU?$char_traits@D@std@@V?$allocator@D@2@@std@@PAVMaterial@@U?$less@V?$basic_string@DU?$char_traits@D@std@@V?$allocator@D@2@@std@@@2@V?$allocator@U?$pair@$$CBV?$basic_string@DU?$char_traits@D@std@@V?$allocator@D@2@@std@@PAVMaterial@@@std@@@2@@std@@QAE@XZ 0040b4c0 f i read.obj
 0001:0000a520       ??1MaterialSceneObject@@UAE@XZ 0040b520 f i read.obj
 0001:0000a550       ??1SceneElement@@UAE@XZ    0040b550 f i read.obj
 0001:0000a560       ??1TransformNode@@QAE@XZ   0040b560 f i read.obj
 0001:0000a5f0       ??1TransformRoot@@QAE@XZ   0040b5f0 f i read.obj
 0001:0000a600       ??1bad_cast@std@@UAE@XZ    0040b600 f i read.obj
 0001:0000a620       ??1exception@std@@UAE@XZ   0040b620 f i read.obj
 0001:0000a640       ??1locale@std@@QAE@XZ      0040b640 f i read.obj
 0001:0000a690       ??1ostrstream@std@@UAE@XZ  0040b690 f i read.obj
 0001:0000a730       ??1strstreambuf@std@@UAE@XZ 0040b730 f i read.obj
 0001:0000a7a0       ??4?$basic_string@DU?$char_traits@D@std@@V?$allocator@D@2@@std@@QAEAAV01@$$QAV01@@Z 0040b7a0 f i read.obj
 0001:0000a820       ??6@YAAAV?$basic_ostream@DU?$char_traits@D@std@@@std@@AAV01@ABVException@@@Z 0040b820 f i read.obj
 0001:0000a8a0       ??D@YA?AVmat4f@@ABV0@0@Z   0040b8a0 f i read.obj
 0001:0000ad50       ??E?$_Tree_unchecked_const_iterator@V?$_Tree_val@U?$_Tree_simple_types@U?$pair@$$CBV?$basic_string@DU?$char_traits@D@std@@V?$allocator@D@2@@std@@PAVMaterial@@@std@@@std@@@std@@U_Iterator_base0@2@@std@@QAEAAV01@XZ 0040bd50 f i read.obj
 0001:0000ada0       ??F?$_Tree_unchecked_const_iterator@V?$_Tree_val@U?$_Tree_simple_types@U?$pair@$$CBV?$basic_string@DU?$char_traits@D@std@@V?$allocator@D@2@@std@@PAVMaterial@@@std@@@std@@@std@@U_Iterator_base0@2@@std@@QAEAAV01@XZ 0040bda0 f i read.obj
 0001:0000ae00       ??_D?$basic_ifstream@DU?$char_traits@D@std@@@std@@QAEXXZ 0040be00 f i read.obj
 0001:0000ae20       ??_Dostrstream@std@@QAEXXZ 0040be20 f i read.obj
 0001:0000ae34       ??_E?$basic_ifstream@DU?$char_traits@D@std@@@std@@$4PPPPPPPM@A@AEPAXI@Z 0040be34 f i read.obj
 0001:0000ae3c       ??_Eostrstream@std@@$4PPPPPPPM@A@AEPAXI@Z 0040be3c f i read.obj
 0001:0000ae50       ??_E?$basic_filebuf@DU?$char_traits@D@std@@@std@@UAEPAXI@Z 0040be50 f i read.obj
 0001:0000ae50       ??_G?$basic_filebuf@DU?$char_traits@D@std@@@std@@UAEPAXI@Z 0040be50 f i read.obj
 0001:0000aef0       ??_E?$basic_ifstream@DU?$char_traits@D@std@@@std@@UAEPAXI@Z 0040bef0 f i read.obj
 0001:0000aef0       ??_G?$basic_ifstream@DU?$char_traits@D@std@@@std@@UAEPAXI@Z 0040bef0 f i read.obj
 0001:0000af30       ??_EBox@@UAEPAXI@Z         0040bf30 f i read.obj
 0001:0000af30       ??_GBox@@UAEPAXI@Z         0040bf30 f i read.obj
 0001:0000af70       ??_ECone@@UAEPAXI@Z        0040bf70 f i read.obj
 0001:0000af70       ??_GCone@@UAEPAXI@Z        0040bf70 f i read.obj
 0001:0000afc0       ??_ECylinder@@UAEPAXI@Z    0040bfc0 f i read.obj
 0001:0000afc0       ??_GCylinder@@UAEPAXI@Z    0040bfc0 f i read.obj
 0001:0000b000       ??_EDirectionalLight@@UAEPAXI@Z 0040c000 f i read.obj
 0001:0000b000       ??_GDirectionalLight@@UAEPAXI@Z 0040c000 f i read.obj
 0001:0000b030       ??_EGeometry@@UAEPAXI@Z    0040c030 f i read.obj
 0001:0000b030       ??_GGeometry@@UAEPAXI@Z    0040c030 f i read.obj
 0001:0000b060       ??_GLight@@UAEPAXI@Z       0040c060 f i read.obj
 0001:0000b060       ??_ELight@@UAEPAXI@Z       0040c060 f i read.obj
 0001:0000b090       ??_GMaterialSceneObject@@UAEPAXI@Z 0040c090 f i read.obj
 0001:0000b090       ??_EMaterialSceneObject@@UAEPAXI@Z 0040c090 f i read.obj
 0001:0000b0d0       ??_GPointLight@@UAEPAXI@Z  0040c0d0 f i read.obj
 0001:0000b0d0       ??_EPointLight@@UAEPAXI@Z  0040c0d0 f i read.obj
 0001:0000b100       ??_EScene@@UAEPAXI@Z       0040c100 f i read.obj
 0001:0000b100       ??_GScene@@UAEPAXI@Z       0040c100 f i read.obj
 0001:0000b130       ??_GSceneElement@@UAEPAXI@Z 0040c130 f i read.obj
 0001:0000b130       ??_ESceneElement@@UAEPAXI@Z 0040c130 f i read.obj
 0001:0000b160       ??_GSceneObject@@UAEPAXI@Z 0040c160 f i read.obj
 0001:0000b160       ??_ESceneObject@@UAEPAXI@Z 0040c160 f i read.obj
 0001:0000b190       ??_GSphere@@UAEPAXI@Z      0040c190 f i read.obj
 0001:0000b190       ??_ESphere@@UAEPAXI@Z      0040c190 f i read.obj
 0001:0000b1d0       ??_ESquare@@UAEPAXI@Z      0040c1d0 f i read.obj
 0001:0000b1d0       ??_GSquare@@UAEPAXI@Z      0040c1d0 f i read.obj
 0001:0000b210       ??_GTrimesh@@UAEPAXI@Z     0040c210 f i read.obj
 0001:0000b210       ??_ETrimesh@@UAEPAXI@Z     0040c210 f i read.obj
 0001:0000b240       ??_Ebad_cast@std@@UAEPAXI@Z 0040c240 f i read.obj
 0001:0000b240       ??_Gbad_cast@std@@UAEPAXI@Z 0040c240 f i read.obj
 0001:0000b280       ??_Gexception@std@@UAEPAXI@Z 0040c280 f i read.obj
 0001:0000b280       ??_Eexception@std@@UAEPAXI@Z 0040c280 f i read.obj
 0001:0000b2c0       ??_Gostrstream@std@@UAEPAXI@Z 0040c2c0 f i read.obj
 0001:0000b2c0       ??_Eostrstream@std@@UAEPAXI@Z 0040c2c0 f i read.obj
 0001:0000b300       ??_Estrstreambuf@std@@UAEPAXI@Z 0040c300 f i read.obj
 0001:0000b300       ??_Gstrstreambuf@std@@UAEPAXI@Z 0040c300 f i read.obj
 0001:0000b390       ?ComputeBoundingBox@Geometry@@UAEXXZ 0040c390 f i read.obj
 0001:0000b9d0       ?ComputeLocalBoundingBox@Box@@UAE?AVBoundingBox@@XZ 0040c9d0 f i read.obj
 0001:0000ba10       ?ComputeLocalBoundingBox@Cone@@UAE?AVBoundingBox@@XZ 0040ca10 f i read.obj
 0001:0000ba70       ?ComputeLocalBoundingBox@Cylinder@@UAE?AVBoundingBox@@XZ 0040ca70 f i read.obj
 0001:0000bab0       ?ComputeLocalBoundingBox@Geometry@@UAE?AVBoundingBox@@XZ 0040cab0 f i read.obj
 0001:0000bae0       ?ComputeLocalBoundingBox@Sphere@@UAE?AVBoundingBox@@XZ 0040cae0 f i read.obj
 0001:0000bb20       ?ComputeLocalBoundingBox@Square@@UAE?AVBoundingBox@@XZ 0040cb20 f i read.obj
 0001:0000bb70       ?_Buyheadnode@?$_Tree_comp_alloc@V?$_Tmap_traits@V?$basic_string@DU?$char_traits@D@std@@V?$allocator@D@2@@std@@PAVMaterial@@U?$less@V?$basic_string@DU?$char_traits@D@std@@V?$allocator@D@2@@std@@@2@V?$allocator@U?$pair@$$CBV?$basic_string@DU?$char_traits@D@std@@V?$allocator@D@2@@std@@PAVMaterial@@@std@@@2@$0A@@std@@@std@@QAEPAU?$_Tree_node@U?$pair@$$CBV?$basic_string@DU?$char_traits@D@std@@V?$allocator@D@2@@std@@PAVMaterial@@@std@@PAX@2@XZ 0040cb70 f i read.obj
 0001:0000bba0       ?_Buynode0@?$_List_alloc@U?$_List_base_types@PAVGeometry@@V?$allocator@PAVGeometry@@@std@@@std@@@std@@QAEPAU?$_List_node@PAVGeometry@@PAX@2@PAU32@0@Z 0040cba0 f i read.obj
 0001:0000bbe0       ?_Buynode0@?$_List_alloc@U?$_List_base_types@PAVLight@@V?$allocator@PAVLight@@@std@@@std@@@std@@QAEPAU?$_List_node@PAVLight@@PAX@2@PAU32@0@Z 0040cbe0 f i read.obj
 0001:0000bc20       ?_Buynode0@?$_List_alloc@U?$_List_base_types@PAVTransformNode@@V?$allocator@PAVTransformNode@@@std@@@std@@@std@@QAEPAU?$_List_node@PAVTransformNode@@PAX@2@PAU32@0@Z 0040cc20 f i read.obj
 0001:0000bc60       ?_Buynode0@?$_Tree_comp_alloc@V?$_Tmap_traits@V?$basic_string@DU?$char_traits@D@std@@V?$allocator@D@2@@std@@PAVMaterial@@U?$less@V?$basic_string@DU?$char_traits@D@std@@V?$allocator@D@2@@std@@@2@V?$allocator@U?$pair@$$CBV?$basic_string@DU?$char_traits@D@std@@V?$allocator@D@2@@std@@PAVMaterial@@@std@@@2@$0A@@std@@@std@@QAEPAU?$_Tree_node@U?$pair@$$CBV?$basic_string@DU?$char_traits@D@std@@V?$allocator@D@2@@std@@PAVMaterial@@@std@@PAX@2@XZ 0040cc60 f i read.obj
 0001:0000bca0       ?_Destroy_if_not_nil@?$_Tree@V?$_Tmap_traits@V?$basic_string@DU?$char_traits@D@std@@V?$allocator@D@2@@std@@PAVMaterial@@U?$less@V?$basic_string@DU?$char_traits@D@std@@V?$allocator@D@2@@std@@@2@V?$allocator@U?$pair@$$CBV?$basic_string@DU?$char_traits@D@std@@V?$allocator@D@2@@std@@PAVMaterial@@@std@@@2@$0A@@std@@@std@@IAEXPAU?$_Tree_node@U?$pair@$$CBV?$basic_string@DU?$char_traits@D@std@@V?$allocator@D@2@@std@@PAVMaterial@@@std@@PAX@2@@Z 0040cca0 f i read.obj
 0001:0000bcf0       ?_Endwrite@?$basic_filebuf@DU?$char_traits@D@std@@@std@@IAE_NXZ 0040ccf0 f i read.obj
 0001:0000be60       ?_Erase@?$_Tree@V?$_Tmap_traits@V?$basic_string@DU?$char_traits@D@std@@V?$allocator@D@2@@std@@PAVMaterial@@U?$less@V?$basic_string@DU?$char_traits@D@std@@V?$allocator@D@2@@std@@@2@V?$allocator@U?$pair@$$CBV?$basic_string@DU?$char_traits@D@std@@V?$allocator@D@2@@std@@PAVMaterial@@@std@@@2@$0A@@std@@@std@@IAEXPAU?$_Tree_node@U?$pair@$$CBV?$basic_string@DU?$char_traits@D@std@@V?$allocator@D@2@@std@@PAVMaterial@@@std@@PAX@2@@Z 0040ce60 f i read.obj
 0001:0000bf10       ?_Init@?$basic_filebuf@DU?$char_traits@D@std@@@std@@IAEXPAU_iobuf@@W4_Initfl@12@@Z 0040cf10 f i read.obj
 0001:0000bfa0       ?_Lock@?$basic_filebuf@DU?$char_traits@D@std@@@std@@UAEXXZ 0040cfa0 f i read.obj
 0001:0000bfb0       ?_Lrotate@?$_Tree@V?$_Tmap_traits@V?$basic_string@DU?$char_traits@D@std@@V?$allocator@D@2@@std@@PAVMaterial@@U?$less@V?$basic_string@DU?$char_traits@D@std@@V?$allocator@D@2@@std@@@2@V?$allocator@U?$pair@$$CBV?$basic_string@DU?$char_traits@D@std@@V?$allocator@D@2@@std@@PAVMaterial@@@std@@@2@$0A@@std@@@std@@IAEXPAU?$_Tree_node@U?$pair@$$CBV?$basic_string@DU?$char_traits@D@std@@V?$allocator@D@2@@std@@PAVMaterial@@@std@@PAX@2@@Z 0040cfb0 f i read.obj
 0001:0000c010       ?_Reset_back@?$basic_filebuf@DU?$char_traits@D@std@@@std@@AAEXXZ 0040d010 f i read.obj
 0001:0000c040       ?_Rrotate@?$_Tree@V?$_Tmap_traits@V?$basic_string@DU?$char_traits@D@std@@V?$allocator@D@2@@std@@PAVMaterial@@U?$less@V?$basic_string@DU?$char_traits@D@std@@V?$allocator@D@2@@std@@@2@V?$allocator@U?$pair@$$CBV?$basic_string@DU?$char_traits@D@std@@V?$allocator@D@2@@std@@PAVMaterial@@@std@@@2@$0A@@std@@@std@@IAEXPAU?$_Tree_node@U?$pair@$$CBV?$basic_string@DU?$char_traits@D@std@@V?$allocator@D@2@@std@@PAVMaterial@@@std@@PAX@2@@Z 0040d040 f i read.obj
 0001:0000c0a0       ?_Set_back@?$basic_filebuf@DU?$char_traits@D@std@@@std@@AAEXXZ 0040d0a0 f i read.obj
 0001:0000c0e0       ?_Unlock@?$basic_filebuf@DU?$char_traits@D@std@@@std@@UAEXXZ 0040d0e0 f i read.obj
 0001:0000c0f0       ?add@Scene@@QAEXPAVGeometry@@@Z 0040d0f0 f i read.obj
 0001:0000c150       ?add@Scene@@QAEXPAVLight@@@Z 0040d150 f i read.obj
 0001:0000c1a0       ?append@?$basic_string@DU?$char_traits@D@std@@V?$allocator@D@2@@std@@QAEAAV12@PBDI@Z 0040d1a0 f i read.obj
 0001:0000c2c0       ?close@?$basic_filebuf@DU?$char_traits@D@std@@@std@@QAEPAV12@XZ 0040d2c0 f i read.obj
 0001:0000c330       ?createChild@TransformNode@@QAEPAV1@ABVmat4f@@@Z 0040d330 f i read.obj
 0001:0000c3f0       ?erase@?$_Tree@V?$_Tmap_traits@V?$basic_string@DU?$char_traits@D@std@@V?$allocator@D@2@@std@@PAVMaterial@@U?$less@V?$basic_string@DU?$char_traits@D@std@@V?$allocator@D@2@@std@@@2@V?$allocator@U?$pair@$$CBV?$basic_string@DU?$char_traits@D@std@@V?$allocator@D@2@@std@@PAVMaterial@@@std@@@2@$0A@@std@@@std@@QAE?AV?$_Tree_iterator@V?$_Tree_val@U?$_Tree_simple_types@U?$pair@$$CBV?$basic_string@DU?$char_traits@D@std@@V?$allocator@D@2@@std@@PAVMaterial@@@std@@@std@@@std@@@2@V?$_Tree_const_iterator@V?$_Tree_val@U?$_Tree_simple_types@U?$pair@$$CBV?$basic_string@DU?$char_traits@D@std@@V?$allocator@D@2@@std@@PAVMaterial@@@std@@@std@@@std@@@2@0@Z 0040d3f0 f i read.obj
 0001:0000c4e0       ?erase@?$_Tree@V?$_Tmap_traits@V?$basic_string@DU?$char_traits@D@std@@V?$allocator@D@2@@std@@PAVMaterial@@U?$less@V?$basic_string@DU?$char_traits@D@std@@V?$allocator@D@2@@std@@@2@V?$allocator@U?$pair@$$CBV?$basic_string@DU?$char_traits@D@std@@V?$allocator@D@2@@std@@PAVMaterial@@@std@@@2@$0A@@std@@@std@@QAE?AV?$_Tree_iterator@V?$_Tree_val@U?$_Tree_simple_types@U?$pair@$$CBV?$basic_string@DU?$char_traits@D@std@@V?$allocator@D@2@@std@@PAVMaterial@@@std@@@std@@@std@@@2@V?$_Tree_const_iterator@V?$_Tree_val@U?$_Tree_simple_types@U?$pair@$$CBV?$basic_string@DU?$char_traits@D@std@@V?$allocator@D@2@@std@@PAVMaterial@@@std@@@std@@@std@@@2@@Z 0040d4e0 f i read.obj
 0001:0000c7d0       ?find@?$_Tree@V?$_Tmap_traits@V?$basic_string@DU?$char_traits@D@std@@V?$allocator@D@2@@std@@PAVMaterial@@U?$less@V?$basic_string@DU?$char_traits@D@std@@V?$allocator@D@2@@std@@@2@V?$allocator@U?$pair@$$CBV?$basic_string@DU?$char_traits@D@std@@V?$allocator@D@2@@std@@PAVMaterial@@@std@@@2@$0A@@std@@@std@@QBE?AV?$_Tree_const_iterator@V?$_Tree_val@U?$_Tree_simple_types@U?$pair@$$CBV?$basic_string@DU?$char_traits@D@std@@V?$allocator@D@2@@std@@PAVMaterial@@@std@@@std@@@std@@@2@ABV?$basic_string@DU?$char_traits@D@std@@V?$allocator@D@2@@2@@Z 0040d7d0 f i read.obj
 0001:0000c860       ?find@?$_Tree@V?$_Tmap_traits@V?$basic_string@DU?$char_traits@D@std@@V?$allocator@D@2@@std@@PAVObj@@U?$less@V?$basic_string@DU?$char_traits@D@std@@V?$allocator@D@2@@std@@@2@V?$allocator@U?$pair@$$CBV?$basic_string@DU?$char_traits@D@std@@V?$allocator@D@2@@std@@PAVObj@@@std@@@2@$0A@@std@@@std@@QBE?AV?$_Tree_const_iterator@V?$_Tree_val@U?$_Tree_simple_types@U?$pair@$$CBV?$basic_string@DU?$char_traits@D@std@@V?$allocator@D@2@@std@@PAVObj@@@std@@@std@@@std@@@2@ABV?$basic_string@DU?$char_traits@D@std@@V?$allocator@D@2@@2@@Z 0040d860 f i read.obj
 0001:0000cd30       ?getMaterial@MaterialSceneObject@@UBEABVMaterial@@XZ 0040dd30 f i read.obj
 0001:0000cd40       ?getMsg@Exception@@QBE?AV?$basic_string@DU?$char_traits@D@std@@V?$allocator@D@2@@std@@XZ 0040dd40 f i read.obj
 0001:0000cd80       ?getOrder@MaterialSceneObject@@UBEHXZ 0040dd80 f i read.obj
 0001:0000cd90       ?giveOrder@Scene@@QAEXPAVSceneObject@@@Z 0040dd90 f i read.obj
 0001:0000cdb0       ?hasBoundingBoxCapability@Box@@UBE_NXZ 0040ddb0 f i read.obj
 0001:0000cdc0       ?hasBoundingBoxCapability@Cone@@UBE_NXZ 0040ddc0 f i read.obj
 0001:0000cdd0       ?hasBoundingBoxCapability@Cylinder@@UBE_NXZ 0040ddd0 f i read.obj
 0001:0000cde0       ?hasBoundingBoxCapability@Sphere@@UBE_NXZ 0040dde0 f i read.obj
 0001:0000cdf0       ?hasBoundingBoxCapability@Square@@UBE_NXZ 0040ddf0 f i read.obj
 0001:0000ce00       ?hasInterior@MaterialSceneObject@@UBE_NXZ 0040de00 f i read.obj
 0001:0000ce10       ?imbue@?$basic_filebuf@DU?$char_traits@D@std@@@std@@MAEXABVlocale@2@@Z 0040de10 f i read.obj
 0001:0000cf10       ?open@?$basic_filebuf@DU?$char_traits@D@std@@@std@@QAEPAV12@PBDHH@Z 0040df10 f i read.obj
 0001:0000cff0       ?overflow@?$basic_filebuf@DU?$char_traits@D@std@@@std@@MAEHH@Z 0040dff0 f i read.obj
 0001:0000d200       ?overflow@strstreambuf@std@@MAEHH@Z 0040e200 f i read.obj
 0001:0000d3b0       ?pbackfail@?$basic_filebuf@DU?$char_traits@D@std@@@std@@MAEHH@Z 0040e3b0 f i read.obj
 0001:0000d440       ?pbackfail@strstreambuf@std@@MAEHH@Z 0040e440 f i read.obj
 0001:00010310       ?readScene@@YAPAVScene@@AAV?$basic_istream@DU?$char_traits@D@std@@@std@@@Z 00411310 f   read.obj
 0001:000105b0       ?readScene@@YAPAVScene@@ABV?$basic_string@DU?$char_traits@D@std@@V?$allocator@D@2@@std@@@Z 004115b0 f   read.obj
 0001:000106e0       ?rotate@mat4f@@SA?AV1@ABVvec3f@@N@Z 004116e0 f i read.obj
 0001:000108e0       ?seekoff@?$basic_filebuf@DU?$char_traits@D@std@@@std@@MAE?AV?$fpos@U_Mbstatet@@@2@_JHH@Z 004118e0 f i read.obj
 0001:000109e0       ?seekoff@strstreambuf@std@@MAE?AV?$fpos@U_Mbstatet@@@2@_JHH@Z 004119e0 f i read.obj
 0001:00010b40       ?seekpos@?$basic_filebuf@DU?$char_traits@D@std@@@std@@MAE?AV?$fpos@U_Mbstatet@@@2@V32@H@Z 00411b40 f i read.obj
 0001:00010c20       ?seekpos@strstreambuf@std@@MAE?AV?$fpos@U_Mbstatet@@@2@V32@H@Z 00411c20 f i read.obj
 0001:00010d10       ?setMaterial@MaterialSceneObject@@UAEXPAVMaterial@@@Z 00411d10 f i read.obj
 0001:00010d20       ?setOrder@MaterialSceneObject@@UAEXH@Z 00411d20 f i read.obj
 0001:00010d30       ?setbuf@?$basic_filebuf@DU?$char_traits@D@std@@@std@@MAEPAV?$basic_streambuf@DU?$char_traits@D@std@@@2@PAD_J@Z 00411d30 f i read.obj
 0001:00010d80       ?str@ostrstream@std@@QAEPADXZ 00411d80 f i read.obj
 0001:00010dc0       ?sync@?$basic_filebuf@DU?$char_traits@D@std@@@std@@MAEHXZ 00411dc0 f i read.obj
 0001:00010e60       ?uflow@?$basic_filebuf@DU?$char_traits@D@std@@@std@@MAEHXZ 00411e60 f i read.obj
 0001:00011060       ?underflow@?$basic_filebuf@DU?$char_traits@D@std@@@std@@MAEHXZ 00412060 f i read.obj
 0001:000110a0       ?underflow@strstreambuf@std@@MAEHXZ 004120a0 f i read.obj
 0001:00011270       ?what@exception@std@@UBEPBDXZ 00412270 f i read.obj
 0001:00011320       ?inverse@mat3f@@QBE?AV1@XZ 00412320 f   vecmath.obj
 0001:00011720       ?inverse@mat4f@@QBE?AV1@XZ 00412720 f   vecmath.obj
 0001:00011b80       ??0Camera@@QAE@XZ          00412b80 f   camera.obj
 0001:00011c20       ?rayThrough@Camera@@QAEXNNAAVray@@@Z 00412c20 f   camera.obj
 0001:00011d40       ?setAspectRatio@Camera@@QAEXN@Z 00412d40 f   camera.obj
 0001:00011ee0       ?setEye@Camera@@QAEXABVvec3f@@@Z 00412ee0 f   camera.obj
 0001:00011f10       ?setFOV@Camera@@QAEXN@Z    00412f10 f   camera.obj
 0001:000120d0       ?setLook@Camera@@QAEXABVvec3f@@0@Z 004130d0 f   camera.obj
 0001:00012310       ?setLook@Camera@@QAEXNNNN@Z 00413310 f   camera.obj
 0001:000125b0       ?update@Camera@@AAEXXZ     004135b0 f   camera.obj
 0001:00012740       ?distanceAttenuation@DirectionalLight@@UBENABVvec3f@@@Z 00413740 f   light.obj
 0001:00012750       ?distanceAttenuation@PointLight@@UBENABVvec3f@@@Z 00413750 f   light.obj
 0001:00012810       ?getColor@DirectionalLight@@UBE?AVvec3f@@ABV2@@Z 00413810 f   light.obj
 0001:00012830       ?getColor@PointLight@@UBE?AVvec3f@@ABV2@@Z 00413830 f   light.obj
 0001:00012850       ?getDirection@DirectionalLight@@UBE?AVvec3f@@ABV2@@Z 00413850 f   light.obj
 0001:00012880       ?getDirection@PointLight@@UBE?AVvec3f@@ABV2@@Z 00413880 f   light.obj
 0001:00012910       ?shadowAttenuation@DirectionalLight@@UBE?AVvec3f@@ABV2@@Z 00413910 f   light.obj
 0001:00012b60       ?shadowAttenuation@PointLight@@UBE?AVvec3f@@ABV2@@Z 00413b60 f   light.obj
 0001:00012ea0       ?shade@Material@@UBE?AVvec3f@@PAVScene@@ABVray@@ABVisect@@@Z 00413ea0 f   material.obj
 0001:00013470       ?getMaterial@isect@@QBEABVMaterial@@XZ 00414470 f   ray.obj
 0001:00013480       ??0Material@@QAE@ABV0@@Z   00414480 f i scene.obj
 0001:00013580       ??1Scene@@UAE@XZ           00414580 f   scene.obj
 0001:00013760       ??4BoundingBox@@QAEXABV0@@Z 00414760 f   scene.obj
 0001:000137b0       ??4Material@@QAEAAV0@ABV0@@Z 004147b0 f i scene.obj
 0001:000138b0       ??4isect@@QAEAAV0@ABV0@@Z  004148b0 f i scene.obj
 0001:00013950       ?hasBoundingBoxCapability@Geometry@@UBE_NXZ 00414950 f   scene.obj
 0001:00013960       ?initScene@Scene@@QAEXXZ   00414960 f   scene.obj
 0001:00013b30       ?intersect@BoundingBox@@QBE_NABVray@@AAN1@Z 00414b30 f   scene.obj
 0001:00013c40       ?intersect@Geometry@@UBE_NABVray@@AAVisect@@@Z 00414c40 f   scene.obj
 0001:00013f90       ?intersect@Scene@@QBE_NABVray@@AAVisect@@@Z 00414f90 f   scene.obj
 0001:00014320       ?intersectLocal@Geometry@@UBE_NABVray@@AAVisect@@@Z 00415320 f   scene.obj
 0001:00014330       ?intersects@BoundingBox@@QBE_NABV1@@Z 00415330 f   scene.obj
 0001:000143c0       ?intersects@BoundingBox@@QBE_NABVvec3f@@@Z 004153c0 f   scene.obj
 0001:00014440       ?intersectLocal@Box@@UBE_NABVray@@AAVisect@@@Z 00415440 f   Box.obj
 0001:000146f0       ?intersectQuadrilaterals@@YANNNNNABVray@@@Z 004156f0 f   Box.obj
 0001:00014760       ?intersectionParallel@@YA_NNNNNABVray@@@Z 00415760 f   Box.obj
 0001:000147b0       ?intersectBody@Cone@@QBE_NABVray@@AAVisect@@@Z 004157b0 f   Cone.obj
 0001:00014b00       ?intersectCaps@Cone@@QBE_NABVray@@AAVisect@@@Z 00415b00 f   Cone.obj
 0001:00014ca0       ?intersectLocal@Cone@@UBE_NABVray@@AAVisect@@@Z 00415ca0 f   Cone.obj
 0001:00014d70       ?intersectBody@Cylinder@@QBE_NABVray@@AAVisect@@@Z 00415d70 f   Cylinder.obj
 0001:00015050       ?intersectCaps@Cylinder@@QBE_NABVray@@AAVisect@@@Z 00416050 f   Cylinder.obj
 0001:000151b0       ?intersectLocal@Cylinder@@UBE_NABVray@@AAVisect@@@Z 004161b0 f   Cylinder.obj
 0001:00015280       ?intersectLocal@Sphere@@UBE_NABVray@@AAVisect@@@Z 00416280 f   Sphere.obj
 0001:00015470       ?intersectLocal@Square@@UBE_NABVray@@AAVisect@@@Z 00416470 f   Square.obj
 0001:00015540       ??$_Uninitialized_default_fill_n1@PAVvec3f@@IV?$allocator@Vvec3f@@@std@@@std@@YAXPAVvec3f@@IAAU?$_Wrap_alloc@V?$allocator@Vvec3f@@@std@@@0@U?$integral_constant@_N$0A@@0@@Z 00416540 f i trimesh.obj
 0001:00015570       ??$_Uninitialized_move_al_unchecked1@PAVvec3f@@PAV1@V?$allocator@Vvec3f@@@std@@@std@@YAPAVvec3f@@PAV1@00AAU?$_Wrap_alloc@V?$allocator@Vvec3f@@@std@@@0@U_General_ptr_iterator_tag@0@U_Any_tag@0@@Z 00416570 f i trimesh.obj
 0001:000155b0       ??1Trimesh@@UAE@XZ         004165b0 f   trimesh.obj
 0001:00015810       ??D@YA?AVMaterial@@NV0@@Z  00416810 f i trimesh.obj
 0001:000159b0       ??YMaterial@@QAEAAV0@ABV0@@Z 004169b0 f i trimesh.obj
 0001:00015b20       ??_GTrimeshFace@@UAEPAXI@Z 00416b20 f i trimesh.obj
 0001:00015b20       ??_ETrimeshFace@@UAEPAXI@Z 00416b20 f i trimesh.obj
 0001:00015b60       ?ComputeLocalBoundingBox@TrimeshFace@@UAE?AVBoundingBox@@XZ 00416b60 f i trimesh.obj
 0001:00015c80       ?_Reallocate@?$vector@PAVMaterial@@V?$allocator@PAVMaterial@@@std@@@std@@IAEXI@Z 00416c80 f i trimesh.obj
 0001:00015ce0       ?_Reallocate@?$vector@PAVTrimeshFace@@V?$allocator@PAVTrimeshFace@@@std@@@std@@IAEXI@Z 00416ce0 f i trimesh.obj
 0001:00015d40       ?_Reallocate@?$vector@Vvec3f@@V?$allocator@Vvec3f@@@std@@@std@@IAEXI@Z 00416d40 f i trimesh.obj
 0001:00015e20       ?_Reserve@?$vector@PAVMaterial@@V?$allocator@PAVMaterial@@@std@@@std@@IAEXI@Z 00416e20 f i trimesh.obj
 0001:00015e90       ?_Reserve@?$vector@PAVTrimeshFace@@V?$allocator@PAVTrimeshFace@@@std@@@std@@IAEXI@Z 00416e90 f i trimesh.obj
 0001:00015f00       ?_Reserve@?$vector@Vvec3f@@V?$allocator@Vvec3f@@@std@@@std@@IAEXI@Z 00416f00 f i trimesh.obj
 0001:00015fa0       ?_Tidy@?$vector@Vvec3f@@V?$allocator@Vvec3f@@@std@@@std@@IAEXXZ 00416fa0 f i trimesh.obj
 0001:00015ff0       ?addFace@Trimesh@@QAE_NHHH@Z 00416ff0 f   trimesh.obj
 0001:00016110       ?addMaterial@Trimesh@@QAEXPAVMaterial@@@Z 00417110 f   trimesh.obj
 0001:00016130       ?addNormal@Trimesh@@QAEXABVvec3f@@@Z 00417130 f   trimesh.obj
 0001:00016140       ?addVertex@Trimesh@@QAEXABVvec3f@@@Z 00417140 f   trimesh.obj
 0001:00016150       ?allocate@?$allocator@PAVMaterial@@@std@@QAEPAPAVMaterial@@I@Z 00417150 f i trimesh.obj
 0001:000161c0       ?allocate@?$allocator@PAVTrimeshFace@@@std@@QAEPAPAVTrimeshFace@@I@Z 004171c0 f i trimesh.obj
 0001:00016230       ?allocate@?$allocator@Vvec3f@@@std@@QAEPAVvec3f@@I@Z 00417230 f i trimesh.obj
 0001:000162a0       ?doubleCheck@Trimesh@@QAEPADXZ 004172a0 f   trimesh.obj
 0001:00016340       ?generateNormals@Trimesh@@QAEXXZ 00417340 f   trimesh.obj
 0001:000165d0       ?hasBoundingBoxCapability@TrimeshFace@@UBE_NXZ 004175d0 f i trimesh.obj
 0001:000165e0       ?intersectLocal@TrimeshFace@@UBE_NABVray@@AAVisect@@@Z 004175e0 f   trimesh.obj
 0001:00016d20       ?push_back@?$vector@PAVMaterial@@V?$allocator@PAVMaterial@@@std@@@std@@QAEXABQAVMaterial@@@Z 00417d20 f i trimesh.obj
 0001:00016d90       ?push_back@?$vector@PAVTrimeshFace@@V?$allocator@PAVTrimeshFace@@@std@@@std@@QAEXABQAVTrimeshFace@@@Z 00417d90 f i trimesh.obj
 0001:00016e00       ?push_back@?$vector@Vvec3f@@V?$allocator@Vvec3f@@@std@@@std@@QAEXABVvec3f@@@Z 00417e00 f i trimesh.obj
 0001:00016eb0       ?resize@?$vector@Vvec3f@@V?$allocator@Vvec3f@@@std@@@std@@QAEXI@Z 00417eb0 f i trimesh.obj
 0001:00016fb0       ?visual@Fl@@SAHH@Z         00417fb0 f   fltk:Fl_visual.obj
 0001:00017010       ?option@Fl@@SA_NW4Fl_Option@1@@Z 00418010 f   fltk:Fl.obj
 0001:000172a0       ?option@Fl@@SAXW4Fl_Option@1@_N@Z 004182a0 f   fltk:Fl.obj
 0001:000172e0       ?version@Fl@@SANXZ         004182e0 f   fltk:Fl.obj
 0001:000172f0       ?scrollbar_size@Fl@@SAHXZ  004182f0 f   fltk:Fl.obj
 0001:00017300       ?scrollbar_size@Fl@@SAXH@Z 00418300 f   fltk:Fl.obj
 0001:00017310       ?wait@Fl@@SAHXZ            00418310 f   fltk:Fl.obj
 0001:00017360       ?wait@Fl@@SANN@Z           00418360 f   fltk:Fl.obj
 0001:00017390       ?check@Fl@@SAHXZ           00418390 f   fltk:Fl.obj
 0001:000173d0       ?ready@Fl@@SAHXZ           004183d0 f   fltk:Fl.obj
 0001:000173e0       ?run@Fl@@SAHXZ             004183e0 f   fltk:Fl.obj
 0001:00017410       ?add_timeout@Fl@@SAXNP6AXPAX@Z0@Z 00418410 f   fltk:Fl.obj
 0001:00017440       ?repeat_timeout@Fl@@SAXNP6AXPAX@Z0@Z 00418440 f   fltk:Fl.obj
 0001:000175f0       ?has_timeout@Fl@@SAHP6AXPAX@Z0@Z 004185f0 f   fltk:Fl.obj
 0001:00017650       ?remove_timeout@Fl@@SAXP6AXPAX@Z0@Z 00418650 f   fltk:Fl.obj
 0001:000176c0       ?add_check@Fl@@SAXP6AXPAX@Z0@Z 004186c0 f   fltk:Fl.obj
 0001:00017740       ?has_check@Fl@@SAHP6AXPAX@Z0@Z 00418740 f   fltk:Fl.obj
 0001:00017790       ?remove_check@Fl@@SAXP6AXPAX@Z0@Z 00418790 f   fltk:Fl.obj
 0001:00017810       ?add_fd@Fl@@SAXHHP6AXHPAX@Z0@Z 00418810 f   fltk:Fl.obj
 0001:00017ae0       ?add_fd@Fl@@SAXHP6AXHPAX@Z0@Z 00418ae0 f   fltk:Fl.obj
 0001:00017b00       ?remove_fd@Fl@@SAXHH@Z     00418b00 f   fltk:Fl.obj
 0001:00017e00       ?remove_fd@Fl@@SAXH@Z      00418e00 f   fltk:Fl.obj
 0001:00017e20       ?redraw@Fl@@SAXXZ          00418e20 f   fltk:Fl.obj
 0001:00017e50       ?flush@Fl@@SAXXZ           00418e50 f   fltk:Fl.obj
 0001:00017f20       ?first_window@Fl@@SAPAVFl_Window@@XZ 00418f20 f   fltk:Fl.obj
 0001:00017f50       ?first_window@Fl@@SAXPAVFl_Window@@@Z 00418f50 f   fltk:Fl.obj
 0001:00017fa0       ?next_window@Fl@@SAPAVFl_Window@@PBV2@@Z 00418fa0 f   fltk:Fl.obj
 0001:00017fe0       ?get_mouse@Fl@@SAXAAH0@Z   00418fe0 f   fltk:Fl.obj
 0001:00018010       ?event_inside@Fl@@SAHHHHH@Z 00419010 f   fltk:Fl.obj
 0001:00018060       ?event_inside@Fl@@SAHPBVFl_Widget@@@Z 00419060 f   fltk:Fl.obj
 0001:000180e0       ?enable_im@Fl@@SAXXZ       004190e0 f   fltk:Fl.obj
 0001:00018120       ?disable_im@Fl@@SAXXZ      00419120 f   fltk:Fl.obj
 0001:00018160       ?handle@Fl@@SAHHPAVFl_Window@@@Z 00419160 f   fltk:Fl.obj
 0001:000181a0       ?handle_@Fl@@SAHHPAVFl_Window@@@Z 004191a0 f   fltk:Fl.obj
 0001:00018880       ?belowmouse@Fl@@SAXPAVFl_Widget@@@Z 00419880 f   fltk:Fl.obj
 0001:00018920       ?pushed@Fl@@SAXPAVFl_Widget@@@Z 00419920 f   fltk:Fl.obj
 0001:00018930       ?focus@Fl@@SAXPAVFl_Widget@@@Z 00419930 f   fltk:Fl.obj
 0001:00018a30       ?add_handler@Fl@@SAXP6AHH@Z@Z 00419a30 f   fltk:Fl.obj
 0001:00018a70       ?remove_handler@Fl@@SAXP6AHH@Z@Z 00419a70 f   fltk:Fl.obj
 0001:00018af0       ?add_system_handler@Fl@@SAXP6AHPAX0@Z0@Z 00419af0 f   fltk:Fl.obj
 0001:00018b40       ?remove_system_handler@Fl@@SAXP6AHPAX0@Z@Z 00419b40 f   fltk:Fl.obj
 0001:00018bc0       ?event_dispatch@Fl@@SAXP6AHHPAVFl_Window@@@Z@Z 00419bc0 f   fltk:Fl.obj
 0001:00018bd0       ?event_dispatch@Fl@@SAP6AHHPAVFl_Window@@@ZXZ 00419bd0 f   fltk:Fl.obj
 0001:00018be0       ?copy@Fl@@SAXPBDHH0@Z      00419be0 f   fltk:Fl.obj
 0001:00018d10       ?copy@Fl@@SAXPBDHH@Z       00419d10 f   fltk:Fl.obj
 0001:00018d30       ?paste@Fl@@SAXAAVFl_Widget@@HPBD@Z 00419d30 f   fltk:Fl.obj
 0001:00019a20       ?paste@Fl@@SAXAAVFl_Widget@@H@Z 0041aa20 f   fltk:Fl.obj
 0001:00019a40       ?add_clipboard_notify@Fl@@SAXP6AXHPAX@Z0@Z 0041aa40 f   fltk:Fl.obj
 0001:00019aa0       ?remove_clipboard_notify@Fl@@SAXP6AXHPAX@Z@Z 0041aaa0 f   fltk:Fl.obj
 0001:00019b10       ?clipboard_contains@Fl@@SAHPBD@Z 0041ab10 f   fltk:Fl.obj
 0001:00019bc0       ?selection_owner@Fl@@SAXPAVFl_Widget@@@Z 0041abc0 f   fltk:Fl.obj
 0001:00019bd0       ?selection@Fl@@SAXAAVFl_Widget@@PBDH@Z 0041abd0 f   fltk:Fl.obj
 0001:00019bf0       ?paste@Fl@@SAXAAVFl_Widget@@@Z 0041abf0 f   fltk:Fl.obj
 0001:00019c10       ?x@Fl@@SAHXZ               0041ac10 f   fltk:Fl.obj
 0001:00019c50       ?y@Fl@@SAHXZ               0041ac50 f   fltk:Fl.obj
 0001:00019c90       ?w@Fl@@SAHXZ               0041ac90 f   fltk:Fl.obj
 0001:00019cd0       ?h@Fl@@SAHXZ               0041acd0 f   fltk:Fl.obj
 0001:00019d10       ?thread_message@Fl@@SAPAXXZ 0041ad10 f   fltk:Fl.obj
 0001:00019d30       ?delete_widget@Fl@@SAXPAVFl_Widget@@@Z 0041ad30 f   fltk:Fl.obj
 0001:00019e30       ?do_widget_deletion@Fl@@SAXXZ 0041ae30 f   fltk:Fl.obj
 0001:00019eb0       ?watch_widget_pointer@Fl@@SAXAAPAVFl_Widget@@@Z 0041aeb0 f   fltk:Fl.obj
 0001:00019f50       ?release_widget_pointer@Fl@@SAXAAPAVFl_Widget@@@Z 0041af50 f   fltk:Fl.obj
 0001:00019fd0       ?clear_widget_pointer@Fl@@SAXPBVFl_Widget@@@Z 0041afd0 f   fltk:Fl.obj
 0001:0001a040       ??0Fl_Widget_Tracker@@QAE@PAVFl_Widget@@@Z 0041b040 f   fltk:Fl.obj
 0001:0001a070       ??1Fl_Widget_Tracker@@QAE@XZ 0041b070 f   fltk:Fl.obj
 0001:0001a0c0       ?redraw@Fl_Widget@@QAEXXZ  0041b0c0 f   fltk:Fl.obj
 0001:0001a0e0       ?redraw_label@Fl_Widget@@QAEXXZ 0041b0e0 f   fltk:Fl.obj
 0001:0001a6e0       ?damage@Fl_Widget@@QAEXE@Z 0041b6e0 f   fltk:Fl.obj
 0001:0001a7a0       ?damage@Fl_Widget@@QAEXEHHHH@Z 0041b7a0 f   fltk:Fl.obj
 0001:0001a990       ?size_range_@Fl_Window@@AAEXXZ 0041b990 f   fltk:Fl.obj
 0001:0001a9b0       ?fullscreen_x@Fl_Window@@AAEXXZ 0041b9b0 f   fltk:Fl.obj
 0001:0001aa20       ?fullscreen_off_x@Fl_Window@@AAEXHHHH@Z 0041ba20 f   fltk:Fl.obj
 0001:0001ac00       ?flush@Fl_Window@@MAEXXZ   0041bc00 f   fltk:Fl.obj
 0001:0001ac70       ?handle@Fl_Window@@UAEHH@Z 0041bc70 f   fltk:Fl.obj
 0001:0001ade0       ?resize@Fl_Window@@UAEXHHHH@Z 0041bde0 f   fltk:Fl.obj
 0001:0001b0c0       ?label@Fl_Window@@QAEXPBD0@Z 0041c0c0 f   fltk:Fl.obj
 0001:0001b1b0       ?default_icons@Fl_Window@@SAXPAUHICON__@@0@Z 0041c1b0 f   fltk:Fl.obj
 0001:0001b1d0       ?icons@Fl_Window@@QAEXPAUHICON__@@0@Z 0041c1d0 f   fltk:Fl.obj
 0001:0001b230       ?show@Fl_Window@@UAEXXZ    0041c230 f   fltk:Fl.obj
 0001:0001b2f0       ?hide@Fl_Window@@UAEXXZ    0041c2f0 f   fltk:Fl.obj
 0001:0001b750       ?make_current@Fl_Window@@QAEXXZ 0041c750 f   fltk:Fl.obj
 0001:0001b7b0       ?decorated_w@Fl_Window@@QAEHXZ 0041c7b0 f   fltk:Fl.obj
 0001:0001b880       ?decorated_h@Fl_Window@@QAEHXZ 0041c880 f   fltk:Fl.obj
 0001:0001b950       ?XRectangleRegion@@YAPAUHRGN__@@HHHH@Z 0041c950 f   fltk:Fl.obj
 0001:0001ba00       ?fake_X_wm@Fl_X@@SAHPBVFl_Window@@AAH1111@Z 0041ca00 f   fltk:Fl.obj
 0001:0001c130       ?make_fullscreen@Fl_X@@QAEXHHHH@Z 0041d130 f   fltk:Fl.obj
 0001:0001c290       ?set_minmax@Fl_X@@QAEXPAUtagMINMAXINFO@@@Z 0041d290 f   fltk:Fl.obj
 0001:0001c380       ?set_default_icons@Fl_X@@SAXQAPBVFl_RGB_Image@@H@Z 0041d380 f   fltk:Fl.obj
 0001:0001c440       ?set_default_icons@Fl_X@@SAXPAUHICON__@@0@Z 0041d440 f   fltk:Fl.obj
 0001:0001c4b0       ?set_icons@Fl_X@@QAEXXZ    0041d4b0 f   fltk:Fl.obj
 0001:0001c650       ?set_cursor@Fl_X@@QAEHW4Fl_Cursor@@@Z 0041d650 f   fltk:Fl.obj
 0001:0001c7e0       ?set_cursor@Fl_X@@QAEHPBVFl_RGB_Image@@HH@Z 0041d7e0 f   fltk:Fl.obj
 0001:0001c860       ?make@Fl_X@@SAPAV1@PAVFl_Window@@@Z 0041d860 f   fltk:Fl.obj
 0001:0001d500       ?fl_release_dc@@YAXPAUHWND__@@PAUHDC__@@@Z 0041e500 f   fltk:Fl.obj
 0001:0001d5a0       ?fl_save_dc@@YAXPAUHWND__@@PAUHDC__@@@Z 0041e5a0 f   fltk:Fl.obj
 0001:0001d610       ?fl_open_display@@YAXXZ    0041e610 f   fltk:Fl.obj
 0001:0001d640       ?fl_find@@YAPAVFl_Window@@PAUHWND__@@@Z 0041e640 f   fltk:Fl.obj
 0001:0001d6c0       ?fl_GetDC@@YAPAUHDC__@@PAUHWND__@@@Z 0041e6c0 f   fltk:Fl.obj
 0001:0001d760       ?fl_free_fonts@@YAXXZ      0041e760 f   fltk:Fl.obj
 0001:0001d820       ?fl_cleanup_dc_list@@YAXXZ 0041e820 f   fltk:Fl.obj
 0001:0001d8f0       ?fl_clipboard_notify_change@@YAXXZ 0041e8f0 f   fltk:Fl.obj
 0001:0001d970       ?fl_clipboard_notify_empty@@YA_NXZ 0041e970 f   fltk:Fl.obj
 0001:0001d9a0       ?fl_trigger_clipboard_notify@@YAXH@Z 0041e9a0 f   fltk:Fl.obj
 0001:0001d9e0       ?fl_ready@@YAHXZ           0041e9e0 f   fltk:Fl.obj
 0001:0001dac0       ?fl_wait@@YAHN@Z           0041eac0 f   fltk:Fl.obj
 0001:0001ded0       ?fl_send_system_handlers@@YAHPAX@Z 0041eed0 f   fltk:Fl.obj
 0001:0001df30       ?fl_fix_focus@@YAXXZ       0041ef30 f   fltk:Fl.obj
 0001:0001e110       ?fl_throw_focus@@YAXPAVFl_Widget@@@Z 0041f110 f   fltk:Fl.obj
 0001:0001e2e0       ?fl_clipboard_notify_retarget@@YAXPAUHWND__@@@Z 0041f2e0 f   fltk:Fl.obj
 0001:0001e340       ?fl_update_clipboard@@YAXXZ 0041f340 f   fltk:Fl.obj
 0001:0001e450       ?fl_set_status@@YAXHHHH@Z  0041f450 f   fltk:Fl.obj
 0001:0001e460       ?fl_set_spot@@YAXHHHHHHPAVFl_Window@@@Z 0041f460 f   fltk:Fl.obj
 0001:0001e5c0       ?fl_reset_spot@@YAXXZ      0041f5c0 f   fltk:Fl.obj
 0001:0001e5d0       ?print_window@Fl_Paged_Device@@QAEXPAVFl_Window@@HH@Z 0041f5d0 f   fltk:Fl.obj
 0001:0001ec00       ?fl_get_lcid_codepage@@YAIK@Z 0041fc00 f   fltk:Fl.obj
 0001:0001ec60       ?fl_get_codepage@@YAXXZ    0041fc60 f   fltk:Fl.obj
 0001:00020220       ?fl_filename_name@@YAPBDPBD@Z 00421220 f   fltk:Fl.obj
 0001:00020820       ?fl_xid_@@YAPAUHWND__@@PBVFl_Window@@@Z 00421820 f   fltk:Fl.obj
 0001:00020850       ??0Lf2CrlfConvert@@QAE@PBDH@Z 00421850 f i fltk:Fl.obj
 0001:00020a10       ??1Fl_Win32_At_Exit@@QAE@XZ 00421a10 f i fltk:Fl.obj
 0001:00020a80       ??1Lf2CrlfConvert@@QAE@XZ  00421a80 f i fltk:Fl.obj
 0001:00020ab0       ??1NameList@@QAE@XZ        00421ab0 f i fltk:Fl.obj
 0001:00020b10       ??_GFl_Device@@UAEPAXI@Z   00421b10 f i fltk:Fl.obj
 0001:00020b10       ??_EFl_Device@@UAEPAXI@Z   00421b10 f i fltk:Fl.obj
 0001:00020b40       ??_GFl_GDI_Graphics_Driver@@UAEPAXI@Z 00421b40 f i fltk:Fl.obj
 0001:00020b40       ??_EFl_GDI_Graphics_Driver@@UAEPAXI@Z 00421b40 f i fltk:Fl.obj
 0001:00020ba0       ??_EFl_Graphics_Driver@@UAEPAXI@Z 00421ba0 f i fltk:Fl.obj
 0001:00020ba0       ??_GFl_Graphics_Driver@@UAEPAXI@Z 00421ba0 f i fltk:Fl.obj
 0001:00020c00       ??_GFl_Image@@UAEPAXI@Z    00421c00 f i fltk:Fl.obj
 0001:00020c00       ??_EFl_Image@@UAEPAXI@Z    00421c00 f i fltk:Fl.obj
 0001:00020c30       ??_EFl_RGB_Image@@UAEPAXI@Z 00421c30 f i fltk:Fl.obj
[...]
 0003:00002dbc       ?s_imm_module@@3PAUHINSTANCE__@@A 0048ddbc     fltk:Fl.obj
 0003:00002dc0       ?flImmAssociateContextEx@@3P6GHPAUHWND__@@PAUHIMC__@@K@ZA 0048ddc0     fltk:Fl.obj
 0003:00002dc5       ?dnd_flag@@3DA             0048ddc5     fltk:Fl.obj
 0003:00002dc8       ?flImmGetContext@@3P6GPAUHIMC__@@PAUHWND__@@@ZA 0048ddc8     fltk:Fl.obj
 0003:00002dd0       ?flImmSetCompositionWindow@@3P6GHPAUHIMC__@@PAUtagCOMPOSITIONFORM@@@ZA 0048ddd0     fltk:Fl.obj
 0003:00002dd4       ?flImmReleaseContext@@3P6GHPAUHWND__@@PAUHIMC__@@@ZA 0048ddd4     fltk:Fl.obj
 0003:00002dd8       ?sys_handlers@@3PAUsystem_handler_link@@A 0048ddd8     fltk:Fl.obj
 0003:00002ddc       ?track_mouse_win@@3PAVFl_Window@@A 0048dddc     fltk:Fl.obj
 0003:00002de0       ?maxfd@@3HA                0048dde0     fltk:Fl.obj
 0003:00002de4       ?nfds@@3HA                 0048dde4     fltk:Fl.obj
 0003:00002de8       ?fd_array_size@@3HA        0048dde8     fltk:Fl.obj
 0003:00002e14       ?fd@@3PAUFD@@A             0048de14     fltk:Fl.obj
 0003:00002e74       ?default_big_icon@@3PAUHICON__@@A 0048de74     fltk:Fl.obj
 0003:00002e78       ?default_small_icon@@3PAUHICON__@@A 0048de78     fltk:Fl.obj
 0003:00002e7c       ?win_DC_list@@3PAUWin_DC_List@@A 0048de7c     fltk:Fl.obj
 0003:00002e88       ?num_dwidgets@@3HA         0048de88     fltk:Fl.obj
 0003:00002e8c       ?alloc_dwidgets@@3HA       0048de8c     fltk:Fl.obj
 0003:00002e90       ?dwidgets@@3PAPAVFl_Widget@@A 0048de90     fltk:Fl.obj
 0003:00002e94       ?widget_watch@@3PAPAPAVFl_Widget@@A 0048de94     fltk:Fl.obj
 0003:00002e98       ?num_widget_watch@@3HA     0048de98     fltk:Fl.obj
 0003:00002e9c       ?max_widget_watch@@3HA     0048de9c     fltk:Fl.obj
 0003:00002ea8       ?win32_at_exit@@3VFl_Win32_At_Exit@@A 0048dea8     fltk:Fl.obj
 0003:00002eac       ?fl_gdi_display@@3VFl_Display_Device@@A 0048deac     fltk:Fl.obj
 0003:00002eb8       ?fl_gdi_driver@@3VFl_GDI_Graphics_Driver@@A 0048deb8     fltk:Fl.obj
 0003:000035a0       ?first_check@@3PAUCheck@@A 0048e5a0     fltk:Fl.obj
 0003:000035a4       ?next_check@@3PAUCheck@@A  0048e5a4     fltk:Fl.obj
 0003:000035a8       ?free_check@@3PAUCheck@@A  0048e5a8     fltk:Fl.obj
 0003:000035ac       ?thread_message_@@3PAXA    0048e5ac     fltk:Fl.obj
 0003:000035b0       ?fdsets@@3PAUfd_set@@A     0048e5b0     fltk:Fl.obj
 0003:000038bc       ?win32_timers@@3PAUWin32Timer@@A 0048e8bc     fltk:Fl.obj
 0003:000038c0       ?win32_timer_alloc@@3HA    0048e8c0     fltk:Fl.obj
 0003:000038c4       ?win32_timer_used@@3HA     0048e8c4     fltk:Fl.obj
 0003:000038c8       ?s_TimerWnd@@3PAUHWND__@@A 0048e8c8     fltk:Fl.obj
 0003:000038cc       ?resize_bug_fix@@3PAVFl_Window@@A 0048e8cc     fltk:Fl.obj
 0003:000038d0       ?in_idle@?1??fl_wait@@YAHN@Z@4DA 0048e8d0     fltk:Fl.obj
 0003:000038d1       ?beenHereDoneThat@?1??fl_open_display@@YAXXZ@4DA 0048e8d1     fltk:Fl.obj
 0003:000038d4       ?px@?1??mouse_event@@YAHPAVFl_Window@@HHIJ@Z@4HA 0048e8d4     fltk:Fl.obj
 0003:000038d8       ?py@?1??mouse_event@@YAHPAVFl_Window@@HHIJ@Z@4HA 0048e8d8     fltk:Fl.obj
 0003:000038dc       ?pmx@?1??mouse_event@@YAHPAVFl_Window@@HHIJ@Z@4HA 0048e8dc     fltk:Fl.obj
 0003:000038e0       ?pmy@?1??mouse_event@@YAHPAVFl_Window@@HHIJ@Z@4HA 0048e8e0     fltk:Fl.obj
 0003:000038e8       ?vklut@?1??ms2fltk@@YAHIH@Z@4PAGA 0048e8e8     fltk:Fl.obj
 0003:00003ae8       ?extendedlut@?1??ms2fltk@@YAHIH@Z@4PAGA 0048eae8     fltk:Fl.obj
 0003:00003ce8       ?buffer@?DH@??WndProc@@YGJPAUHWND__@@IIJ@Z@4PADA 0048ece8     fltk:Fl.obj
 0003:000040e8       ?delta@?GG@??WndProc@@YGJPAUHWND__@@IIJ@Z@4HA 0048f0e8     fltk:Fl.obj
 0003:000040ec       ?delta@?GJ@??WndProc@@YGJPAUHWND__@@IIJ@Z@4HA 0048f0ec     fltk:Fl.obj
 0003:000040f0       ?class_name_list@?1??make@Fl_X@@SAPAV2@PAVFl_Window@@@Z@4VNameList@@A 0048f0f0     fltk:Fl.obj
 0003:000040fc       ?$TSS0@?1??make@Fl_X@@SAPAV2@PAVFl_Window@@@Z@4HA 0048f0fc     fltk:Fl.obj
 0003:00004100       ?first_class_name@?1??make@Fl_X@@SAPAV2@PAVFl_Window@@@Z@4PBDB 0048f100     fltk:Fl.obj
 0003:00004104       ?avoidRecursion@@3DA       0048f104     fltk:fl_ask.obj
 0003:0000410c       ?message_form@@3PAVFl_Window@@A 0048f10c     fltk:fl_ask.obj
 0003:00004110       ?message@@3PAVFl_Box@@A    0048f110     fltk:fl_ask.obj
 0003:00004114       ?icon@@3PAVFl_Box@@A       0048f114     fltk:fl_ask.obj
 0003:00004118       ?button@@3PAPAVFl_Button@@A 0048f118     fltk:fl_ask.obj
 0003:00004124       ?input@@3PAVFl_Input@@A    0048f124     fltk:fl_ask.obj
 0003:00004128       ?ret_val@@3HA              0048f128     fltk:fl_ask.obj
 0003:0000412c       ?message_title_default@@3PBDB 0048f12c     fltk:fl_ask.obj
 0003:00004140       ?fc@@3PAVFl_File_Chooser@@A 0048f140     fltk:fl_file_dir.obj
 0003:00004144       ?current_callback@@3P6AXPBD@ZA 0048f144     fltk:fl_file_dir.obj
 0003:00004148       ?current_label@@3PBDB      0048f148     fltk:fl_file_dir.obj
 0003:00004150       ?retname@?1??fl_file_chooser@@YAPADPBD00H@Z@4PADA 0048f150     fltk:fl_file_dir.obj
 0003:00004950       ?retname@?1??fl_dir_chooser@@YAPADPBD0H@Z@4PADA 0048f950     fltk:fl_file_dir.obj
 0003:00005150       ?fl_gmi@@3P6GHPAUHMONITOR__@@PAUtagMONITORINFO@@@ZA 00490150     fltk:screen_xywh.obj
 0003:00005158       ?screens@@3PAUtagRECT@@A   00490158     fltk:screen_xywh.obj
 0003:00005258       ?work_area@@3PAUtagRECT@@A 00490258     fltk:screen_xywh.obj
 0003:00005358       ?dpi@@3PAY01MA             00490358     fltk:screen_xywh.obj
 0003:00005408       ?main_thread@@3KA          00490408     fltk:Fl_lock.obj
 0003:00005410       ?measure@@3PAP6AXPBUFl_Label@@AAH1@ZA 00490410     fltk:fl_labeltype.obj
 0003:00005450       ?obj_queue@@3PAPAVFl_Widget@@A 00490450     fltk:Fl_Widget.obj
 0003:000054a0       ?obj_head@@3HA             004904a0     fltk:Fl_Widget.obj
 0003:000054a4       ?obj_tail@@3HA             004904a4     fltk:Fl_Widget.obj
 0003:000054b4       ?window@@3PAVFl_TooltipBox@@A 004904b4     fltk:Fl_Tooltip.obj
 0003:000054bc       ?tip@@3PBDB                004904bc     fltk:Fl_Tooltip.obj
 0003:000054c0       ?Y@@3HA                    004904c0     fltk:Fl_Tooltip.obj
 0003:000054c4       ?H@@3HA                    004904c4     fltk:Fl_Tooltip.obj
 0003:000054c8       ?recent_tooltip@@3DA       004904c8     fltk:Fl_Tooltip.obj
 0003:000054c9       ?recursion@@3DA            004904c9     fltk:Fl_Tooltip.obj
 0003:000054ca       ?beenhere@?1??set_enter_exit_once_@Fl_Tooltip@@CAXXZ@4DA 004904ca     fltk:Fl_Tooltip.obj
 0003:000060d8       ?tmppen@@3PAXA             004910d8     fltk:fl_color.obj
 0003:000060dc       ?savepen@@3PAUHPEN__@@A    004910dc     fltk:fl_color.obj
 0003:000060e0       ?xmap@?1??color@Fl_GDI_Graphics_Driver@@UAEXEEE@Z@4UFl_XMap@@A 004910e0     fltk:fl_color.obj
 0003:000060f0       ?brushes@?1??fl_brush_action@@YAPAUHBRUSH__@@H@Z@4PAUFl_Brush@?1??1@YAPAU2@H@Z@A 004910f0     fltk:fl_color.obj
 0003:000061b0       ?beenhere@?1??fl_select_palette@@YAPAUHPALETTE__@@XZ@4DA 004911b0     fltk:fl_color.obj
 0003:000061b4       ?fl_alpha_blend@@3P6GHPAUHDC__@@HHHH0HHHHUFL_BLENDFUNCTION@@@ZA 004911b4     fltk:Fl_Double_Window.obj
 0003:000061b8       ?been_here@?1??fl_can_do_alpha_blending@@YADXZ@4DA 004911b8     fltk:Fl_Double_Window.obj
 0003:000061b9       ?can_do@?1??fl_can_do_alpha_blending@@YADXZ@4DA 004911b9     fltk:Fl_Double_Window.obj
 0003:0000626c       ?hMod@?1??newUUID@Fl_Preferences@@SAPBDXZ@4PAUHINSTANCE__@@A 0049126c     fltk:Fl_Preferences.obj
 0003:0000627c       ?fl_angle_@@3HA            0049127c     fltk:fl_font.obj
 0003:00006280       ?wstr@@3PAGA               00491280     fltk:fl_font.obj
 0003:00006284       ?wstr_len@@3HA             00491284     fltk:fl_font.obj
 0003:00006288       ?fl_GetGlyphIndices@@3P6GKPAUHDC__@@PB_WHPAGK@ZA 00491288     fltk:fl_font.obj
 0003:0000628c       ?have_loaded_GetGlyphIndices@@3HA 0049128c     fltk:fl_font.obj
 0003:00006290       ?ext_buff@?1??text_extents@Fl_GDI_Graphics_Driver@@UAEXPBDHAAH111@Z@4PAGA 00491290     fltk:fl_font.obj
 0003:00006294       ?w_buff@?1??text_extents@Fl_GDI_Graphics_Driver@@UAEXPBDHAAH111@Z@4PAGA 00491294     fltk:fl_font.obj
 0003:00006298       ?wc_len@?1??text_extents@Fl_GDI_Graphics_Driver@@UAEXPBDHAAH111@Z@4IA 00491298     fltk:fl_font.obj
 0003:000062a8       ?hMod@?1??draw@Fl_GDI_Printer_Graphics_Driver@@UAEXPAVFl_Pixmap@@HHHHHH@Z@4PAUHINSTANCE__@@A 004912a8     fltk:Fl_Pixmap.obj
 0003:000062ac       ?fl_TransparentBlt@?1??draw@Fl_GDI_Printer_Graphics_Driver@@UAEXPAVFl_Pixmap@@HHHHHH@Z@4P6GHPAUHDC__@@HHHH1HHHHI@ZA 004912ac     fltk:Fl_Pixmap.obj
 0003:000062b0       ?fl_TransparentBlt@?1??draw@Fl_GDI_Printer_Graphics_Driver@@UAEXPAVFl_Bitmap@@HHHHHH@Z@4P6GHPAUHDC__@@HHHH1HHHHI@ZA 004912b0     fltk:Fl_Bitmap.obj
 0003:000062b4       ?hMod@?1??draw@Fl_GDI_Printer_Graphics_Driver@@UAEXPAVFl_Bitmap@@HHHHHH@Z@4PAUHINSTANCE__@@A 004912b4     fltk:Fl_Bitmap.obj
 0003:000062b8       ?ri@?1??dither@@YAXPAEPBEHH@Z@4HA 004912b8     fltk:fl_draw_image.obj
 0003:000062bc       ?gi@?1??dither@@YAXPAEPBEHH@Z@4HA 004912bc     fltk:fl_draw_image.obj
 0003:000062c0       ?bi@?1??dither@@YAXPAEPBEHH@Z@4HA 004912c0     fltk:fl_draw_image.obj
 0003:000062c4       ?dir@?1??dither@@YAXPAEPBEHH@Z@4HA 004912c4     fltk:fl_draw_image.obj
 0003:000062c8       ?ri@?1??monodither@@YAXPAEPBEHH@Z@4HA 004912c8     fltk:fl_draw_image.obj
 0003:000062cc       ?dir@?1??monodither@@YAXPAEPBEHH@Z@4HA 004912cc     fltk:fl_draw_image.obj
 0003:000062d0       ?bmibuffer@?1??innards@@YAXPBEHHHHHHHP6AXPAXHHHPAE@Z1@Z@4PAIA 004912d0     fltk:fl_draw_image.obj
 0003:00006700       ?buffer@?1??innards@@YAXPBEHHHHHHHP6AXPAXHHHPAE@Z1@Z@4PAIA 00491700     fltk:fl_draw_image.obj
 0003:00006704       ?buffer_size@?1??innards@@YAXPBEHHHHHHHP6AXPAXHHHPAE@Z1@Z@4JA 00491704     fltk:fl_draw_image.obj
 0003:00006708       ?line_buffer@?1??innards@@YAXPBEHHHHHHHP6AXPAXHHHPAE@Z1@Z@4PAIA 00491708     fltk:fl_draw_image.obj
 0003:0000670c       ?line_buf_size@?CH@??innards@@YAXPBEHHHHHHHP6AXPAXHHHPAE@Z1@Z@4HA 0049170c     fltk:fl_draw_image.obj
 0003:00006718       ?fl_bg_set@@3DA            00491718     fltk:Fl_get_system_colors.obj
 0003:00006719       ?fl_bg2_set@@3DA           00491719     fltk:Fl_get_system_colors.obj
 0003:0000671a       ?fl_fg_set@@3DA            0049171a     fltk:Fl_get_system_colors.obj
 0003:00006728       ?tile@@3VFl_Pixmap@@A      00491728     fltk:Fl_get_system_colors.obj
 0003:00006750       ?e@?1??scheme@Fl@@SAHPBD@Z@4PADA 00491750     fltk:Fl_get_system_colors.obj
 0003:00006b88       ?mbwbuf@@3PA_WA            00491b88     fltk:fl_utf8.obj
 0003:00006b90       ?buf@@3PADA                00491b90     fltk:fl_utf8.obj
 0003:00006b94       ?buf_len@@3HA              00491b94     fltk:fl_utf8.obj
 0003:00006b98       ?wbufa@@3PAGA              00491b98     fltk:fl_utf8.obj
 0003:00006b9c       ?wbuf@@3PA_WA              00491b9c     fltk:fl_utf8.obj
 0003:00006ba0       ?wbuf1@@3PA_WA             00491ba0     fltk:fl_utf8.obj
 0003:00006ba4       ?table@?1??Toupper@@YAHH@Z@4PAGA 00491ba4     fltk:fl_utf8.obj
 0003:00006ba8       ?buf@?1??fl_utf2mbcs@@9@4PADA 00491ba8     fltk:fl_utf8.obj
 0003:00006bac       ?buf@?1??fl_getenv@@9@4PADA 00491bac     fltk:fl_utf8.obj
 0003:00006bb0       ?wbuf@?1??fl_getcwd@@9@4PA_WA 00491bb0     fltk:fl_utf8.obj
 0003:00006bb4       ?buf@?1??fl_shortcut_label@@YAPBDIPAPBD@Z@4PADA 00491bb4     fltk:fl_shortcut.obj
 0003:00006bec       ?l_secret@@3HA             00491bec     fltk:Fl_Input_.obj
 0003:00006bf0       ?undobuffer@@3PADA         00491bf0     fltk:Fl_Input_.obj
 0003:00006bf4       ?undobufferlength@@3HA     00491bf4     fltk:Fl_Input_.obj
 0003:00006bf8       ?undowidget@@3PAVFl_Input_@@A 00491bf8     fltk:Fl_Input_.obj
 0003:00006bfc       ?undoat@@3HA               00491bfc     fltk:Fl_Input_.obj
 0003:00006c00       ?undocut@@3HA              00491c00     fltk:Fl_Input_.obj
 0003:00006c04       ?undoinsert@@3HA           00491c04     fltk:Fl_Input_.obj
 0003:00006c08       ?yankcut@@3HA              00491c08     fltk:Fl_Input_.obj
 0003:00006c0c       ?legal_fp_chars@@3PBDB     00491c0c     fltk:Fl_Input.obj
 0003:00006c10       ?dnd_save_position@?1??handle@Fl_Input@@UAEHH@Z@4HA 00491c10     fltk:Fl_Input.obj
 0003:00006c14       ?dnd_save_mark@?1??handle@Fl_Input@@UAEHH@Z@4HA 00491c14     fltk:Fl_Input.obj
 0003:00006c18       ?newpos@?1??handle@Fl_Input@@UAEHH@Z@4HA 00491c18     fltk:Fl_Input.obj
 0003:00006c1c       ?dnd_save_focus@?1??handle@Fl_Input@@UAEHH@Z@4PAVFl_Widget@@A 00491c1c     fltk:Fl_Input.obj
 0003:00006c24       ?underline_at@@3PADA       00491c24     fltk:fl_draw.obj
 0003:00006c28       ?local_buf@?1??expand_text_@@YAPBDPBDAAPADHNAAHAANHH@Z@4PADA 00491c28     fltk:fl_draw.obj
 0003:00006c2c       ?$TSS0@?1??expand_text_@@YAPBDPBDAAPADHNAAHAANHH@Z@4HA 00491c2c     fltk:fl_draw.obj
 0003:00006c34       ?pressed_menu_button_@@3PAVFl_Menu_Button@@A 00491c34     fltk:Fl_Menu_Button.obj
 0003:00006c38       ?p@@3PAUmenustate@@A       00491c38     fltk:Fl_Menu.obj
 0003:00006c3c       ?button@@3PBVFl_Menu_@@B   00491c3c     fltk:Fl_Menu.obj
 0003:00006c40       ?dummy@?1??popup@Fl_Menu_Item@@QBEPBU2@HHPBDPBU2@PBVFl_Menu_@@@Z@4U2@A 00491c40     fltk:Fl_Menu.obj
 0003:00006c64       ?local_array@@3PAUFl_Menu_Item@@A 00491c64     fltk:Fl_Menu_add.obj
 0003:00006c68       ?local_array_alloc@@3HA    00491c68     fltk:Fl_Menu_add.obj
 0003:00006c6c       ?local_array_size@@3HA     00491c6c     fltk:Fl_Menu_add.obj
 0003:00006c70       ?offcenter@?9??handle@Fl_Slider@@IAEHHHHHH@Z@4HA 00491c70     fltk:Fl_Slider.obj
 0003:00006c74       ?image_new@@3VFl_Bitmap@@A 00491c74     fltk:Fl_File_Chooser.obj
 0003:00006ca8       ?pathname@?1??value@Fl_File_Chooser@@QAEPBDH@Z@4PADA 00491ca8     fltk:Fl_File_Chooser2.obj
 0003:000074b0       ?ncolors@@3HA              004924b0     fltk:fl_draw_pixmap.obj
 0003:000074b4       ?chars_per_pixel@@3HA      004924b4     fltk:fl_draw_pixmap.obj
 0003:000074b8       ?color_count@@3HA          004924b8     fltk:fl_draw_pixmap.obj
 0003:000074bc       ?used_colors@@3PAUUsedColor@@A 004924bc     fltk:fl_draw_pixmap.obj
 0003:000074c0       ?table@?1??XUtf8Toupper@@9@9 004924c0     fltk:case.obj
 0003:000074c8       ?symbols@@3PAUSYMBOL@@A    004924c8     fltk:fl_symbols.obj
 0003:00007eac       ?beenhere@?1??fl_init_symbols@@YAXXZ@4DA 00492eac     fltk:fl_symbols.obj
 0003:00007eb0       ?cursor@?1??set_cursor@@YAXPAVFl_Tile@@W4Fl_Cursor@@@Z@4W43@A 00492eb0     fltk:Fl_Tile.obj
 0003:00007eb4       ?sdrag@?1??handle@Fl_Tile@@UAEHH@Z@4HA 00492eb4     fltk:Fl_Tile.obj
 0003:00007eb8       ?sdx@?1??handle@Fl_Tile@@UAEHH@Z@4HA 00492eb8     fltk:Fl_Tile.obj
 0003:00007ebc       ?sdy@?1??handle@Fl_Tile@@UAEHH@Z@4HA 00492ebc     fltk:Fl_Tile.obj
 0003:00007ec0       ?sx@?1??handle@Fl_Tile@@UAEHH@Z@4HA 00492ec0     fltk:Fl_Tile.obj
 0003:00007ec4       ?sy@?1??handle@Fl_Tile@@UAEHH@Z@4HA 00492ec4     fltk:Fl_Tile.obj
 0003:00007ec8       ?change@?1??handle@Fl_Browser_@@UAEHH@Z@4DA 00492ec8     fltk:Fl_Browser_.obj
 0003:00007ec9       ?whichway@?1??handle@Fl_Browser_@@UAEHH@Z@4DA 00492ec9     fltk:Fl_Browser_.obj
 0003:00007ecc       ?py@?1??handle@Fl_Browser_@@UAEHH@Z@4HA 00492ecc     fltk:Fl_Browser_.obj
 0003:00007ed0       ?inButtonBar@?1??handle@Fl_File_Input@@UAEHH@Z@4DA 00492ed0     fltk:Fl_File_Input.obj
 0003:00007ef0       ?SWAP_TYPE@@3DA            00492ef0     fltkgl:Fl_Gl_Window.obj
 0003:00007ef8       ?ortho_context@?DG@??flush@Fl_Gl_Window@@UAEXXZ@4PAUHGLRC__@@A 00492ef8     fltkgl:Fl_Gl_Window.obj
 0003:00007efc       ?ortho_window@?DG@??flush@Fl_Gl_Window@@UAEXXZ@4PAV2@A 00492efc     fltkgl:Fl_Gl_Window.obj
 0003:00007f00       ?context_list@@3PAPAUHGLRC__@@A 00492f00     fltkgl:Fl_Gl_Choice.obj
 0003:00007f04       ?nContext@@3HA             00492f04     fltkgl:Fl_Gl_Choice.obj
 0003:00007f08       ?NContext@@3HA             00492f08     fltkgl:Fl_Gl_Choice.obj
 0003:00007f0c       ?first@@3PAVFl_Gl_Choice@@A 00492f0c     fltkgl:Fl_Gl_Choice.obj
 0003:00007f10       ?cached_context@@3PAUHGLRC__@@A 00492f10     fltkgl:Fl_Gl_Choice.obj
 0003:00007f14       ?cached_window@@3PAVFl_Window@@A 00492f14     fltkgl:Fl_Gl_Choice.obj
 0003:00007f1c       ?Gl_Device_Plugin@@3VFl_Gl_Device_Plugin@@A 00492f1c     fltkgl:Fl_Gl_Device_Plugin.obj
 0003:00007f24       ?gl_fontsize@@3PAVFl_Font_Descriptor@@A 00492f24     fltkgl:gl_draw.obj
 0003:00007f28       ?buf@?1??gl_draw@@YAXPBDH@Z@4PA_WA 00492f28     fltkgl:gl_draw.obj
 0003:00007f2c       ?l@?1??gl_draw@@YAXPBDH@Z@4HA 00492f2c     fltkgl:gl_draw.obj
 0003:00007f30       _GS_ExceptionRecord        00492f30     MSVCRT:gs_report.obj
 0003:00007f80       _GS_ContextRecord          00492f80     MSVCRT:gs_report.obj
 0003:00008254       ?module_local_atexit_table@@3U_onexit_table_t@@A 00493254     MSVCRT:utility.obj
 0003:00008260       ?module_local_at_quick_exit_table@@3U_onexit_table_t@@A 00493260     MSVCRT:utility.obj
 0003:0000826c       ?is_initialized_as_dll@@3_NA 0049326c     MSVCRT:utility.obj
 0003:00008270       ?_Tss_mutex@@3U_RTL_CRITICAL_SECTION@@A 00493270     MSVCRT:thread_safe_statics.obj
 0003:00008288       ?_Tss_cv@@3U_RTL_CONDITION_VARIABLE@@A 00493288     MSVCRT:thread_safe_statics.obj
 0003:0000828c       ?_Tss_event@@3PAXA         0049328c     MSVCRT:thread_safe_statics.obj
 0003:00008290       ?encoded_sleep_condition_variable_cs@@3P6GHPAU_RTL_CONDITION_VARIABLE@@PAU_RTL_CRITICAL_SECTION@@K@ZA 00493290     MSVCRT:thread_safe_statics.obj
 0003:00008294       ?encoded_wake_all_condition_variable@@3P6GXPAU_RTL_CONDITION_VARIABLE@@@ZA 00493294     MSVCRT:thread_safe_statics.obj
 0003:000082b4       ?_Fac_head@std@@3PAU_Fac_node@1@A 004932b4     msvcprt:locale0_implib.obj
 0003:000082b8       ?_Fac_tidy_reg@std@@3U_Fac_tidy_reg_t@1@B 004932b8     msvcprt:locale0_implib.obj
 0003:000082bc       ?mbwbuf@?1??mbcs2utf@@9@9  004932bc     fltk:fl_call_main.obj
 0004:00000000       __guard_fids__             00494000     MSVCRT:std_type_info_static.obj
 0004:00000004       __guard_fids__             00494004     MSVCRT:exe_winmain.obj
 0004:00000008       __guard_fids__             00494008     MSVCRT:exe_winmain.obj
 0004:0000000c       __guard_fids__             0049400c     MSVCRT:exe_winmain.obj
 0004:00000010       __guard_fids_?pre_c_initialization@@YAHXZ 00494010     MSVCRT:exe_winmain.obj
 0004:00000018       __guard_fids__             00494018     MSVCRT:thread_safe_statics.obj
 0004:0000001c       __guard_fids_?__scrt_initialize_thread_safe_statics@@YAHXZ 0049401c     MSVCRT:thread_safe_statics.obj
 0004:00000020       __guard_fids__             00494020     MSVCRT:throw_bad_alloc.obj
 0004:00000028       __guard_fids__             00494028     MSVCRT:throw_bad_alloc.obj
 0004:00000030       __guard_fids__             00494030     MSVCRT:throw_bad_alloc.obj
 0004:00000034       __guard_fids__             00494034     MSVCRT:throw_bad_alloc.obj
 0004:00000038       __guard_fids__             00494038     MSVCRT:throw_bad_alloc.obj
 0004:0000003c       __guard_fids__             0049403c     MSVCRT:throw_bad_alloc.obj
 0004:00000040       __guard_fids____scrt_set_unhandled_exception_filter 00494040     MSVCRT:utility_desktop.obj
 0004:00000044       __guard_fids___except_handler4 00494044     MSVCRT:_chandler4gs_.obj
 0004:00000048       __guard_fids__             00494048     MSVCRT:guard_support.obj
 0004:0000004c       __guard_fids___guard_icall_checks_enforced 0049404c     MSVCRT:guard_support.obj
 0004:00000050       __guard_fids_??__E_Fac_tidy_reg@std@@YAXXZ 00494050     msvcprt:locale0_implib.obj
 0004:00000054       __guard_fids__             00494054     msvcprt:locale0_implib.obj
 0006:00000060       $R000000                   00496060     * linker generated manifest res *
